WARNING: Loading a SolverResults object with an 'aborted' status, but
containing a solution
/tmp/opencode/venv-fhops101/lib/python3.12/site-packages/fhops/planning/rolling.py:1808: UserWarning: Iteration 0 (days 1-112): empty window: locked 0 assignment(s) producing 0.000 m³ and the window plan delivers 0.000 m³ while 1578930.500 m³ remain in the window's blocks
  return run_rolling_horizon(
{"fhops_version": "1.0.1", "context": "ni", "size": "40", "sub_days": 112, "lock_days": 7, "time_limit_s": 1800, "earliness_time_limit_s": 300, "wall_time_s": 2262.775641679764}
	Command being timed: "/tmp/opencode/venv-fhops101/bin/python scripts/probe_mip_window_v101.py ni 40 --sub 112 --lock 7 --out data/output/rerun_v101_probe/ni_40_sub112_lock7.json"
	User time (seconds): 2236.21
	System time (seconds): 25.65
	Percent of CPU this job got: 99%
	Elapsed (wall clock) time (h:mm:ss or m:ss): 37:50.85
	Average shared text size (kbytes): 0
	Average unshared data size (kbytes): 0
	Average stack size (kbytes): 0
	Average total size (kbytes): 0
	Maximum resident set size (kbytes): 4666412
	Average resident set size (kbytes): 0
	Major (requiring I/O) page faults: 3
	Minor (reclaiming a frame) page faults: 25515975
	Voluntary context switches: 26958
	Involuntary context switches: 109439
	Swaps: 0
	File system inputs: 0
	File system outputs: 5
	Socket messages sent: 0
	Socket messages received: 0
	Signals delivered: 0
	Page size (bytes): 4096
	Exit status: 0
