WARNING: Loading a SolverResults object with an 'aborted' status, but
containing a solution
{"fhops_version": "1.0.1", "context": "pg", "size": "40", "sub_days": 14, "lock_days": 7, "time_limit_s": 1800, "earliness_time_limit_s": 300, "wall_time_s": 2127.4620594978333}
	Command being timed: "/tmp/opencode/venv-fhops101/bin/python scripts/probe_mip_window_v101.py pg 40 --sub 14 --lock 7 --out data/output/rerun_v101_probe/pg_40_sub14_lock7.json"
	User time (seconds): 2108.25
	System time (seconds): 14.21
	Percent of CPU this job got: 99%
	Elapsed (wall clock) time (h:mm:ss or m:ss): 35:29.62
	Average shared text size (kbytes): 0
	Average unshared data size (kbytes): 0
	Average stack size (kbytes): 0
	Average total size (kbytes): 0
	Maximum resident set size (kbytes): 1919504
	Average resident set size (kbytes): 0
	Major (requiring I/O) page faults: 3
	Minor (reclaiming a frame) page faults: 9750415
	Voluntary context switches: 22400
	Involuntary context switches: 86791
	Swaps: 0
	File system inputs: 0
	File system outputs: 3
	Socket messages sent: 0
	Socket messages received: 0
	Signals delivered: 0
	Page size (bytes): 4096
	Exit status: 0
