
Gurobi 13.0.3 (linux64) logging started Sat Oct 10 06:10:21 2026

Set parameter LogFile to value "/home/gep/projects/jaffray-masc-fhops-model/data/output/rerun_v101_calib/ka_40_sub14_lock7.gurobi.log"
Gurobi Optimizer version 13.0.3 build v13.0.3rc0 (linux64 - "Ubuntu 24.04.3 LTS")

CPU model: Intel(R) Xeon(R) Gold 6254 CPU @ 3.10GHz, instruction set [SSE2|AVX|AVX2|AVX512]
Thread count: 36 physical cores, 72 logical processors, using up to 1 threads

Non-default parameters:
TimeLimit  7200
Threads  1

Optimize a model with 77960 rows, 102357 columns and 305776 nonzeros (Max)
Model fingerprint: 0xb77111fa
Model has 1720 linear objective coefficients
Variable types: 58840 continuous, 43517 integer (43517 binary)
Coefficient statistics:
  Matrix range     [1e+00, 1e+05]
  Objective range  [1e+00, 1e+00]
  Bounds range     [1e+00, 1e+00]
  RHS range        [1e+00, 1e+05]

Found heuristic solution: objective -393614.2228
Presolve removed 13244 rows and 14349 columns
Presolve time: 1.09s
Presolved: 64716 rows, 88008 columns, 271093 nonzeros
Variable types: 46952 continuous, 41056 integer (41056 binary)

Root simplex log...

Iteration    Objective       Primal Inf.    Dual Inf.      Time
   19546   -1.6394541e+05   2.588762e+05   0.000000e+00      5s
   33656   -1.6395457e+05   1.204797e+06   0.000000e+00     10s
   46886   -1.6396526e+05   1.031721e+05   0.000000e+00     15s
   48529   -1.6396493e+05   0.000000e+00   0.000000e+00     16s
   48529   -1.6396493e+05   0.000000e+00   0.000000e+00     16s

Use crossover to convert LP symmetric solution to basic solution...

Root crossover log...

    2482 DPushes remaining with DInf 0.0000000e+00                16s
       0 DPushes remaining with DInf 0.0000000e+00                16s

    6153 PPushes remaining with PInf 0.0000000e+00                16s
       0 PPushes remaining with PInf 0.0000000e+00                16s

  Push phase complete: Pinf 0.0000000e+00, Dinf 3.7449109e-11     16s


Root simplex log...

Iteration    Objective       Primal Inf.    Dual Inf.      Time
   55801   -1.6396493e+05   0.000000e+00   0.000000e+00     16s
Crossover time: 0.18 seconds (0.10 work units)
   55801   -1.6396493e+05   0.000000e+00   0.000000e+00     16s

Root relaxation: objective -1.639649e+05, 55801 iterations, 14.88 seconds (13.99 work units)

    Nodes    |    Current Node    |     Objective Bounds      |     Work
 Expl Unexpl |  Obj  Depth IntInf | Incumbent    BestBd   Gap | It/Node Time

     0     0 -163964.93    0  652 -393614.22 -163964.93  58.3%     -   49s
H    0     0                    -199221.5012 -163964.93  17.7%     -   51s
H    0     0                    -196124.0390 -163964.93  16.4%     -   54s
H    0     0                    -189789.4395 -163964.93  13.6%     -   54s
H    0     0                    -189411.7317 -163964.93  13.4%     -   58s
H    0     0                    -188873.4149 -163964.93  13.2%     -   59s
H    0     0                    -188755.0453 -163964.93  13.1%     -   60s
H    0     0                    -180532.7988 -163964.93  9.18%     -   64s
H    0     0                    -180357.9977 -163964.93  9.09%     -   64s
H    0     0                    -180196.8744 -163964.93  9.01%     -   65s
H    0     0                    -180112.0902 -163964.93  8.97%     -   65s
H    0     0                    -179946.8406 -163964.93  8.88%     -   65s
H    0     0                    -179886.3166 -163964.93  8.85%     -   66s
H    0     0                    -178786.2196 -163964.93  8.29%     -   67s
H    0     0                    -178575.4105 -163964.93  8.18%     -   69s
H    0     0                    -178321.7937 -163964.93  8.05%     -   70s
H    0     0                    -178250.6196 -163964.93  8.01%     -   71s
H    0     0                    -178169.3618 -163964.93  7.97%     -   72s
H    0     0                    -177695.6011 -163964.93  7.73%     -   72s
H    0     0                    -177682.4309 -163964.93  7.72%     -   73s
H    0     0                    -177333.6139 -163964.93  7.54%     -   76s
H    0     0                    -176745.2233 -163964.93  7.23%     -   77s
H    0     0                    -176703.4626 -163964.93  7.21%     -   85s
H    0     0                    -176539.9760 -163964.93  7.12%     -   87s
H    0     0                    -176332.5804 -163964.93  7.01%     -   88s
H    0     0                    -176287.2093 -163964.93  6.99%     -   88s
     0     0 -163964.93    0 1106 -176287.21 -163964.93  6.99%     -  122s
H    0     0                    -176258.6073 -163964.93  6.97%     -  127s
H    0     0                    -175784.8467 -163964.93  6.72%     -  127s
H    0     0                    -175533.2319 -163964.93  6.59%     -  128s
H    0     0                    -175520.8571 -163964.93  6.58%     -  129s
H    0     0                    -175494.9090 -163964.93  6.57%     -  131s
H    0     0                    -174878.7906 -163964.93  6.24%     -  147s
H    0     0                    -174635.3584 -163964.93  6.11%     -  150s
     0     0 -163964.93    0 1061 -174635.36 -163964.93  6.11%     -  158s
     0     0 -163964.93    0 1123 -174635.36 -163964.93  6.11%     -  197s
     0     0 -163964.93    0  754 -174635.36 -163964.93  6.11%     -  278s
     0     0 -163964.93    0  787 -174635.36 -163964.93  6.11%     -  290s
     0     0 -163964.93    0  947 -174635.36 -163964.93  6.11%     -  316s
     0     0 -163964.93    0  591 -174635.36 -163964.93  6.11%     -  394s
H    0     0                    -174620.7031 -163964.93  6.10%     -  417s
H    0     0                    -174397.0350 -163964.93  5.98%     -  419s
H    0     0                    -174364.3452 -163964.93  5.96%     -  421s
H    0     0                    -174268.4168 -163964.93  5.91%     -  421s
H    0     0                    -173940.3863 -163964.93  5.73%     -  422s
H    0     0                    -173883.1825 -163964.93  5.70%     -  423s
H    0     0                    -173813.3551 -163964.93  5.67%     -  444s
H    0     0                    -173800.1848 -163964.93  5.66%     -  446s
     0     0 -163964.93    0  625 -173800.18 -163964.93  5.66%     -  471s
     0     0 -163964.93    0  834 -173800.18 -163964.93  5.66%     -  495s
     0     0 -163964.93    0  535 -173800.18 -163964.93  5.66%     -  556s
     0     0 -163964.93    0  547 -173800.18 -163964.93  5.66%     -  564s
     0     0 -163964.93    0  699 -173800.18 -163964.93  5.66%     -  597s
     0     0 -163964.93    0  458 -173800.18 -163964.93  5.66%     -  653s
     0     0 -163964.93    0  521 -173800.18 -163964.93  5.66%     -  661s
     0     0 -163964.93    0  737 -173800.18 -163964.93  5.66%     -  689s
     0     0 -163964.93    0  502 -173800.18 -163964.93  5.66%     -  747s
     0     0 -163964.93    0  596 -173800.18 -163964.93  5.66%     -  758s
     0     0 -163964.93    0  744 -173800.18 -163964.93  5.66%     -  785s
     0     0 -163964.93    0  462 -173800.18 -163964.93  5.66%     -  848s
     0     0 -163964.93    0  462 -173800.18 -163964.93  5.66%     -  848s
     0     0 -163964.93    0  462 -173800.18 -163964.93  5.66%     -  849s
     0     0 -163964.93    0  368 -173800.18 -163964.93  5.66%     -  881s
H    0     0                    -173713.8155 -163964.93  5.61%     - 1045s
H    0     0                    -173685.2135 -163964.93  5.60%     - 1049s
H    0     0                    -173680.7157 -163964.93  5.59%     - 1063s
     0     2 -163964.93    0  368 -173680.72 -163964.93  5.59%     - 1072s
H    1     1                    -173595.2246 -163964.93  5.55%   0.0 1081s
H    1     1                    -173441.0256 -163964.93  5.46%   0.0 1081s
H    1     1                    -173296.1948 -163964.93  5.38%   0.0 1085s
H    1     1                    -173257.6765 -163964.93  5.36%   0.0 1089s
     1     3 -163964.93    1  432 -173257.68 -163964.93  5.36%  2186 1095s
H    2     2                    -173178.7635 -163964.93  5.32%  1093 1109s
H    2     2                    -173131.9987 -163964.93  5.29%  1093 1110s
H    2     2                    -173045.6294 -163964.93  5.25%  1093 1111s
     3     5 -163964.93    2  459 -173045.63 -163964.93  5.25%  4774 1120s
     5     7 -163964.93    3  470 -173045.63 -163964.93  5.25%  3925 1128s
H    6     6                    -173019.0993 -163964.93  5.23%  3271 1194s
     6     8 -163964.93    3  682 -173019.10 -163964.93  5.23%  4690 1289s
H    7     7                    -172940.1863 -163964.93  5.19%  4020 1326s
     7     9 -163964.93    4  532 -172940.19 -163964.93  5.19%  4504 1346s
     8    10 -163964.93    4  596 -172940.19 -163964.93  5.19%  4489 1353s
     9    11 -163964.93    5  672 -172940.19 -163964.93  5.19%  4747 1364s
    10    12 -163964.93    5  634 -172940.19 -163964.93  5.19%  5194 1375s
    13    15 -163964.93    7  601 -172940.19 -163964.93  5.19%  5210 1380s
    17    19 -163964.93    9  578 -172940.19 -163964.93  5.19%  4704 1385s
    20    22 -163964.93   10  552 -172940.19 -163964.93  5.19%  4687 1390s
    24    26 -163964.93   13  573 -172940.19 -163964.93  5.19%  4657 1395s
    27    29 -163964.93   15  583 -172940.19 -163964.93  5.19%  4809 1407s
    30    32 -163964.93   17  570 -172940.19 -163964.93  5.19%  4581 1410s
    34    36 -163964.93   19  585 -172940.19 -163964.93  5.19%  4526 1415s
    37    39 -163964.93   20  566 -172940.19 -163964.93  5.19%  4624 1421s
    38    40 -163964.93   21  594 -172940.19 -163964.93  5.19%  4948 1425s
    42    44 -163964.93   23  571 -172940.19 -163964.93  5.19%  4839 1430s
    45    47 -163964.93   25  668 -172940.19 -163964.93  5.19%  4983 1447s
    46    48 -163964.93   26  651 -172940.19 -163964.93  5.19%  5061 1450s
    50    52 -163964.93   28  631 -172940.19 -163964.93  5.19%  4988 1455s
    55    57 -163964.93   31  622 -172940.19 -163964.93  5.19%  4799 1498s
    56    58 -163964.93   31  624 -172940.19 -163964.93  5.19%  4805 1500s
    60    62 -163964.93   33  624 -172940.19 -163964.93  5.19%  4817 1506s
    63    65 -163964.93   36  599 -172940.19 -163964.93  5.19%  4776 1510s
    64    66 -163964.93   36  662 -172940.19 -163964.93  5.19%  4793 1519s
    65    67 -163964.93   37  671 -172940.19 -163964.93  5.19%  4935 1523s
    66    68 -163964.93   37  638 -172940.19 -163964.93  5.19%  4935 1525s
    68    70 -163964.93   38  618 -172940.19 -163964.93  5.19%  5010 1530s
    69    71 -163964.93   39  658 -172940.19 -163964.93  5.19%  4990 1536s
    74    76 -163964.93   43  641 -172940.19 -163964.93  5.19%  4910 1542s
    78    80 -163964.93   46  602 -172940.19 -163964.93  5.19%  4752 1545s
    83    85 -163964.93   50  628 -172940.19 -163964.93  5.19%  4698 1551s
    87    89 -163964.93   52  602 -172940.19 -163964.93  5.19%  4616 1555s
    92    94 -163964.93   55  581 -172940.19 -163964.93  5.19%  4556 1562s
    96    98 -163964.93   58  599 -172940.19 -163964.93  5.19%  4464 1565s
   102   104 -163964.93   61  585 -172940.19 -163964.93  5.19%  4364 1570s
   107   109 -163964.93   64  572 -172940.19 -163964.93  5.19%  4325 1576s
   110   112 -163964.93   66  609 -172940.19 -163964.93  5.19%  4358 1581s
   111   113 -163964.93   66  638 -172940.19 -163964.93  5.19%  4369 1590s
   118   120 -163964.93   71  588 -172940.19 -163964.93  5.19%  4233 1595s
   123   125 -163964.93   74  563 -172940.19 -163964.93  5.19%  4213 1600s
   128   130 -163964.93   77  591 -172940.19 -163964.93  5.19%  4176 1605s
   134   136 -163964.93   80  583 -172940.19 -163964.93  5.19%  4086 1610s
   141   143 -163964.93   84  556 -172940.19 -163964.93  5.19%  3998 1615s
   147   149 -163964.93   88  577 -172940.19 -163964.93  5.19%  3932 1620s
   152   154 -163964.93   91  567 -172940.19 -163964.93  5.19%  3923 1625s
   157   159 -163964.93   94  547 -172940.19 -163964.93  5.19%  3906 1630s
   162   164 -163964.93   97  573 -172940.19 -163964.93  5.19%  3876 1635s
   169   171 -163964.93  103  555 -172940.19 -163964.93  5.19%  3837 1641s
   174   176 -163964.93  106  581 -172940.19 -163964.93  5.19%  3821 1645s
   179   181 -163964.93  110  558 -172940.19 -163964.93  5.19%  3788 1650s
   185   187 -163964.93  113  547 -172940.19 -163964.93  5.19%  3778 1656s
   192   194 -163964.93  118  555 -172940.19 -163964.93  5.19%  3710 1660s
   198   200 -163964.93  122  551 -172940.19 -163964.93  5.19%  3675 1665s
   204   206 -163964.93  125  559 -172940.19 -163964.93  5.19%  3653 1670s
   211   213 -163964.93  130  585 -172940.19 -163964.93  5.19%  3629 1677s
   214   216 -163964.93  132  542 -172940.19 -163964.93  5.19%  3626 1680s
   223   225 -163964.93  139  556 -172940.19 -163964.93  5.19%  3551 1685s
   230   232 -163964.93  143  585 -172940.19 -163964.93  5.19%  3525 1690s
   237   239 -163964.93  148  574 -172940.19 -163964.93  5.19%  3480 1695s
   243   245 -163964.93  152  586 -172940.19 -163964.93  5.19%  3466 1700s
   251   253 -163964.93  158  575 -172940.19 -163964.93  5.19%  3418 1705s
   254   256 -163964.93  160  541 -172940.19 -163964.93  5.19%  3412 1761s
   258   260 -163964.93  163  547 -172940.19 -163964.93  5.19%  3411 1765s
   263   265 -164242.91  166  555 -172940.19 -163964.93  5.19%  3412 1770s
   269   271 -163964.93  170  608 -172940.19 -163964.93  5.19%  3404 1776s
   273   275 -163964.93  172  587 -172940.19 -163964.93  5.19%  3401 1780s
   279   281 -163964.93  175  613 -172940.19 -163964.93  5.19%  3388 1785s
   285   287 -163964.93  179  584 -172940.19 -163964.93  5.19%  3388 1791s
   290   292 -163964.93  181  576 -172940.19 -163964.93  5.19%  3375 1795s
   296   298 -163964.93  186  559 -172940.19 -163964.93  5.19%  3362 1800s
   302   304 -163964.94  189  575 -172940.19 -163964.93  5.19%  3357 1805s
   309   311 -163964.93  195  562 -172940.19 -163964.93  5.19%  3326 1810s
   314   316 -163964.93  198  542 -172940.19 -163964.93  5.19%  3323 1815s
   321   323 -163964.93  203  624 -172940.19 -163964.93  5.19%  3331 1822s
   325   327 -163964.93  205  546 -172940.19 -163964.93  5.19%  3320 1825s
   334   336 -163964.93  211  555 -172940.19 -163964.93  5.19%  3285 1830s
   340   342 -163964.93  215  539 -172940.19 -163964.93  5.19%  3278 1835s
   347   349 -163964.93  220  562 -172940.19 -163964.93  5.19%  3264 1840s
   354   356 -164082.15  225  544 -172940.19 -163964.93  5.19%  3240 1845s
   360   362 -163964.93  228  538 -172940.19 -163964.93  5.19%  3239 1850s
   367   369 -163964.93  234  527 -172940.19 -163964.93  5.19%  3218 1855s
   373   375 -164222.97  238  522 -172940.19 -163964.93  5.19%  3208 1860s
   380   382 -163964.93  244  523 -172940.19 -163964.93  5.19%  3201 1865s
   386   388 -163964.93  247  553 -172940.19 -163964.93  5.19%  3196 1871s
   392   394 -163964.93  251  560 -172940.19 -163964.93  5.19%  3179 1875s
   398   400 -163964.93  254  576 -172940.19 -163964.93  5.19%  3174 1880s
   404   406 -163964.93  258  634 -172940.19 -163964.93  5.19%  3183 1886s
   409   411 -163964.93  261  562 -172940.19 -163964.93  5.19%  3174 1890s
   416   418 -163964.93  265  567 -172940.19 -163964.93  5.19%  3164 1895s
   422   424 -163964.93  270  578 -172940.19 -163964.93  5.19%  3159 1900s
   428   430 -163964.93  274  532 -172940.19 -163964.93  5.19%  3151 1905s
   435   437 -163964.93  278  512 -172940.19 -163964.93  5.19%  3140 1910s
   442   444 -163964.93  282  572 -172940.19 -163964.93  5.19%  3135 1916s
   447   449 -163964.93  285  542 -172940.19 -163964.93  5.19%  3132 1920s
   454   456 -163964.93  289  558 -172940.19 -163964.93  5.19%  3133 1926s
   459   461 -163964.93  292  519 -172940.19 -163964.93  5.19%  3125 1930s
   467   469 -163964.93  297  529 -172940.19 -163964.93  5.19%  3112 1935s
   476   478 -163964.93  302  510 -172940.19 -163964.93  5.19%  3092 1940s
   483   485 -163964.93  306  525 -172940.19 -163964.93  5.19%  3083 1945s
   489   491 -163964.93  310  521 -172940.19 -163964.93  5.19%  3080 1950s
   495   497 -163964.93  313  535 -172940.19 -163964.93  5.19%  3078 1955s
   502   504 -163964.93  317  566 -172940.19 -163964.93  5.19%  3075 1961s
   508   510 -163964.93  321  572 -172940.19 -163964.93  5.19%  3072 1965s
   514   516 -163964.93  324  597 -172940.19 -163964.93  5.19%  3074 1970s
   521   523 -163964.93  330  592 -172940.19 -163964.93  5.19%  3061 1975s
   530   532 -164064.35  335  572 -172940.19 -163964.93  5.19%  3044 1980s
   538   540 -163964.93  341  588 -172940.19 -163964.93  5.19%  3032 1985s
   545   547 -163964.93  345  591 -172940.19 -163964.93  5.19%  3025 1990s
   553   555 -163964.93  349  568 -172940.19 -163964.93  5.19%  3011 1995s
   560   562 -164304.60  354  564 -172940.19 -163964.93  5.19%  3005 2000s
   567   569 -164119.24  358  602 -172940.19 -163964.93  5.19%  3001 2005s
   575   577 -164222.97  363  584 -172940.19 -163964.93  5.19%  2993 2010s
   582   584 -163964.93  367  559 -172940.19 -163964.93  5.19%  2988 2015s
   590   592 -163964.93  371  566 -172940.19 -163964.93  5.19%  2979 2020s
   600   602 -163964.93  376  573 -172940.19 -163964.93  5.19%  2961 2025s
   607   609 -164054.72  380  569 -172940.19 -163964.93  5.19%  2952 2030s
   616   618 -163964.93  385  591 -172940.19 -163964.93  5.19%  2939 2035s
   622   624 -163964.93  388  594 -172940.19 -163964.93  5.19%  2939 2040s
   630   632 -163964.93  393  594 -172940.19 -163964.93  5.19%  2933 2045s
   637   639 -164242.91  398  604 -172940.19 -163964.93  5.19%  2927 2050s
   644   646 -163964.93  404  609 -172940.19 -163964.93  5.19%  2924 2055s
   651   653 -163964.93  409  590 -172940.19 -163964.93  5.19%  2918 2060s
   656   658 -163964.93  412  643 -172940.19 -163964.93  5.19%  2926 2065s
   663   665 -163964.93  416  613 -172940.19 -163964.93  5.19%  2921 2070s
   669   671 -163964.93  420  593 -172940.19 -163964.93  5.19%  2919 2075s
H  674   674                    -172792.8346 -163964.93  5.11%  2920 2130s
   674   676 -163964.93  424  622 -172792.83 -163964.93  5.11%  2926 2184s
   675   677 -163964.94  424  619 -172792.83 -163964.93  5.11%  2929 2186s
   681   683 -163964.93  427  615 -172792.83 -163964.93  5.11%  2925 2190s
   687   689 -163964.96  430  667 -172792.83 -163964.93  5.11%  2924 2195s
   692   694 -163964.96  433  678 -172792.83 -163964.93  5.11%  2929 2200s
   697   699 -163964.96  436  672 -172792.83 -163964.93  5.11%  2934 2205s
   703   705 -163964.96  440  638 -172792.83 -163964.93  5.11%  2937 2210s
   710   712 -163964.96  445  657 -172792.83 -163964.93  5.11%  2934 2215s
   716   718 -163964.96  449  640 -172792.83 -163964.93  5.11%  2938 2220s
   722   724 -163964.96  452  667 -172792.83 -163964.93  5.11%  2941 2225s
   727   729 -164151.85  455  632 -172792.83 -163964.93  5.11%  2944 2230s
   734   736 -163964.97  460  642 -172792.83 -163964.93  5.11%  2944 2235s
   739   741 -164214.72  464  647 -172792.83 -163964.93  5.11%  2945 2240s
   746   748 -163964.98  468  626 -172792.83 -163964.93  5.11%  2945 2245s
   754   756 -163964.98  473  637 -172792.83 -163964.93  5.11%  2939 2250s
   760   762 -163965.07  476  616 -172792.83 -163964.93  5.11%  2940 2255s
   767   769 -163965.07  480  621 -172792.83 -163964.93  5.11%  2936 2260s
   772   774 -163965.07  483  664 -172792.83 -163964.93  5.11%  2940 2265s
   778   780 -163965.07  487  644 -172792.83 -163964.93  5.11%  2943 2270s
   785   787 -163965.07  492  644 -172792.83 -163964.93  5.11%  2941 2275s
   790   792 -163965.07  495  658 -172792.83 -163964.93  5.11%  2944 2280s
   794   796 -163971.87  497  665 -172792.83 -163964.93  5.11%  2953 2285s
   798   800 -164243.06  499  669 -172792.83 -163964.93  5.11%  2959 2290s
   803   805 -164214.81  502  658 -172792.83 -163964.93  5.11%  2965 2295s
   809   811 -164204.34  506  665 -172792.83 -163964.93  5.11%  2966 2300s
   815   817 -164204.34  511  642 -172792.83 -163964.93  5.11%  2964 2305s
   823   825 -164290.02  519  674 -172792.83 -163964.93  5.11%  2960 2310s
   828   830 -164290.03  523  653 -172792.83 -163964.93  5.11%  2964 2315s
   835   837 -164445.50  529  658 -172792.83 -163964.93  5.11%  2961 2320s
   841   843 -164290.33  534  641 -172792.83 -163964.93  5.11%  2965 2325s
   846   848 -164562.24  538  623 -172792.83 -163964.93  5.11%  2970 2330s
   850   852 -164407.55  541  619 -172792.83 -163964.93  5.11%  2977 2335s
   857   859 -164290.35  547  606 -172792.83 -163964.93  5.11%  2976 2340s
   865   867 -164290.35  552  582 -172792.83 -163964.93  5.11%  2972 2345s
   873   875 -164417.52  558  605 -172792.83 -163964.93  5.11%  2969 2350s
   879   881 -164417.54  562  611 -172792.83 -163964.93  5.11%  2969 2355s
   891   893 -165284.65  570  610 -172792.83 -163964.93  5.11%  2951 2360s
   902   904 -165418.96  577  547 -172792.83 -163964.93  5.11%  2934 2365s
   910   912 -164883.92  584  622 -172792.83 -163964.93  5.11%  2934 2370s
   920   922 -165055.04  591  576 -172792.83 -163964.93  5.11%  2921 2375s
   934   936 -165341.58  601  606 -172792.83 -163964.93  5.11%  2901 2380s
   944   946 -165982.58  611  576 -172792.83 -163964.93  5.11%  2889 2385s
   954   956 -166031.37  617  685 -172792.83 -163964.93  5.11%  2881 2390s
   969   971 -166034.70  628  635 -172792.83 -163964.93  5.11%  2855 2395s
   982   984 -166706.93  638  596 -172792.83 -163964.93  5.11%  2838 2400s
  1006  1008 -166197.72  653  569 -172792.83 -163964.93  5.11%  2787 2405s
  1018  1020 -166200.07  661  590 -172792.83 -163964.93  5.11%  2776 2410s
  1046  1048 -166226.34  684  496 -172792.83 -163964.93  5.11%  2716 2415s
  1080  1082 -166447.69  705  466 -172792.83 -163964.93  5.11%  2642 2420s
  1114  1116 -167990.99  732  394 -172792.83 -163964.93  5.11%  2575 2425s
  1156  1158 -168710.97  761  366 -172792.83 -163964.93  5.11%  2487 2430s
  1189  1191 -168710.97  784  334 -172792.83 -163964.93  5.11%  2432 2435s
  1232  1234 -170734.99  812  316 -172792.83 -163964.93  5.11%  2353 2440s
  1276  1278 -170937.37  850  274 -172792.83 -163964.93  5.11%  2277 2445s
  1318  1320 -170937.37  884  289 -172792.83 -163964.93  5.11%  2212 2450s
  1356  1358 -171248.43  915  241 -172792.83 -163964.93  5.11%  2158 2455s
  1398  1391 -172524.18  946  224 -172792.83 -163964.93  5.11%  2097 2460s
H 1415  1394                    -172638.4831 -163964.93  5.02%  2075 2494s
H 1415  1394                    -172578.8522 -163964.93  4.99%  2075 2494s
  1416  1395 -165431.30  598  368 -172578.85 -163964.93  4.99%  2073 2772s
H 1417  1326                    -172558.1153 -163964.93  4.98%  2072 2956s
  1418  1326 -165326.97  592  728 -172558.12 -163964.93  4.98%  2070 2991s
  1419  1327 -164242.91  345  612 -172558.12 -163964.93  4.98%  2069 3218s
  1420  1328 -163964.98  475  632 -172558.12 -163964.93  4.98%  2067 3235s
H 1420  1261                    -172494.9190 -163964.93  4.95%  2067 3306s
H 1420  1198                    -172480.6210 -163964.93  4.94%  2067 3307s
H 1420  1138                    -172474.9217 -163964.93  4.93%  2067 3309s
H 1420  1081                    -172420.5770 -163964.93  4.90%  2067 3310s
  1422  1082 -164373.95  369  758 -172420.58 -163964.93  4.90%  2064 3342s
  1423  1083 -163964.93  225  624 -172420.58 -163964.93  4.90%  2063 3459s
  1424  1083 -164417.54  563  841 -172420.58 -163964.93  4.90%  2061 3498s
  1425  1084 -163964.93  112 1028 -172420.58 -163964.93  4.90%  2060 3819s
  1426  1085 -164373.95  271 1377 -172420.58 -163966.34  4.90%  2059 3935s
  1427  1085 -164242.91  399 1356 -172420.58 -163966.34  4.90%  2057 3950s
H 1427  1031                    -172348.2961 -163966.34  4.86%  2057 4156s
  1428  1032 -163966.34  252 1321 -172348.30 -163966.34  4.86%  2056 4189s
  1429  1033 -163966.34  259 1254 -172348.30 -163966.34  4.86%  2054 4208s
  1430  1033 -163966.34  163 1283 -172348.30 -163966.34  4.86%  2053 4523s
  1431  1034 -163966.34   85 1328 -172348.30 -163966.34  4.86%  2051 4556s
  1432  1035 -163966.34  324 1233 -172348.30 -163966.34  4.86%  2050 4822s
  1433  1035 -163966.34  253 1374 -172348.30 -163966.34  4.86%  2048 4853s
  1434  1036 -163966.34  151 1446 -172348.30 -163966.34  4.86%  2047 5064s
  1435  1037 -163968.53  301 1475 -172348.30 -163968.53  4.86%  2046 5129s
  1436  1037 -163968.53   77 1432 -172348.30 -163968.53  4.86%  2044 5142s
  1437  1038 -163968.53  247 1489 -172348.30 -163968.53  4.86%  2043 5280s
  1438  1039 -164407.55  534 1497 -172348.30 -163968.53  4.86%  2041 5313s
H 1438   986                    -172302.8221 -163968.53  4.84%  2041 5565s
H 1438   937                    -172270.8258 -163968.53  4.82%  2041 5600s
  1439   937 -170937.37  829 1303 -172270.83 -163968.53  4.82%  2040 5616s
  1440   938 -163968.53  119 1454 -172270.83 -163968.53  4.82%  2038 5648s
  1441   939 -166200.10  656 1538 -172270.83 -163968.53  4.82%  2037 5823s
  1442   939 -163968.53   93 1577 -172270.83 -163968.53  4.82%  2036 5852s
  1443   940 -169551.00  804 1512 -172270.83 -163968.53  4.82%  2034 6011s
  1444   941 -166100.46  604 1495 -172270.83 -163968.53  4.82%  2033 6053s
  1445   941 -164204.37  507 1513 -172270.83 -163968.53  4.82%  2031 6223s
  1446   942 -164290.35  543 1490 -172270.83 -163968.53  4.82%  2030 6257s
  1447   943 -166958.24  649 1528 -172270.83 -163968.53  4.82%  2029 6403s
  1448   943 -163968.53   42 1366 -172270.83 -163968.53  4.82%  2027 6622s

Cutting planes:
  Learned: 24
  Gomory: 39
  Lift-and-project: 2
  Cover: 90
  Implied bound: 95
  MIR: 251
  Flow cover: 545
  Zero half: 1
  Network: 1
  RLT: 2

Explored 1448 nodes (6262071 simplex iterations) in 7200.02 seconds (6887.38 work units)
Thread count was 1 (of 72 available processors)

Solution count 10: -172271 -172303 -172348 ... -172638

Time limit reached
Best objective -1.722708257930e+05, best bound -1.639685341504e+05, gap 4.8193%

Gurobi 13.0.3 (linux64) logging started Sat Oct 10 08:10:25 2026

Set parameter LogFile to value "/home/gep/projects/jaffray-masc-fhops-model/data/output/rerun_v101_calib/ka_40_sub14_lock7.gurobi.log"
Gurobi Optimizer version 13.0.3 build v13.0.3rc0 (linux64 - "Ubuntu 24.04.3 LTS")

CPU model: Intel(R) Xeon(R) Gold 6254 CPU @ 3.10GHz, instruction set [SSE2|AVX|AVX2|AVX512]
Thread count: 36 physical cores, 72 logical processors, using up to 1 threads

Non-default parameters:
TimeLimit  1800
Threads  1

Optimize a model with 77961 rows, 102357 columns and 307496 nonzeros (Max)
Model fingerprint: 0x2964725c
Model has 40320 linear objective coefficients
Variable types: 58840 continuous, 43517 integer (43517 binary)
Coefficient statistics:
  Matrix range     [1e+00, 1e+05]
  Objective range  [2e-02, 1e+00]
  Bounds range     [1e+00, 1e+00]
  RHS range        [1e+00, 2e+05]

Loaded user MIP start with objective 223875

Presolve removed 12260 rows and 12778 columns
Presolve time: 0.89s
Presolved: 65701 rows, 89579 columns, 275759 nonzeros
Variable types: 47797 continuous, 41782 integer (41782 binary)
Found heuristic solution: objective 223875.67319

Root simplex log...

Iteration    Objective       Primal Inf.    Dual Inf.      Time
   17835    4.0681577e+05   9.528576e+07   0.000000e+00      5s
   27565    2.8063350e+05   1.031815e+06   0.000000e+00     10s
   32398    2.7899209e+05   0.000000e+00   0.000000e+00     12s
   32398    2.7899209e+05   0.000000e+00   0.000000e+00     12s

Use crossover to convert LP symmetric solution to basic solution...

Root crossover log...

    5454 DPushes remaining with DInf 0.0000000e+00                12s
       0 DPushes remaining with DInf 0.0000000e+00                12s

    7160 PPushes remaining with PInf 0.0000000e+00                12s
       0 PPushes remaining with PInf 0.0000000e+00                12s

  Push phase complete: Pinf 0.0000000e+00, Dinf 5.1283840e-12     12s


Root simplex log...

Iteration    Objective       Primal Inf.    Dual Inf.      Time
   44596    2.7899209e+05   0.000000e+00   0.000000e+00     12s
Crossover time: 0.35 seconds (0.30 work units)
   45492    2.7899209e+05   0.000000e+00   0.000000e+00     13s

Extra simplex iterations after uncrush: 896

Root relaxation: objective 2.789921e+05, 45492 iterations, 11.69 seconds (10.27 work units)

    Nodes    |    Current Node    |     Objective Bounds      |     Work
 Expl Unexpl |  Obj  Depth IntInf | Incumbent    BestBd   Gap | It/Node Time

     0     0 278992.090    0 1719 223875.673 278992.090  24.6%     -   19s
     0     0 278992.090    0 1719 223875.673 278992.090  24.6%     -   19s
H    0     0                    224413.82886 278992.090  24.3%     -   20s
H    0     0                    224426.96676 278992.090  24.3%     -   20s
H    0     0                    226003.27347 278992.090  23.4%     -   20s
H    0     0                    226689.44285 278992.090  23.1%     -   20s
H    0     0                    228615.63708 278992.090  22.0%     -   22s
H    0     0                    230014.33318 278992.090  21.3%     -   22s
H    0     0                    231122.89322 278992.090  20.7%     -   22s
H    0     0                    233149.04240 278992.090  19.7%     -   23s
H    0     0                    233702.26040 278992.090  19.4%     -   23s
H    0     0                    235006.81751 278992.090  18.7%     -   24s
H    0     0                    235255.88361 278992.090  18.6%     -   25s
H    0     0                    235710.20932 278992.090  18.4%     -   25s
H    0     0                    236036.03774 278992.090  18.2%     -   25s
H    0     0                    236080.51223 278992.090  18.2%     -   26s
H    0     0                    236138.55107 278992.090  18.1%     -   26s
H    0     0                    236173.26900 278992.090  18.1%     -   27s
H    0     0                    236209.01708 278992.090  18.1%     -   28s
H    0     0                    236322.99902 278992.090  18.1%     -   29s
H    0     0                    236367.73217 278992.090  18.0%     -   31s
H    0     0                    236368.01584 278992.090  18.0%     -   41s
     0     0 278950.477    0 2189 236368.016 278950.477  18.0%     -   51s
     0     0 278950.477    0 2189 236368.016 278950.477  18.0%     -   51s
H    0     0                    236537.01098 278950.477  17.9%     -   52s
H    0     0                    236838.40517 278950.477  17.8%     -   53s
H    0     0                    236882.37469 278950.477  17.8%     -   54s
H    0     0                    237247.82325 278950.477  17.6%     -   54s
H    0     0                    237378.69638 278950.477  17.5%     -   54s
H    0     0                    238029.25553 278950.477  17.2%     -   55s
H    0     0                    238323.73787 278950.477  17.0%     -   55s
H    0     0                    238658.56385 278950.477  16.9%     -   55s
H    0     0                    238738.93174 278950.477  16.8%     -   56s
H    0     0                    239341.35949 278950.477  16.5%     -   56s
H    0     0                    239369.98666 278950.477  16.5%     -   56s
H    0     0                    239429.83212 278950.477  16.5%     -   57s
H    0     0                    239530.75801 278950.477  16.5%     -   57s
H    0     0                    239532.18658 278950.477  16.5%     -   57s
H    0     0                    239532.89586 278950.477  16.5%     -   58s
H    0     0                    239589.05926 278950.477  16.4%     -   59s
H    0     0                    239633.67579 278950.477  16.4%     -   62s
H    0     0                    239634.39008 278950.477  16.4%     -   63s
H    0     0                    239734.08807 278950.477  16.4%     -   65s
H    0     0                    239745.37570 278950.477  16.4%     -   68s
H    0     0                    239834.25087 278950.477  16.3%     -   70s
H    0     0                    239835.10501 278950.477  16.3%     -   71s
H    0     0                    239871.92579 278950.477  16.3%     -   75s
     0     0 278950.477    0 2072 239871.926 278950.477  16.3%     -   77s
     0     0 278939.662    0 2301 239871.926 278939.662  16.3%     -   90s
     0     0 278939.661    0 2279 239871.926 278939.661  16.3%     -   91s
     0     0 278939.661    0 2424 239871.926 278939.661  16.3%     -   97s
     0     0 278938.970    0 2340 239871.926 278938.970  16.3%     -  100s
     0     0 278938.911    0 2324 239871.926 278938.911  16.3%     -  101s
     0     0 278938.911    0 2308 239871.926 278938.911  16.3%     -  102s
     0     0 278938.911    0 2423 239871.926 278938.911  16.3%     -  108s
     0     0 278938.911    0 2406 239871.926 278938.911  16.3%     -  111s
     0     0 278938.911    0 2492 239871.926 278938.911  16.3%     -  116s
     0     0 278938.911    0 2418 239871.926 278938.911  16.3%     -  118s
     0     0 278938.911    0 2471 239871.926 278938.911  16.3%     -  123s
     0     0 278938.911    0 1777 239871.926 278938.911  16.3%     -  133s
     0     0 278938.911    0 1906 239871.926 278938.911  16.3%     -  136s
     0     0 278938.911    0 2226 239871.926 278938.911  16.3%     -  142s
     0     0 278938.911    0 1810 239871.926 278938.911  16.3%     -  152s
     0     0 278938.911    0 1810 239871.926 278938.911  16.3%     -  152s
     0     0 278938.911    0 1652 239871.926 278938.911  16.3%     -  160s
     0     2 278938.911    0 1603 239871.926 278938.911  16.3%     -  187s
H    1     1                    239926.74182 278938.911  16.3%   0.0  215s
H    1     1                    239949.47530 278938.911  16.2%   0.0  229s
H    1     1                    240017.63773 278938.911  16.2%   0.0  233s
H    1     1                    240196.71524 278938.911  16.1%   0.0  242s
H    1     1                    240251.60887 278938.911  16.1%   0.0  243s
H    1     1                    240313.86985 278938.911  16.1%   0.0  244s
H    1     1                    240372.77995 278938.911  16.0%   0.0  249s
H    1     1                    240403.76862 278938.911  16.0%   0.0  250s
H    1     1                    240405.30012 278938.911  16.0%   0.0  253s
H    1     1                    240417.67812 278938.911  16.0%   0.0  257s
H    1     1                    240420.54584 278938.911  16.0%   0.0  259s
H    1     1                    240427.58935 278938.911  16.0%   0.0  270s
H    1     1                    240432.70586 278938.911  16.0%   0.0  272s
H    1     1                    240437.98619 278938.911  16.0%   0.0  289s
H    1     1                    240516.31953 278938.911  16.0%   0.0  291s
H    1     1                    240670.58658 278938.911  15.9%   0.0  297s
H    1     1                    240675.40863 278938.911  15.9%   0.0  297s
H    1     1                    240675.60928 278938.911  15.9%   0.0  299s
H    1     1                    240677.75213 278938.911  15.9%   0.0  339s
H    1     1                    240682.09982 278938.911  15.9%   0.0  352s
H    1     1                    240682.53519 278938.911  15.9%   0.0  354s
     1     3 278938.463    1 1646 240682.535 278938.911  15.9%  2717  361s
H    2     2                    240710.01222 278938.911  15.9%  1358  362s
H    2     2                    240751.68471 278938.911  15.9%  1358  363s
H    2     2                    240774.92198 278938.911  15.9%  1358  363s
H    2     2                    240870.93672 278938.911  15.8%  1358  363s
H    2     2                    240897.31716 278938.911  15.8%  1358  363s
     2     4 278938.901    1 1608 240897.317 278938.901  15.8%  1574  366s
     3     5 278935.111    2 1703 240897.317 278938.901  15.8%  2224  370s
H    4     4                    240899.04061 278938.901  15.8%  1668  370s
H    4     4                    240906.78540 278938.901  15.8%  1668  370s
H    4     4                    240967.89325 278938.901  15.8%  1668  370s
     7     9 278934.604    4 1798 240967.893 278938.901  15.8%  2133  500s
     8    10 278930.403    5 1738 240967.893 278938.901  15.8%  2435  505s
     9    11 278934.907    5 1659 240967.893 278938.901  15.8%  2169  530s
    11    13 278933.393    6 1714 240967.893 278938.901  15.8%  2354  536s
    12    14 278931.918    7 1748 240967.893 278938.901  15.8%  2805  543s
    14    16 278928.619    8 1740 240967.893 278938.901  15.8%  2832  549s
    15    17 278933.397    8 1648 240967.893 278938.901  15.8%  2744  551s
    18    20 278932.145   10 1730 240967.893 278938.901  15.8%  2545  557s
    22    24 278932.351   12 1665 240967.893 278938.901  15.8%  2247  560s
    25    27 278931.666   14 1673 240967.893 278938.901  15.8%  2139  565s
    27    29 278929.682   15 1693 240967.893 278938.901  15.8%  2131  570s
    29    31 278930.283   16 1704 240967.893 278938.901  15.8%  2141  575s
    32    34 278925.960   17 1695 240967.893 278938.901  15.8%  2085  580s
    36    38 278928.115   20 1695 240967.893 278938.901  15.8%  2003  586s
    38    40 278930.132   21 1669 240967.893 278938.901  15.8%  1979  590s
    41    43 278924.355   22 1689 240967.893 278938.901  15.8%  1963  596s
    42    44 278925.834   23 1705 240967.893 278938.901  15.8%  2050  601s
    44    46 278907.065   24 1712 240967.893 278938.901  15.8%  2062  607s
    47    49 278926.688   25 1691 240967.893 278938.901  15.8%  1993  610s
    50    52 278917.260   27 1681 240967.893 278938.901  15.8%  1957  615s
    55    57 278917.924   30 1668 240967.893 278938.901  15.8%  1905  622s
    58    60 278920.098   31 1736 240967.893 278938.901  15.8%  1852  626s
    63    65 278877.188   34 1670 240967.893 278938.901  15.8%  1791  632s
    65    67 278913.763   35 1735 240967.893 278938.901  15.8%  1792  636s
    67    69 277725.942   36 1643 240967.893 278938.901  15.8%  1785  640s
    70    72 278879.787   38 1668 240967.893 278938.901  15.8%  1785  645s
    74    76 278883.134   40 1630 240967.893 278938.901  15.8%  1753  651s
    77    79 278871.544   42 1654 240967.893 278938.901  15.8%  1760  657s
    80    82 278860.424   43 1668 240967.893 278938.901  15.8%  1739  661s
    83    85 278877.902   45 1635 240967.893 278938.901  15.8%  1707  665s
    88    90 278878.344   47 1627 240967.893 278938.901  15.8%  1659  670s
    91    93 278875.518   49 1647 240967.893 278938.901  15.8%  1657  676s
    95    97 278875.922   51 1662 240967.893 278938.901  15.8%  1630  680s
    98   100 278873.655   53 1624 240967.893 278938.901  15.8%  1623  685s
   103   105 278873.301   55 1623 240967.893 278938.901  15.8%  1591  690s
   106   108 278820.246   57 1676 240967.893 278938.901  15.8%  1606  696s
   109   111 278859.398   58 1646 240967.893 278938.901  15.8%  1609  701s
   115   117 278863.409   62 1628 240967.893 278938.901  15.8%  1551  705s
   119   121 278857.070   64 1595 240967.893 278938.901  15.8%  1540  711s
   121   123 278853.367   65 1622 240967.893 278938.901  15.8%  1555  716s
   123   125 278821.439   66 1594 240967.893 278938.901  15.8%  1564  720s
   127   129 278836.540   68 1621 240967.893 278938.901  15.8%  1546  726s
   131   133 278847.980   70 1622 240967.893 278938.901  15.8%  1525  730s
   138   140 278846.379   74 1621 240967.893 278938.901  15.8%  1476  735s
   142   144 278841.203   77 1610 240967.893 278938.901  15.8%  1473  740s
   148   150 278839.259   81 1592 240967.893 278938.901  15.8%  1441  745s
   152   154 278827.889   84 1620 240967.893 278938.901  15.8%  1439  750s
   158   160 278833.060   87 1578 240967.893 278938.901  15.8%  1417  755s
   162   164 278827.635   89 1541 240967.893 278938.901  15.8%  1418  761s
   164   166 278813.399   90 1573 240967.893 278938.901  15.8%  1420  765s
   167   169 278805.503   92 1561 240967.893 278938.901  15.8%  1420  770s
   169   171 278811.101   93 1556 240967.893 278938.901  15.8%  1427  775s
   173   175 278803.084   95 1599 240967.893 278938.901  15.8%  1428  781s
   177   179 278797.731   98 1538 240967.893 278938.901  15.8%  1416  785s
   182   184 278748.286  101 1547 240967.893 278938.901  15.8%  1403  791s
   185   187 278790.431  103 1621 240967.893 278938.901  15.8%  1406  797s
   188   190 278781.619  105 1595 240967.893 278938.901  15.8%  1399  800s
   192   194 278759.033  107 1562 240967.893 278938.901  15.8%  1398  806s
   194   196 278752.662  108 1593 240967.893 278938.901  15.8%  1419  812s
   196   198 278758.667  109 1595 240967.893 278938.901  15.8%  1418  816s
   202   204 278758.944  113 1582 240967.893 278938.901  15.8%  1392  821s
   207   209 278754.646  115 1560 240967.893 278938.901  15.8%  1376  825s
   213   215 278753.250  118 1611 240967.893 278938.901  15.8%  1361  831s
   217   219 278745.027  122 1556 240967.893 278938.901  15.8%  1352  835s
   224   226 278726.613  125 1568 240967.893 278938.901  15.8%  1329  840s
   229   231 278713.273  129 1646 240967.893 278938.901  15.8%  1333  847s
   230   232 278737.431  130 1589 240967.893 278938.901  15.8%  1336  850s
   234   236 278733.925  133 1576 240967.893 278938.901  15.8%  1331  855s
   242   244 278701.596  139 1537 240967.893 278938.901  15.8%  1302  860s
   248   250 278726.699  143 1519 240967.893 278938.901  15.8%  1291  866s
   253   255 278718.559  146 1534 240967.893 278938.901  15.8%  1281  870s
   259   261 278721.073  150 1549 240967.893 278938.901  15.8%  1266  875s
   263   265 278553.066  152 1576 240967.893 278938.901  15.8%  1270  880s
   271   273 278701.877  157 1525 240967.893 278938.901  15.8%  1249  885s
   279   281 278698.566  162 1522 240967.893 278938.901  15.8%  1229  890s
   282   284 278695.917  163 1560 240967.893 278938.901  15.8%  1238  896s
   285   287 278682.337  165 1538 240967.893 278938.901  15.8%  1237  901s
   287   289 278673.506  167 1533 240967.893 278938.901  15.8%  1240  905s
   289   291 278681.541  168 1486 240967.893 278938.901  15.8%  1248  910s
   296   298 278351.883  172 1527 240967.893 278938.901  15.8%  1238  917s
   301   303 278672.852  175 1473 240967.893 278938.901  15.8%  1225  920s
   303   305 278672.852  176 1473 240967.893 278938.901  15.8%  1224  954s
   304   306 278667.864  177 1436 240967.893 278938.901  15.8%  1224  955s
   308   310 278664.499  179 1475 240967.893 278938.901  15.8%  1221  960s
   312   314 278651.671  181 1471 240967.893 278938.901  15.8%  1218  965s
   315   317 278646.317  183 1454 240967.893 278938.901  15.8%  1225  970s
   320   322 278467.658  186 1490 240967.893 278938.901  15.8%  1220  975s
   323   325 278504.596  187 1513 240967.893 278938.901  15.8%  1225  980s
   331   333 278526.109  192 1482 240967.893 278938.901  15.8%  1208  985s
   338   340 278511.213  195 1471 240967.893 278938.901  15.8%  1196  990s
   344   346 278487.954  199 1514 240967.893 278938.901  15.8%  1189  996s
   350   352 278484.508  203 1533 240967.893 278938.901  15.8%  1179 1000s
   360   362 278475.502  209 1514 240967.893 278938.901  15.8%  1157 1005s
   366   368 278441.757  213 1499 240967.893 278938.901  15.8%  1150 1010s
   376   378 278455.228  218 1504 240967.893 278938.901  15.8%  1130 1015s
   385   387 278447.170  225 1502 240967.893 278938.901  15.8%  1115 1020s
   397   399 278414.320  234 1513 240967.893 278938.901  15.8%  1098 1029s
   399   401 278419.402  235 1500 240967.893 278938.901  15.8%  1096 1030s
   402   404 278418.031  236 1499 240967.893 278938.901  15.8%  1096 1035s
   407   409 278083.891  239 1523 240967.893 278938.901  15.8%  1098 1042s
   410   412 278162.722  241 1520 240967.893 278938.901  15.8%  1126 1059s
   412   414 278167.057  242 1478 240967.893 278938.901  15.8%  1123 1061s
   415   417 278126.423  244 1506 240967.893 278938.901  15.8%  1125 1066s
   420   422 278116.195  246 1492 240967.893 278938.901  15.8%  1121 1070s
   423   425 278130.117  248 1496 240967.893 278938.901  15.8%  1121 1075s
   428   430 278127.922  251 1520 240967.893 278938.901  15.8%  1117 1080s
   431   433 278119.296  252 1461 240967.893 278938.901  15.8%  1120 1086s
   434   436 278117.084  254 1501 240967.893 278938.901  15.8%  1122 1090s
   438   440 278100.130  256 1492 240967.893 278938.901  15.8%  1120 1095s
   443   445 274497.857  259 1460 240967.893 278938.901  15.8%  1131 1106s
   447   449 277355.628  261 1489 240967.893 278938.901  15.8%  1133 1112s
   450   452 276998.379  262 1461 240967.893 278938.901  15.8%  1130 1115s
   459   461 277346.423  268 1470 240967.893 278938.901  15.8%  1117 1120s
   464   466 277337.105  270 1465 240967.893 278938.901  15.8%  1112 1125s
   468   470 277075.277  273 1477 240967.893 278938.901  15.8%  1114 1130s
   471   473 276681.086  275 1502 240967.893 278938.901  15.8%  1117 1135s
   474   476 276674.485  277 1507 240967.893 278938.901  15.8%  1117 1140s
   481   483 276633.295  280 1502 240967.893 278938.901  15.8%  1115 1147s
   483   485 276668.512  281 1459 240967.893 278938.901  15.8%  1116 1150s
   487   489 276654.211  283 1484 240967.893 278938.901  15.8%  1119 1156s
   492   494 276201.246  286 1459 240967.893 278938.901  15.8%  1116 1161s
   493   495 275870.249  287 1460 240967.893 278938.901  15.8%  1116 1343s
   496   498 276545.818  288 1516 240967.893 278938.901  15.8%  1118 1347s
   500   502 276645.305  290 1468 240967.893 278938.901  15.8%  1114 1350s
   505   507 276608.748  294 1448 240967.893 278938.901  15.8%  1112 1355s
   513   515 271244.857  299 1478 240967.893 278938.901  15.8%  1138 1374s
   518   520 276495.680  303 1430 240967.893 278938.901  15.8%  1130 1376s
   521   523 274783.355  304 1419 240967.893 278938.901  15.8%  1132 1381s
   528   530 275524.035  309 1408 240967.893 278938.901  15.8%  1127 1387s
   530   532 276120.462  311 1422 240967.893 278938.901  15.8%  1128 1390s
   535   537 276098.265  314 1427 240967.893 278938.901  15.8%  1129 1396s
   536   538 276033.189  314 1428 240967.893 278938.901  15.8%  1133 1400s
   541   543 276084.073  317 1376 240967.893 278938.901  15.8%  1134 1406s
   544   546 276075.326  319 1422 240967.893 278938.901  15.8%  1135 1410s
   547   549 276093.529  321 1443 240967.893 278938.901  15.8%  1137 1415s
   552   554 276086.141  324 1436 240967.893 278938.901  15.8%  1134 1420s
   558   560 276083.634  328 1421 240967.893 278938.901  15.8%  1130 1425s
   561   563 276072.414  329 1460 240967.893 278938.901  15.8%  1131 1430s
   563   565 276075.823  330 1451 240967.893 278938.901  15.8%  1138 1436s
   567   569 276073.483  332 1416 240967.893 278938.901  15.8%  1136 1440s
   570   572 276069.242  335 1375 240967.893 278938.901  15.8%  1140 1446s
   574   576 276067.930  337 1414 240967.893 278938.901  15.8%  1139 1450s
   577   579 276056.615  338 1380 240967.893 278938.901  15.8%  1143 1456s
   578   580 276054.947  339 1449 240967.893 278938.901  15.8%  1150 1461s
   582   584 276056.922  341 1394 240967.893 278938.901  15.8%  1149 1465s
   588   590 276038.672  345 1444 240967.893 278938.901  15.8%  1151 1473s
   591   593 276045.928  347 1396 240967.893 278938.901  15.8%  1148 1475s
   594   596 276041.668  349 1406 240967.893 278938.901  15.8%  1150 1480s
   601   603 276023.590  354 1415 240967.893 278938.901  15.8%  1144 1485s
   605   607 275905.991  356 1383 240967.893 278938.901  15.8%  1146 1492s
   607   609 275864.108  357 1359 240967.893 278938.901  15.8%  1150 1496s
   611   613 275876.482  360 1374 240967.893 278938.901  15.8%  1148 1500s
   617   619 275858.962  363 1359 240967.893 278938.901  15.8%  1145 1505s
   625   627 275430.935  368 1293 240967.893 278938.901  15.8%  1135 1510s
   628   630 275817.190  371 1396 240967.893 278938.901  15.8%  1140 1516s
   633   635 275816.596  374 1362 240967.893 278938.901  15.8%  1137 1520s
   639   641 275808.428  377 1393 240967.893 278938.901  15.8%  1135 1525s
   645   647 275589.796  380 1343 240967.893 278938.901  15.8%  1132 1531s
   649   651 275604.339  382 1362 240967.893 278938.901  15.8%  1132 1536s
   653   655 275780.193  384 1369 240967.893 278938.901  15.8%  1130 1540s
   659   661 275593.548  387 1341 240967.893 278938.901  15.8%  1127 1545s
   664   666 275235.659  391 1359 240967.893 278938.901  15.8%  1128 1553s
   667   669 275737.638  392 1361 240967.893 278938.901  15.8%  1129 1556s
   671   673 275738.507  394 1387 240967.893 278938.901  15.8%  1128 1560s
   676   678 274815.683  397 1402 240967.893 278938.901  15.8%  1127 1566s
   678   680 275698.344  398 1378 240967.893 278938.901  15.8%  1130 1570s
   683   685 275697.880  401 1395 240967.893 278938.901  15.8%  1130 1575s
   687   689 275686.799  404 1394 240967.893 278938.901  15.8%  1131 1580s
   688   690 275695.737  404 1367 240967.893 278938.901  15.8%  1129 1663s
   693   695 275695.648  409 1344 240967.893 278938.901  15.8%  1124 1665s
   698   700 275687.487  412 1301 240967.893 278938.901  15.8%  1125 1671s
   701   703 275681.866  413 1292 240967.893 278938.901  15.8%  1126 1675s
   705   707 275678.180  416 1305 240967.893 278938.901  15.8%  1129 1682s
   709   711 275677.946  418 1276 240967.893 278938.901  15.8%  1126 1685s
   717   719 275674.541  422 1252 240967.893 278938.901  15.8%  1121 1690s
   725   727 275647.399  428 1258 240967.893 278938.901  15.8%  1116 1695s
   731   733 275102.803  431 1242 240967.893 278938.901  15.8%  1114 1700s
   741   743 275636.005  437 1317 240967.893 278938.901  15.8%  1107 1706s
   750   752 275630.518  442 1269 240967.893 278938.901  15.8%  1098 1710s
   765   767 275602.596  452 1246 240967.893 278938.901  15.8%  1082 1715s
   772   774 275520.778  455 1281 240967.893 278938.901  15.8%  1082 1721s
   777   779 275254.842  458 1226 240967.893 278938.901  15.8%  1080 1725s
   782   784 275244.144  462 1234 240967.893 278938.901  15.8%  1081 1730s
   787   789 275239.750  466 1308 240967.893 278938.901  15.8%  1081 1736s
   791   793 275200.936  468 1300 240967.893 278938.901  15.8%  1082 1741s
   795   797 275192.739  470 1288 240967.893 278938.901  15.8%  1082 1745s
   797   799 275187.880  471 1234 240967.893 278938.901  15.8%  1085 1750s
   802   804 275189.047  474 1265 240967.893 278938.901  15.8%  1086 1755s
   806   808 275178.174  476 1266 240967.893 278938.901  15.8%  1089 1761s
   808   810 275171.824  477 1272 240967.893 278938.901  15.8%  1091 1765s
   813   815 275164.579  479 1250 240967.893 278938.901  15.8%  1091 1770s
   819   821 275133.491  483 1217 240967.893 278938.901  15.8%  1089 1775s
   830   832 275082.592  489 1259 240967.893 278938.901  15.8%  1082 1780s
   831   833 275024.667  490 1269 240967.893 278938.901  15.8%  1087 1785s
   835   837 274854.708  492 1225 240967.893 278938.901  15.8%  1090 1790s
   839   841 275089.862  494 1211 240967.893 278938.901  15.8%  1091 1795s

Cutting planes:
  Gomory: 8
  Cover: 34
  Implied bound: 25
  MIR: 86
  Flow cover: 189
  RLT: 1
  BQP: 8

Explored 845 nodes (1100395 simplex iterations) in 1800.05 seconds (2151.46 work units)
Thread count was 1 (of 72 available processors)

Solution count 10: 240968 240968 240907 ... 240683

Time limit reached
Best objective 2.409678932474e+05, best bound 2.789389009544e+05, gap 15.7577%
