WARNING: Loading a SolverResults object with an 'aborted' status, but
containing a solution
{"fhops_version": "1.0.1", "context": "ka", "size": "6", "sub_days": 112, "lock_days": 7, "solver": "gurobi", "threads": 1, "time_limit_s": 7200, "earliness_time_limit_s": 1800, "wall_time_s": 1808.5460834503174}
	Command being timed: "/tmp/opencode/venv-fhops101-grb/bin/python scripts/probe_mip_window_v101.py ka 6 --sub 112 --lock 7 --solver gurobi --time-limit 7200 --earliness-time-limit 1800 --log-file data/output/rerun_v101_calib/ka_6_sub112_lock7.gurobi.log --out data/output/rerun_v101_calib/ka_6_sub112_lock7.json"
	User time (seconds): 1801.49
	System time (seconds): 5.92
	Percent of CPU this job got: 99%
	Elapsed (wall clock) time (h:mm:ss or m:ss): 30:09.96
	Average shared text size (kbytes): 0
	Average unshared data size (kbytes): 0
	Average stack size (kbytes): 0
	Average total size (kbytes): 0
	Maximum resident set size (kbytes): 972208
	Average resident set size (kbytes): 0
	Major (requiring I/O) page faults: 121
	Minor (reclaiming a frame) page faults: 4627197
	Voluntary context switches: 19096
	Involuntary context switches: 54796
	Swaps: 0
	File system inputs: 0
	File system outputs: 18230
	Socket messages sent: 0
	Socket messages received: 0
	Signals delivered: 0
	Page size (bytes): 4096
	Exit status: 0
