
Gurobi 13.0.3 (linux64) logging started Sat Oct 10 06:10:20 2026

Set parameter LogFile to value "/home/gep/projects/jaffray-masc-fhops-model/data/output/rerun_v101_calib/ka_6_sub112_lock7.gurobi.log"
Gurobi Optimizer version 13.0.3 build v13.0.3rc0 (linux64 - "Ubuntu 24.04.3 LTS")

CPU model: Intel(R) Xeon(R) Gold 6254 CPU @ 3.10GHz, instruction set [SSE2|AVX|AVX2|AVX512]
Thread count: 36 physical cores, 72 logical processors, using up to 1 threads

Non-default parameters:
TimeLimit  7200
Threads  1

Optimize a model with 58341 rows, 50357 columns and 166851 nonzeros (Max)
Model fingerprint: 0x20844c9c
Model has 2022 linear objective coefficients
Variable types: 34278 continuous, 16079 integer (16079 binary)
Coefficient statistics:
  Matrix range     [1e+00, 1e+04]
  Objective range  [1e+00, 1e+00]
  Bounds range     [1e+00, 1e+00]
  RHS range        [1e+00, 1e+04]

Found heuristic solution: objective -30913.35560
Presolve removed 21217 rows and 17147 columns
Presolve time: 0.35s
Presolved: 37124 rows, 33210 columns, 127884 nonzeros
Variable types: 19276 continuous, 13934 integer (13934 binary)

Root relaxation: objective 3.091336e+04, 5672 iterations, 0.56 seconds (0.59 work units)

    Nodes    |    Current Node    |     Objective Bounds      |     Work
 Expl Unexpl |  Obj  Depth IntInf | Incumbent    BestBd   Gap | It/Node Time

     0     0 30913.3556    0    8 -30913.356 30913.3556   200%     -    1s
H    0     0                    30808.578162 30913.3556  0.34%     -    1s
     0     0 30913.3556    0    8 30808.5782 30913.3556  0.34%     -    1s
     0     0 30913.3556    0    8 30808.5782 30913.3556  0.34%     -    2s
H    0     0                    30913.355595 30913.3556  0.00%     -    2s
     0     0 30913.3556    0    8 30913.3556 30913.3556  0.00%     -    2s

Cutting planes:
  Gomory: 1
  MIR: 1
  Flow cover: 15
  Relax-and-lift: 2

Explored 1 nodes (11141 simplex iterations) in 2.81 seconds (2.32 work units)
Thread count was 1 (of 72 available processors)

Solution count 3: 30913.4 30808.6 -30913.4 

Optimal solution found (tolerance 1.00e-04)
Best objective 3.091335559500e+04, best bound 3.091335559500e+04, gap 0.0000%

Gurobi 13.0.3 (linux64) logging started Sat Oct 10 06:10:24 2026

Set parameter LogFile to value "/home/gep/projects/jaffray-masc-fhops-model/data/output/rerun_v101_calib/ka_6_sub112_lock7.gurobi.log"
Gurobi Optimizer version 13.0.3 build v13.0.3rc0 (linux64 - "Ubuntu 24.04.3 LTS")

CPU model: Intel(R) Xeon(R) Gold 6254 CPU @ 3.10GHz, instruction set [SSE2|AVX|AVX2|AVX512]
Thread count: 36 physical cores, 72 logical processors, using up to 1 threads

Non-default parameters:
TimeLimit  1800
Threads  1

Optimize a model with 58342 rows, 50357 columns and 168873 nonzeros (Max)
Model fingerprint: 0xb9d17125
Model has 12096 linear objective coefficients
Variable types: 34278 continuous, 16079 integer (16079 binary)
Coefficient statistics:
  Matrix range     [1e+00, 1e+04]
  Objective range  [3e-03, 1e+00]
  Bounds range     [1e+00, 1e+00]
  RHS range        [1e+00, 3e+04]

Loaded user MIP start with objective 28763.4

Presolve removed 21080 rows and 16985 columns
Presolve time: 0.29s
Presolved: 37262 rows, 33372 columns, 128376 nonzeros
Variable types: 19372 continuous, 14000 integer (14000 binary)

Extra simplex iterations after uncrush: 6755

Root relaxation: objective 1.145506e+05, 19327 iterations, 1.35 seconds (1.56 work units)

    Nodes    |    Current Node    |     Objective Bounds      |     Work
 Expl Unexpl |  Obj  Depth IntInf | Incumbent    BestBd   Gap | It/Node Time

     0     0 114550.561    0  319 28763.3617 114550.561   298%     -    1s
H    0     0                    36180.377028 114550.561   217%     -    3s
     0     0 114540.336    0  836 36180.3770 114540.336   217%     -    4s
     0     0 114540.006    0  824 36180.3770 114540.006   217%     -    4s
     0     0 114539.959    0  820 36180.3770 114539.959   217%     -    4s
     0     0 114539.957    0  822 36180.3770 114539.957   217%     -    4s
     0     0 114537.686    0  872 36180.3770 114537.686   217%     -    5s
     0     0 114537.047    0  404 36180.3770 114537.047   217%     -    6s
     0     0 114537.037    0  403 36180.3770 114537.037   217%     -    6s
     0     0 114535.712    0  886 36180.3770 114535.712   217%     -    6s
     0     0 114535.333    0  439 36180.3770 114535.333   217%     -    7s
     0     0 114535.289    0  452 36180.3770 114535.289   217%     -    7s
     0     0 114535.274    0  459 36180.3770 114535.274   217%     -    7s
     0     0 114535.274    0  461 36180.3770 114535.274   217%     -    7s
     0     0 114534.764    0  461 36180.3770 114534.764   217%     -    8s
     0     0 114534.718    0  485 36180.3770 114534.718   217%     -    8s
     0     0 114534.668    0  480 36180.3770 114534.668   217%     -    8s
     0     0 114534.661    0  490 36180.3770 114534.661   217%     -    8s
     0     0 114534.098    0  460 36180.3770 114534.098   217%     -    8s
     0     0 114533.857    0  487 36180.3770 114533.857   217%     -    9s
     0     0 114533.782    0  467 36180.3770 114533.782   217%     -    9s
     0     0 114533.735    0  456 36180.3770 114533.735   217%     -    9s
     0     0 114533.735    0  463 36180.3770 114533.735   217%     -    9s
     0     0 114533.594    0  660 36180.3770 114533.594   217%     -    9s
     0     0 114533.574    0  646 36180.3770 114533.574   217%     -    9s
     0     0 114533.566    0  647 36180.3770 114533.566   217%     -    9s
     0     0 114533.103    0  757 36180.3770 114533.103   217%     -   10s
     0     0 114532.918    0  760 36180.3770 114532.918   217%     -   10s
     0     0 114532.909    0  759 36180.3770 114532.909   217%     -   10s
     0     0 114532.833    0  759 36180.3770 114532.833   217%     -   10s
     0     0 114532.445    0  746 36180.3770 114532.445   217%     -   10s
     0     0 114532.416    0  764 36180.3770 114532.416   217%     -   10s
     0     0 114532.413    0  759 36180.3770 114532.413   217%     -   10s
     0     0 114532.089    0  496 36180.3770 114532.089   217%     -   11s
     0     0 114531.974    0  512 36180.3770 114531.974   217%     -   11s
     0     0 114531.963    0  508 36180.3770 114531.963   217%     -   11s
     0     0 114531.645    0  663 36180.3770 114531.645   217%     -   12s
     0     0 114531.631    0  665 36180.3770 114531.631   217%     -   12s
     0     0 114531.472    0  504 36180.3770 114531.472   217%     -   12s
     0     0 114531.447    0  533 36180.3770 114531.447   217%     -   12s
     0     0 114531.433    0  533 36180.3770 114531.433   217%     -   12s
     0     0 114531.095    0  663 36180.3770 114531.095   217%     -   13s
     0     0 114531.056    0  664 36180.3770 114531.056   217%     -   13s
     0     0 114531.052    0  667 36180.3770 114531.052   217%     -   13s
     0     0 114530.927    0  515 36180.3770 114530.927   217%     -   13s
     0     0 114530.901    0  501 36180.3770 114530.901   217%     -   13s
     0     0 114530.896    0  508 36180.3770 114530.896   217%     -   13s
     0     0 114530.644    0  535 36180.3770 114530.644   217%     -   14s
     0     0 114530.597    0  535 36180.3770 114530.597   217%     -   14s
     0     0 114530.584    0  541 36180.3770 114530.584   217%     -   14s
     0     0 114530.422    0  662 36180.3770 114530.422   217%     -   14s
     0     0 114530.364    0  660 36180.3770 114530.364   217%     -   14s
     0     0 114530.345    0  656 36180.3770 114530.345   217%     -   14s
     0     0 114530.336    0  660 36180.3770 114530.336   217%     -   14s
     0     0 114530.210    0  667 36180.3770 114530.210   217%     -   14s
     0     0 114530.209    0  665 36180.3770 114530.209   217%     -   15s
     0     0 114530.209    0  630 36180.3770 114530.209   217%     -   15s
H    0     0                    36883.023079 114530.151   211%     -   16s
H    0     0                    40275.847294 114530.151   184%     -   16s
H    0     0                    44451.485485 114530.151   158%     -   16s
H    0     0                    113759.75059 114530.151  0.68%     -   16s
     0     2 114530.143    0  619 113759.751 114530.143  0.68%     -   17s
    19    21 114524.983   11  557 113759.751 114527.847  0.68%   118   20s
H   24    24                    113894.25805 114527.847  0.56%   113   21s
   104   106 114488.150   76  561 113894.258 114527.847  0.56%  66.9   25s
H  135   135                    113917.27938 114527.847  0.54%  70.0   27s
H  135   135                    113982.74136 114527.847  0.48%  70.0   27s
H  135   135                    114026.92487 114527.847  0.44%  70.0   27s
H  135   135                    114092.37416 114527.847  0.38%  70.0   27s
H  135   135                    114142.29159 114527.847  0.34%  70.0   27s
H  135   135                    114151.41046 114527.847  0.33%  70.0   27s
H  135   135                    114151.42403 114527.847  0.33%  70.0   27s
   188   190 114433.493  130  453 114151.424 114527.847  0.33%  65.7   30s
   442   444 114303.771  297   46 114151.424 114527.847  0.33%  41.5   35s
H  468   466                    114151.43310 114527.847  0.33%  39.7   35s
H  468   466                    114151.47111 114527.847  0.33%  39.7   36s
H  468   466                    114152.46247 114527.847  0.33%  39.7   36s
H  468   466                    114185.73761 114527.847  0.30%  39.7   36s
H  511   487                    114238.19903 114527.847  0.25%  37.7   37s
H  517   484                    114239.87245 114527.522  0.25%  38.3   38s
   518   485 114301.024  307  630 114239.872 114527.522  0.25%  38.2   41s
   521   487 114526.081   10  341 114239.872 114527.522  0.25%  38.0   46s
   529   492 114473.319   87  787 114239.872 114527.522  0.25%  37.4   50s
H  538   472                    114239.87249 114524.335  0.25%  36.8   56s
   549   480 114306.995  265  793 114239.872 114522.914  0.25%  36.1   61s
   557   485 114446.646  112  536 114239.872 114521.300  0.25%  35.6   66s
   564   490 114433.283  130  595 114239.872 114519.801  0.25%  35.1   70s
H  564   465                    114242.14902 114519.172  0.24%  35.1   72s
   568   467 114361.493  214  572 114242.149 114518.805  0.24%  34.9   75s
H  571   445                    114265.98282 114518.137  0.22%  34.7   77s
H  571   421                    114297.92664 114518.137  0.19%  34.7   78s
H  571   399                    114298.44551 114518.137  0.19%  34.7   78s
   576   403 114517.539    7  572 114298.446 114517.539  0.19%  34.4   81s
   582   407 114298.446  315  594 114298.446 114516.633  0.19%  34.0   86s
   591   413 114483.995   86  619 114298.446 114515.715  0.19%  33.5   91s
   601   419 114495.041   70  854 114298.446 114513.819  0.19%  33.0   95s
   613   427 114467.716  107  912 114298.446 114512.777  0.19%  32.3  100s
H  616   406                    114298.49145 114511.523  0.19%  32.2  102s
H  616   384                    114309.89813 114511.523  0.18%  32.2  103s
   623   389 114427.083  138  638 114309.898 114510.277  0.18%  31.8  105s
   636   398 114309.898  331  639 114309.898 114506.735  0.17%  31.1  111s
   645   404 114338.306  249  729 114309.898 114505.669  0.17%  30.7  115s
   656   411 114339.073  234  655 114309.898 114502.153  0.17%  30.2  120s
   669   420 114494.843   70  707 114309.898 114499.620  0.17%  29.6  125s
   682   428 114309.898  315  704 114309.898 114497.186  0.16%  29.0  130s
H  682   404                    114310.62735 114496.397  0.16%  29.0  131s
H  682   381                    114311.45802 114496.397  0.16%  29.0  131s
   694   390 114434.297  117  317 114311.458 114495.905  0.16%   243  137s
   695   391 114311.458  256  929 114311.458 114495.905  0.16%   242  140s
   708   400 114383.246  202  831 114311.458 114495.676  0.16%   238  147s
   710   401 114495.387   44  858 114311.458 114495.387  0.16%   237  150s
H  711   381                    114311.45805 114495.163  0.16%   237  152s
   715   383 114311.458  272  698 114311.458 114494.383  0.16%   235  155s
   721   387 114493.927   10  712 114311.458 114493.927  0.16%   234  160s
   729   393 114473.319   87  746 114311.458 114492.929  0.16%   231  165s
H  729   373                    114312.02496 114492.762  0.16%   231  166s
   735   377 114355.441  219  680 114312.025 114492.484  0.16%   229  172s
   736   377 114312.025  331  680 114312.025 114492.484  0.16%   229  178s
H  737   358                    114313.21930 114492.484  0.16%   313  180s
H  738   341                    114374.02606 114492.484  0.10%   312  181s
H  738   323                    114374.09892 114492.484  0.10%   312  181s
H  740   307                    114377.02068 114492.484  0.10%   313  184s
H  741   292                    114378.15867 114492.484  0.10%   312  185s
   746   297 114484.360   24  639 114378.159 114492.484  0.10%   312  190s
H  749   282                    114393.67030 114492.484  0.09%   311  192s
H  749   267                    114409.78381 114492.484  0.07%   311  193s
H  750   255                    114409.79738 114492.484  0.07%   311  195s
H  750   242                    114409.83539 114492.484  0.07%   311  197s
H  751   229                    114409.85353 114492.484  0.07%   311  198s
H  752   219                    114409.96346 114492.484  0.07%   311  200s
   758   225 114476.421   30  496 114409.963 114492.484  0.07%   310  205s
   767   231 114480.692   35  554 114409.963 114492.484  0.07%   309  210s
   779   239 114478.757   41  523 114409.963 114492.484  0.07%   307  215s
H  784   228                    114410.05533 114492.484  0.07%   306  220s
H  784   218                    114410.07348 114492.484  0.07%   306  220s
H  784   208                    114415.26182 114492.484  0.07%   306  226s
   789   214 114477.665   46  536 114415.262 114492.484  0.07%   305  230s
   800   221 114456.198   51  470 114415.262 114492.484  0.07%   304  235s
   810   228 114472.622   56  511 114415.262 114492.484  0.07%   304  240s
   820   234 114453.133   61  660 114415.262 114492.484  0.07%   303  245s
   830   241 114459.616   66  424 114415.262 114492.484  0.07%   302  250s
   844   250 114456.807   73  422 114415.262 114492.484  0.07%   300  255s
   863   263 114462.000   83  455 114415.262 114492.484  0.07%   296  260s
   887   279 114457.858   95  422 114415.262 114492.484  0.07%   290  265s
   910   294 114447.514  106  349 114415.262 114492.484  0.07%   286  270s
   931   308 114450.079  117  364 114415.262 114492.484  0.07%   282  275s
   952   309 114422.621  130  356 114415.262 114492.484  0.07%   279  280s
H  979   293                    114415.29983 114492.484  0.07%   273  285s
H  979   282                    114416.42130 114492.484  0.07%   273  288s
H  979   266                    114419.88141 114492.484  0.06%   273  294s
   979   268 114492.448   21  640 114419.881 114492.484  0.06%   273  296s
   989   275 114485.758   26  658 114419.881 114492.484  0.06%   274  300s
  1005   286 114487.545   34  581 114419.881 114492.484  0.06%   273  305s
  1026   300 114465.713   45  556 114419.881 114492.484  0.06%   272  310s
  1038   307 114461.809   51  475 114419.881 114492.484  0.06%   272  315s
  1054   317 114456.427   59  460 114419.881 114492.484  0.06%   271  320s
  1073   325 114449.233   68  474 114419.881 114492.484  0.06%   270  325s
  1099   335 114434.670   81  357 114419.881 114492.484  0.06%   266  330s
  1145   350 114430.894  107  631 114419.881 114492.484  0.06%   258  335s
  1166   351 114485.972   25  631 114419.881 114490.568  0.06%   256  340s
  1178   359 114476.753   31  546 114419.881 114490.568  0.06%   256  345s
  1201   379 114469.943   43  826 114419.881 114490.568  0.06%   254  350s
  1241   406 114435.933   64  683 114419.881 114490.568  0.06%   250  355s
  1305   437 114490.294   25  598 114419.881 114490.503  0.06%   241  360s
  1325   457 114480.356   35  582 114419.881 114490.503  0.06%   241  365s
  1353   485 114473.092   49  519 114419.881 114490.503  0.06%   240  370s
  1381   513 114456.987   63  465 114419.881 114490.503  0.06%   240  375s
  1418   548 114436.105   82  396 114419.881 114490.503  0.06%   238  380s
  1479   574 114488.115   25  630 114419.881 114490.020  0.06%   232  385s
  1497   591 114467.549   34  560 114419.881 114490.020  0.06%   232  390s
  1527   619 114466.098   49  485 114419.881 114490.020  0.06%   231  395s
  1563   655 114450.285   67  482 114419.881 114490.020  0.06%   229  400s
  1602   693 114424.804   86  717 114419.881 114490.020  0.06%   228  405s
  1659   749 114441.342  115  316 114419.881 114490.020  0.06%   223  410s
  1760   812 114424.941  168  525 114419.881 114490.020  0.06%   213  415s
  1855   853 114487.435   28  663 114419.881 114490.005  0.06%   204  420s
  1881   878 114479.148   41  824 114419.881 114490.005  0.06%   204  425s
  1903   899 114466.606   52  831 114419.881 114490.005  0.06%   205  430s
  1933   927 114459.036   67  674 114419.881 114490.005  0.06%   205  435s
H 1975   909                    114423.73811 114490.005  0.06%   203  439s
  1975   911 114455.126   88  694 114423.738 114490.005  0.06%   203  441s
  2004   939 114448.340  103  617 114423.738 114490.005  0.06%   202  446s
  2038   969 114433.915  120  520 114423.738 114490.005  0.06%   201  450s
  2114  1014 114488.796   26  690 114423.738 114489.942  0.06%   195  455s
  2134  1033 114485.351   36  582 114423.738 114489.942  0.06%   197  460s
  2159  1058 114465.653   49  532 114423.738 114489.942  0.06%   198  465s
  2213  1106 114434.845   76  361 114423.738 114489.942  0.06%   196  470s
  2285  1122 114483.321   31  550 114423.738 114489.938  0.06%   192  475s
  2320  1157 114463.824   48  813 114423.738 114489.938  0.06%   193  480s
  2357  1192 114458.489   67  687 114423.738 114489.938  0.06%   193  485s
  2400  1234 114437.797   88  600 114423.738 114489.938  0.06%   192  490s
  2451  1280     cutoff  114      114423.738 114489.938  0.06%   191  495s
  2513  1318 114487.309   29  621 114423.738 114489.379  0.06%   188  500s
  2544  1349 114470.260   46  563 114423.738 114489.379  0.06%   188  505s
  2591  1396 114458.774   80  465 114423.738 114489.379  0.06%   188  510s
  2642  1447 114435.367  112  363 114423.738 114489.379  0.06%   186  515s
  2749  1541 114430.080  161  263 114423.738 114489.379  0.06%   181  520s
  2795  1571 114477.308   39  442 114423.738 114489.379  0.06%   181  525s
  2842  1618 114462.795   64  459 114423.738 114489.379  0.06%   180  530s
  2918  1692     cutoff  115      114423.738 114489.379  0.06%   178  535s
  3008  1752 114424.245  160  245 114423.738 114489.379  0.06%   174  540s
  3035  1775 114476.681   42  535 114423.738 114489.016  0.06%   174  545s
  3063  1803 114473.287   53  562 114423.738 114489.016  0.06%   175  550s
  3109  1846 114458.084   82  784 114423.738 114489.016  0.06%   175  555s
  3193  1921 114441.671  130  355 114423.738 114489.016  0.06%   173  560s
  3263  1962 114485.264   30  621 114423.738 114489.010  0.06%   170  565s
  3288  1986 114477.473   46  586 114423.738 114489.010  0.06%   171  570s
  3326  2024 114465.523   72  428 114423.738 114489.010  0.06%   171  575s
  3383  2081 114450.683  106  413 114423.738 114489.010  0.06%   171  580s
  3432  2109 114482.473   24  676 114423.738 114488.797  0.06%   170  585s
  3462  2139 114473.889   45  586 114423.738 114488.797  0.06%   171  590s
  3512  2189 114463.304   85  491 114423.738 114488.797  0.06%   171  595s
  3577  2252 114439.508  122  371 114423.738 114488.797  0.06%   170  600s
  3689  2347 114428.961  175  152 114423.738 114488.797  0.06%   166  605s
  3816  2454 114426.278  235   46 114423.738 114488.797  0.06%   161  610s
  3881  2487 114469.029   40  631 114423.738 114488.781  0.06%   160  615s
  3925  2531 114454.534   73  524 114423.738 114488.781  0.06%   160  620s
  3965  2571 114432.035   93  698 114423.738 114488.781  0.06%   160  625s
  4016  2596 114480.913   29  592 114423.738 114488.648  0.06%   159  630s
  4054  2634 114447.796   50  777 114423.738 114488.648  0.06%   160  635s
  4115  2690 114433.539   92  461 114423.738 114488.648  0.06%   159  640s
  4177  2727 114468.156   41  603 114423.738 114488.574  0.06%   158  645s
  4239  2789 114438.664   81  437 114423.738 114488.574  0.06%   158  650s
  4314  2842 114484.250   34  617 114423.738 114488.565  0.06%   156  655s
  4365  2882 114461.745   41  511 114423.738 114488.508  0.06%   156  660s
  4431  2938 114482.385   33  619 114423.738 114488.451  0.06%   156  665s
  4466  2968 114454.709   51  488 114423.738 114488.451  0.06%   156  670s
  4520  3019 114439.621   78  709 114423.738 114488.451  0.06%   156  675s
  4563  3055 114435.913  101  417 114423.738 114488.451  0.06%   156  680s
  4612  3076 114462.560   37  529 114423.738 114488.313  0.06%   155  685s
  4662  3107 114432.048   37  530 114423.738 114488.204  0.06%   155  690s
  4685  3114 114485.418   37  610 114423.738 114488.122  0.06%   155  695s
  4701  3130 114475.556   44  513 114423.738 114488.122  0.06%   156  700s
  4728  3157 114465.827   58  495 114423.738 114488.122  0.06%   156  705s
  4761  3190 114454.579   81  486 114423.738 114488.122  0.06%   156  710s
  4808  3236 114435.721  108  367 114423.738 114488.122  0.06%   156  715s
  4850  3255 114446.700   38  548 114423.738 114488.111  0.06%   155  720s
  4879  3275 114441.781   38  597 114423.738 114488.083  0.06%   156  725s
  4908  3288 114451.109   39  946 114423.738 114487.989  0.06%   156  730s
  4924  3300 114426.032   54  542 114423.738 114487.989  0.06%   156  745s
  4940  3312 114453.911   34  589 114423.738 114487.916  0.06%   157  750s
  4966  3335 114437.541   44  535 114423.738 114487.916  0.06%   157  755s
  5018  3359 114485.652   33  679 114423.738 114487.857  0.06%   157  760s
  5051  3386 114423.778   63  449 114423.738 114487.857  0.06%   157  765s
  5067  3396 114438.027   40  527 114423.738 114487.776  0.06%   157  770s
  5101  3421 114424.355   68  511 114423.738 114487.776  0.06%   157  775s
  5125  3431 114463.559   41  751 114423.738 114487.660  0.06%   158  780s
  5170  3464 114482.654   34  621 114423.738 114487.634  0.06%   157  785s
  5223  3497 114483.139   36  597 114423.738 114487.623  0.06%   157  790s
  5244  3512 114461.066   53  520 114423.738 114487.623  0.06%   157  795s
  5279  3533 114475.329   39  523 114423.738 114487.621  0.06%   157  800s
  5330  3584 114426.699   90  353 114423.738 114487.621  0.06%   157  805s
  5370  3607 114474.239   34  593 114423.738 114487.617  0.06%   157  810s
  5409  3646 114461.002   53  455 114423.738 114487.617  0.06%   157  815s
  5470  3707 114428.346  102  677 114423.738 114487.617  0.06%   156  820s
  5518  3738 114476.445   42  570 114423.738 114487.608  0.06%   156  825s
  5567  3787 114444.718   91  394 114423.738 114487.608  0.06%   156  830s
  5618  3826 114452.021   31  568 114423.738 114487.522  0.06%   155  835s
  5655  3852 114455.966   60  525 114423.738 114487.520  0.06%   155  840s
  5687  3867 114485.405   29  675 114423.738 114487.401  0.06%   156  845s
  5700  3879 114469.600   36  582 114423.738 114487.401  0.06%   156  850s
  5718  3895 114439.837   45  568 114423.738 114487.401  0.06%   157  855s
  5759  3924     cutoff   66      114423.738 114487.401  0.06%   157  860s
  5784  3940 114471.324   37  858 114423.738 114487.375  0.06%   157  865s
  5821  3976 114426.417   53  474 114423.738 114487.375  0.06%   157  870s
  5858  3990     cutoff   41      114423.738 114487.370  0.06%   157  875s
  5879  4001 114454.880   42  521 114423.738 114487.304  0.06%   158  880s
  5927  4038 114429.321   84  407 114423.738 114487.304  0.06%   157  885s
  5968  4055 114485.109   30  743 114423.738 114487.272  0.06%   157  890s
  5991  4069 114479.929   34  574 114423.738 114487.272  0.06%   158  895s
  6020  4097 114461.592   44  488 114423.738 114487.272  0.06%   158  900s
  6068  4145 114453.280   83  445 114423.738 114487.272  0.06%   158  905s
  6141  4213 114431.786  127  288 114423.738 114487.272  0.06%   157  910s
  6226  4278 114429.573  183  160 114423.738 114487.272  0.06%   155  915s
  6362  4383 114424.658  244   33 114423.738 114487.272  0.06%   152  920s
  6414  4400 114479.338   32  669 114423.738 114487.123  0.06%   152  925s
  6473  4453 114436.913   86  437 114423.738 114487.123  0.06%   152  930s
  6513  4476 114434.329   45  866 114423.738 114487.105  0.06%   152  935s
H 6547  4499                    114423.74718 114487.105  0.06%   152  940s
H 6547  4499                    114423.75933 114487.105  0.06%   152  940s
  6587  4528 114424.144   38  532 114423.759 114487.101  0.06%   152  945s
  6614  4545 114471.133   47  592 114423.759 114487.083  0.06%   152  950s
  6671  4602 114446.077  104  410 114423.759 114487.083  0.06%   152  955s
  6697  4628 114434.577  130  428 114423.759 114487.083  0.06%   151  960s
  6779  4684 114477.719   35  609 114423.759 114487.075  0.06%   150  965s
  6833  4722 114443.705   37  705 114423.759 114487.045  0.06%   150  970s
  6872  4746 114452.484   49  541 114423.759 114487.044  0.06%   150  975s
  6942  4787 114479.611   34  655 114423.759 114486.997  0.06%   150  980s
  6958  4803 114470.136   42  779 114423.759 114486.997  0.06%   150  985s
  6988  4833 114458.881   62  494 114423.759 114486.997  0.06%   151  990s
  7051  4894 114440.216  104  397 114423.759 114486.997  0.06%   150  995s
  7116  4936 114449.993   36  637 114423.759 114486.759  0.06%   150 1000s
  7145  4957 114461.208   35  563 114423.759 114486.545  0.05%   150 1005s
  7173  4969 114478.699   36  730 114423.759 114486.417  0.05%   151 1010s
  7197  4979     cutoff   48      114423.759 114486.400  0.05%   151 1015s
  7226  4997 114483.710   32  652 114423.759 114486.345  0.05%   151 1020s
  7278  5038     cutoff   78      114423.759 114486.345  0.05%   151 1025s
H 7284  4931                    114424.88658 114486.323  0.05%   152 1042s
  7284  4933 114469.980   41  543 114424.887 114486.323  0.05%   152 1045s
  7319  4956 114434.008   35  676 114424.887 114486.260  0.05%   152 1050s
  7351  4976 114433.321   42  590 114424.887 114486.256  0.05%   152 1055s
  7384  4995 114477.339   30  643 114424.887 114486.210  0.05%   152 1060s
  7411  5008     cutoff   35      114424.887 114486.172  0.05%   153 1065s
  7439  5024 114426.473   47  644 114424.887 114486.172  0.05%   153 1070s
  7464  5031 114443.319   33  588 114424.887 114486.160  0.05%   153 1075s
  7500  5046 114443.188   36  506 114424.887 114486.087  0.05%   154 1080s
  7542  5069 114437.866   49  573 114424.887 114486.066  0.05%   154 1085s
  7587  5097 114461.192   38  613 114424.887 114486.012  0.05%   154 1090s
  7624  5123 114482.809   28  582 114424.887 114486.005  0.05%   154 1095s
  7663  5142 114481.372   28  623 114424.887 114485.974  0.05%   154 1100s
  7701  5160 114480.897   34  658 114424.887 114485.973  0.05%   154 1105s
  7752  5211 114437.702   85  521 114424.887 114485.973  0.05%   154 1110s
  7795  5237 114481.766   32  716 114424.887 114485.967  0.05%   154 1115s
  7851  5285 114483.280   26  747 114424.887 114485.919  0.05%   154 1120s
H 7873  5304                    114424.89566 114485.919  0.05%   154 1124s
  7873  5306 114429.483   48  612 114424.896 114485.919  0.05%   154 1125s
  7905  5322 114457.131   35  603 114424.896 114485.890  0.05%   154 1130s
  7933  5345 114433.190   49  518 114424.896 114485.890  0.05%   155 1135s
  7970  5347 114478.812   29  702 114424.896 114485.868  0.05%   155 1140s
  8005  5380 114446.165   45  495 114424.896 114485.868  0.05%   155 1145s
  8047  5413 114426.707   63  369 114424.896 114485.868  0.05%   154 1150s
  8074  5430 114461.189   40  559 114424.896 114485.853  0.05%   155 1155s
  8132  5476 114424.997   64  495 114424.896 114485.853  0.05%   155 1160s
  8159  5491 114438.436   45  530 114424.896 114485.832  0.05%   155 1170s
  8196  5518 114473.654   38  485 114424.896 114485.832  0.05%   155 1175s
  8260  5573 114480.676   30  687 114424.896 114485.797  0.05%   155 1180s
  8309  5612 114467.550   45  564 114424.896 114485.790  0.05%   155 1185s
  8373  5653 114474.853   38  561 114424.896 114485.787  0.05%   154 1190s
  8406  5677 114466.086   31  643 114424.896 114485.770  0.05%   154 1195s
  8452  5699 114470.770   44  545 114424.896 114485.765  0.05%   154 1200s
  8492  5730 114483.661   31  626 114424.896 114485.761  0.05%   154 1205s
  8514  5752 114457.737   53  576 114424.896 114485.761  0.05%   154 1213s
  8527  5765 114453.894   66  568 114424.896 114485.761  0.05%   154 1215s
  8568  5794 114478.842   36  582 114424.896 114485.726  0.05%   154 1220s
  8610  5824 114455.644   31  623 114424.896 114485.664  0.05%   155 1225s
  8647  5860 114428.152   53  479 114424.896 114485.664  0.05%   155 1230s
  8698  5896 114465.181   37  594 114424.896 114485.650  0.05%   155 1235s
  8744  5925 114443.899   37  624 114424.896 114485.650  0.05%   154 1240s
  8792  5959 114433.362   48  857 114424.896 114485.601  0.05%   154 1245s
  8834  5986 114439.465   42  552 114424.896 114485.581  0.05%   155 1250s
  8886  6023 114448.484   56  549 114424.896 114485.579  0.05%   154 1255s
  8933  6059 114442.033   45  564 114424.896 114485.577  0.05%   154 1260s
  8964  6079 114451.392   29  554 114424.896 114485.531  0.05%   154 1265s
  9013  6103 114480.815   23  707 114424.896 114485.521  0.05%   154 1270s
  9056  6135     cutoff   61      114424.896 114485.521  0.05%   154 1275s
  9089  6142 114478.746   32  687 114424.896 114485.464  0.05%   154 1280s
  9116  6158 114478.082   43  587 114424.896 114485.463  0.05%   154 1285s
  9144  6185 114473.975   51  535 114424.896 114485.463  0.05%   155 1290s
  9185  6226 114458.781   66  695 114424.896 114485.463  0.05%   155 1295s
  9232  6273 114451.430   92  465 114424.896 114485.463  0.05%   155 1300s
  9290  6322 114438.889  115  481 114424.896 114485.463  0.05%   154 1305s
  9356  6344 114466.475   42  567 114424.896 114485.463  0.05%   154 1310s
  9405  6382 114483.548   34  726 114424.896 114485.427  0.05%   154 1316s
  9428  6402 114446.847   56  577 114424.896 114485.427  0.05%   154 1320s
  9466  6432 114456.834   28  718 114424.896 114485.426  0.05%   154 1325s
  9495  6453 114473.556   29  654 114424.896 114485.391  0.05%   154 1330s
  9536  6490 114427.486   67  473 114424.896 114485.391  0.05%   154 1335s
  9564  6509 114450.876   32  615 114424.896 114485.388  0.05%   154 1340s
  9600  6526 114444.144   38  614 114424.896 114485.374  0.05%   155 1345s
  9633  6546 114479.932   34  611 114424.896 114485.361  0.05%   155 1350s
  9672  6569 114436.861   40  543 114424.896 114485.326  0.05%   155 1355s
  9695  6573 114470.269   36  613 114424.896 114485.325  0.05%   155 1360s
  9730  6595 114426.142   58  472 114424.896 114485.321  0.05%   155 1365s
  9752  6607 114444.040   41  651 114424.896 114485.320  0.05%   155 1370s
  9784  6629 114430.907   57  541 114424.896 114485.320  0.05%   156 1375s
  9816  6636 114477.847   38  654 114424.896 114485.305  0.05%   156 1380s
H 9839  6610                    114425.28897 114485.305  0.05%   156 1383s
H 9839  6333                    114427.02166 114485.305  0.05%   156 1383s
  9846  6337 114479.577   32  636 114427.022 114485.279  0.05%   156 1385s
  9872  6363 114430.711   58  564 114427.022 114485.279  0.05%   156 1390s
  9903  6379 114469.173   41  617 114427.022 114485.259  0.05%   156 1395s
  9928  6395 114464.988   36  579 114427.022 114485.209  0.05%   156 1400s
  9948  6413 114451.580   46  615 114427.022 114485.209  0.05%   157 1405s
  9974  6439 114435.344   59  750 114427.022 114485.209  0.05%   157 1410s
 10009  6466 114434.278   77  610 114427.022 114485.209  0.05%   157 1415s
 10049  6471 114435.471   41  597 114427.022 114485.191  0.05%   157 1420s
 10074  6488 114466.876   48  575 114427.022 114485.184  0.05%   157 1425s
 10120  6529 114472.225   33  635 114427.022 114485.182  0.05%   157 1430s
 10145  6549 114447.934   43  883 114427.022 114485.182  0.05%   157 1435s
 10187  6573 114478.192   28  683 114427.022 114485.171  0.05%   157 1440s
 10203  6584 114429.176  146  630 114427.022 114485.171  0.05%   157 1478s
 10205  6585 114473.859   32  320 114427.022 114485.171  0.05%   157 1481s
 10209  6588 114436.340   40 1153 114427.022 114485.171  0.05%   157 1485s
 10220  6595 114430.612   56  698 114427.022 114485.171  0.05%   157 1494s
 10222  6597 114468.396   59  780 114427.022 114485.171  0.05%   157 1498s
 10223  6597 114431.515  113  678 114427.022 114485.171  0.05%   157 1502s
 10227  6600 114464.858   57  781 114427.022 114485.171  0.05%   157 1506s
 10228  6601 114427.662  127  755 114427.022 114485.171  0.05%   157 1511s
 10232  6603 114482.976   34  772 114427.022 114485.171  0.05%   157 1515s
 10235  6605 114481.071   30  815 114427.022 114485.171  0.05%   157 1520s
 10237  6607 114483.597   29  771 114427.022 114485.171  0.05%   157 1527s
 10239  6608 114469.392   47  809 114427.022 114485.171  0.05%   157 1531s
 10240  6609 114474.826   35  760 114427.022 114485.171  0.05%   157 1535s
 10242  6610 114446.039   51  821 114427.022 114485.171  0.05%   157 1543s
 10245  6612 114465.186   34  878 114427.022 114485.171  0.05%   157 1547s
 10246  6613 114436.369   53  843 114427.022 114485.171  0.05%   157 1552s
 10248  6614 114457.193   70  874 114427.022 114485.171  0.05%   157 1555s
 10249  6615 114463.038   44  779 114427.022 114485.171  0.05%   156 1560s
 10251  6616 114478.195   41  760 114427.022 114485.171  0.05%   156 1568s
 10256  6619 114441.842   73  819 114427.022 114485.171  0.05%   156 1572s
 10257  6620 114435.683   46  861 114427.022 114485.171  0.05%   156 1579s
 10262  6623 114428.083  106  940 114427.022 114485.171  0.05%   156 1583s
 10263  6624 114443.618  113  819 114427.022 114485.171  0.05%   156 1587s
 10265  6625 114458.819   52  896 114427.022 114485.171  0.05%   156 1591s
 10266  6626 114459.706   68  817 114427.022 114485.171  0.05%   156 1596s
 10270  6629 114465.130   37  879 114427.022 114485.033  0.05%   156 1601s
 10271  6629 114482.526   29  822 114427.022 114484.450  0.05%   156 1606s
 10276  6633 114470.459   34  948 114427.022 114484.183  0.05%   156 1610s
H10276  6300                    114427.02170 114483.959  0.05%   156 1613s
 10280  6302 114455.047  102  834 114427.022 114483.692  0.05%   156 1617s
 10281  6303 114429.980   63  771 114427.022 114483.424  0.05%   156 1621s
 10286  6306 114459.530   86  817 114427.022 114482.047  0.05%   156 1627s
 10291  6310 114434.653   54  850 114427.022 114481.701  0.05%   156 1630s
 10294  6312 114433.579   48  846 114427.022 114481.339  0.05%   156 1635s
H10294  5995                    114427.08242 114480.241  0.05%   156 1639s
 10299  5998 114465.511   40  839 114427.082 114479.938  0.05%   156 1642s
 10300  5999 114457.347   85  793 114427.082 114479.366  0.05%   156 1645s
H10302  5698                    114427.09458 114479.121  0.05%   156 1651s
 10305  5700 114473.859   32  799 114427.095 114479.084  0.05%   156 1657s
 10310  5703 114466.673   58  903 114427.095 114478.553  0.04%   156 1660s
H10310  5416                    114427.09462 114478.449  0.04%   156 1663s
 10312  5418 114476.867   35  858 114427.095 114478.449  0.04%   156 1666s
 10315  5420 114456.038   40  915 114427.095 114478.355  0.04%   155 1671s
H10315  5147                    114427.38491 114478.257  0.04%   155 1676s
 10318  5149 114437.598   97  902 114427.385 114478.227  0.04%   155 1681s
H10321  4892                    114427.43090 114477.949  0.04%   155 1687s
 10325  4894 114475.710   39  756 114427.431 114477.798  0.04%   155 1692s
 10327  4896 114464.858   57  758 114427.431 114477.719  0.04%   155 1698s
 10330  4898 114455.533   32  829 114427.431 114477.608  0.04%   155 1701s
H10330  4651                    114427.59759 114477.468  0.04%   155 1704s
 10332  4652 114477.468   34  895 114427.598 114477.468  0.04%   155 1706s
 10333  4653 114461.737   48  895 114427.598 114477.346  0.04%   155 1713s
 10334  4653 114428.058   71  895 114427.598 114477.346  0.04%   155 1715s
 10336  4655 114433.357   83  949 114427.598 114477.346  0.04%   155 1722s
 10337  4655 114477.256   29  851 114427.598 114477.256  0.04%   155 1725s
H10338  4420                    114427.88793 114477.161  0.04%   155 1730s
 10342  4423 114446.039   51  730 114427.888 114476.895  0.04%   155 1736s
 10346  4425 114436.369   53  843 114427.888 114476.744  0.04%   155 1743s
 10347  4426 114434.278  135  847 114427.888 114476.744  0.04%   155 1745s
H10347  4203                    114427.94973 114476.702  0.04%   155 1750s
 10350  4205 114441.573   48  794 114427.950 114476.657  0.04%   155 1757s
 10351  4206 114476.651   41  909 114427.950 114476.651  0.04%   155 1760s
 10353  4207 114462.093   59  927 114427.950 114476.610  0.04%   155 1765s
 10355  4208 114451.552   50  920 114427.950 114476.571  0.04%   155 1771s
 10356  4209 114441.842   73  889 114427.950 114476.571  0.04%   155 1775s
 10358  4210 114452.951  102  867 114427.950 114476.522  0.04%   155 1781s
 10360  4212 114439.463   46  907 114427.950 114476.490  0.04%   155 1787s
 10362  4213 114428.083  106  899 114427.950 114476.451  0.04%   155 1793s
 10363  4214 114443.618  113  921 114427.950 114476.451  0.04%   155 1795s

Cutting planes:
  Gomory: 40
  Lift-and-project: 50
  MIR: 277
  Flow cover: 419
  Network: 21

Explored 10364 nodes (1808853 simplex iterations) in 1800.94 seconds (1710.46 work units)
Thread count was 1 (of 72 available processors)

Solution count 10: 114428 114428 114428 ... 114427

Time limit reached
Best objective 1.144279497267e+05, best bound 1.144764439085e+05, gap 0.0424%
