WARNING: Loading a SolverResults object with an 'aborted' status, but
containing a solution
WARNING: Loading a SolverResults object with an 'aborted' status, but
containing a solution
{"fhops_version": "1.0.1", "context": "ni", "size": "18", "sub_days": 56, "lock_days": 7, "solver": "gurobi", "threads": 1, "time_limit_s": 7200, "earliness_time_limit_s": 1800, "wall_time_s": 9010.628338336945}
	Command being timed: "/tmp/opencode/venv-fhops101-grb/bin/python scripts/probe_mip_window_v101.py ni 18 --sub 56 --lock 7 --solver gurobi --time-limit 7200 --earliness-time-limit 1800 --log-file data/output/rerun_v101_calib/ni_18_sub56_lock7.gurobi.log --out data/output/rerun_v101_calib/ni_18_sub56_lock7.json"
	User time (seconds): 8968.26
	System time (seconds): 22.81
	Percent of CPU this job got: 99%
	Elapsed (wall clock) time (h:mm:ss or m:ss): 2:30:12
	Average shared text size (kbytes): 0
	Average unshared data size (kbytes): 0
	Average stack size (kbytes): 0
	Average total size (kbytes): 0
	Maximum resident set size (kbytes): 1556108
	Average resident set size (kbytes): 0
	Major (requiring I/O) page faults: 184
	Minor (reclaiming a frame) page faults: 20213716
	Voluntary context switches: 91497
	Involuntary context switches: 341420
	Swaps: 0
	File system inputs: 0
	File system outputs: 39893
	Socket messages sent: 0
	Socket messages received: 0
	Signals delivered: 0
	Page size (bytes): 4096
	Exit status: 0
