
Gurobi 13.0.3 (linux64) logging started Sat Oct 10 06:10:21 2026

Set parameter LogFile to value "/home/gep/projects/jaffray-masc-fhops-model/data/output/rerun_v101_calib/ni_40_sub14_lock7.gurobi.log"
Gurobi Optimizer version 13.0.3 build v13.0.3rc0 (linux64 - "Ubuntu 24.04.3 LTS")

CPU model: Intel(R) Xeon(R) Gold 6254 CPU @ 3.10GHz, instruction set [SSE2|AVX|AVX2|AVX512]
Thread count: 36 physical cores, 72 logical processors, using up to 1 threads

Non-default parameters:
TimeLimit  7200
Threads  1

Optimize a model with 77298 rows, 102136 columns and 303748 nonzeros (Max)
Model fingerprint: 0x2f8ffd7d
Model has 1720 linear objective coefficients
Variable types: 58840 continuous, 43296 integer (43296 binary)
Coefficient statistics:
  Matrix range     [1e+00, 1e+05]
  Objective range  [1e+00, 1e+00]
  Bounds range     [1e+00, 1e+00]
  RHS range        [1e+00, 3e+05]

Found heuristic solution: objective -1578930.500
Presolve removed 13171 rows and 14330 columns
Presolve time: 1.07s
Presolved: 64127 rows, 87806 columns, 269022 nonzeros
Variable types: 46923 continuous, 40883 integer (40883 binary)

Use crossover to convert LP symmetric solution to basic solution...
Crossover time: 0.12 seconds (0.07 work units)

Root relaxation: objective -1.303157e+06, 22680 iterations, 3.81 seconds (3.32 work units)

    Nodes    |    Current Node    |     Objective Bounds      |     Work
 Expl Unexpl |  Obj  Depth IntInf | Incumbent    BestBd   Gap | It/Node Time

     0     0 -1303157.1    0  519 -1578930.5 -1303157.1  17.5%     -   22s
H    0     0                    -1341937.888 -1303157.1  2.89%     -   25s
H    0     0                    -1338433.505 -1303157.1  2.64%     -   26s
H    0     0                    -1337927.042 -1303157.1  2.60%     -   28s
H    0     0                    -1336805.164 -1303157.1  2.52%     -   29s
H    0     0                    -1336213.662 -1303157.1  2.47%     -   30s
H    0     0                    -1333338.134 -1303157.1  2.26%     -   30s
H    0     0                    -1330700.408 -1303157.1  2.07%     -   31s
H    0     0                    -1329247.486 -1303157.1  1.96%     -   32s
H    0     0                    -1329080.386 -1303157.1  1.95%     -   32s
H    0     0                    -1327855.062 -1303157.1  1.86%     -   32s
H    0     0                    -1325395.433 -1303157.1  1.68%     -   32s
H    0     0                    -1324162.429 -1303157.1  1.59%     -   33s
H    0     0                    -1323703.758 -1303157.1  1.55%     -   33s
H    0     0                    -1320144.282 -1303157.1  1.29%     -   34s
H    0     0                    -1318604.903 -1303157.1  1.17%     -   36s
H    0     0                    -1318526.669 -1303157.1  1.17%     -   37s
H    0     0                    -1317884.455 -1303157.1  1.12%     -   38s
H    0     0                    -1317713.273 -1303157.1  1.10%     -   39s
H    0     0                    -1317588.731 -1303157.1  1.10%     -   41s
     0     0 -1303265.8    0  800 -1317588.7 -1303265.8  1.09%     -   52s
H    0     0                    -1317553.547 -1303265.8  1.08%     -   56s
H    0     0                    -1316655.929 -1303265.8  1.02%     -   56s
H    0     0                    -1316638.681 -1303265.8  1.02%     -   57s
H    0     0                    -1316483.736 -1303265.8  1.00%     -   57s
H    0     0                    -1316376.022 -1303265.8  1.00%     -   60s
H    0     0                    -1315959.400 -1303265.8  0.96%     -   62s
     0     0 -1303265.8    0  733 -1315959.4 -1303265.8  0.96%     -   64s
     0     0 -1303265.8    0  842 -1315959.4 -1303265.8  0.96%     -   75s
     0     0 -1303266.0    0  850 -1315959.4 -1303266.0  0.96%     -   79s
     0     0 -1303266.0    0  848 -1315959.4 -1303266.0  0.96%     -   79s
     0     0 -1303266.0    0  816 -1315959.4 -1303266.0  0.96%     -   82s
     0     0 -1303266.0    0  901 -1315959.4 -1303266.0  0.96%     -   89s
     0     0 -1303266.0    0  456 -1315959.4 -1303266.0  0.96%     -  111s
H    0     0                    -1315845.123 -1303266.0  0.96%     -  118s
H    0     0                    -1315157.079 -1303266.0  0.90%     -  119s
H    0     0                    -1315038.316 -1303266.0  0.90%     -  119s
H    0     0                    -1314706.213 -1303266.0  0.87%     -  120s
H    0     0                    -1314599.296 -1303266.0  0.86%     -  120s
H    0     0                    -1314586.555 -1303266.0  0.86%     -  120s
H    0     0                    -1314391.166 -1303266.0  0.85%     -  121s
H    0     0                    -1314353.236 -1303266.0  0.84%     -  124s
     0     0 -1303266.0    0  477 -1314353.2 -1303266.0  0.84%     -  130s
     0     0 -1303266.0    0  641 -1314353.2 -1303266.0  0.84%     -  138s
     0     0 -1303266.0    0  604 -1314353.2 -1303266.0  0.84%     -  141s
     0     0 -1303266.0    0  682 -1314353.2 -1303266.0  0.84%     -  148s
     0     0 -1303266.0    0  358 -1314353.2 -1303266.0  0.84%     -  162s
     0     0 -1303266.0    0  425 -1314353.2 -1303266.0  0.84%     -  166s
     0     0 -1303266.0    0  563 -1314353.2 -1303266.0  0.84%     -  171s
     0     0 -1303266.0    0  352 -1314353.2 -1303266.0  0.84%     -  185s
     0     0 -1303266.0    0  385 -1314353.2 -1303266.0  0.84%     -  188s
     0     0 -1303266.0    0  482 -1314353.2 -1303266.0  0.84%     -  192s
     0     0 -1303266.0    0  341 -1314353.2 -1303266.0  0.84%     -  205s
     0     0 -1303266.0    0  340 -1314353.2 -1303266.0  0.84%     -  207s
     0     0 -1303266.0    0  483 -1314353.2 -1303266.0  0.84%     -  211s
     0     0 -1303266.0    0  269 -1314353.2 -1303266.0  0.84%     -  221s
     0     0 -1303266.0    0  357 -1314353.2 -1303266.0  0.84%     -  223s
     0     0 -1303266.0    0  463 -1314353.2 -1303266.0  0.84%     -  226s
     0     0 -1303266.0    0  318 -1314353.2 -1303266.0  0.84%     -  236s
     0     0 -1303266.0    0  318 -1314353.2 -1303266.0  0.84%     -  236s
     0     0 -1303266.0    0  318 -1314353.2 -1303266.0  0.84%     -  236s
     0     0 -1303266.0    0  277 -1314353.2 -1303266.0  0.84%     -  243s
H    0     0                    -1314177.576 -1303266.0  0.83%     -  280s
H    0     0                    -1314161.830 -1303266.0  0.83%     -  281s
H    0     0                    -1314142.103 -1303266.0  0.83%     -  282s
H    0     0                    -1314136.723 -1303266.0  0.83%     -  285s
H    0     0                    -1314104.891 -1303266.0  0.82%     -  285s
H    0     0                    -1313863.460 -1303266.0  0.81%     -  287s
H    0     0                    -1313775.847 -1303266.0  0.80%     -  287s
H    0     0                    -1313501.537 -1303266.0  0.78%     -  288s
     0     2 -1303266.0    0  277 -1313501.5 -1303266.0  0.78%     -  293s
H    1     1                    -1313203.502 -1303266.0  0.76%   0.0  296s
H    1     1                    -1313144.197 -1303266.0  0.75%   0.0  297s
H    1     1                    -1313131.419 -1303266.0  0.75%   0.0  298s
     1     3 -1303266.0    1  346 -1313131.4 -1303266.0  0.75%  1482  302s
H    2     2                    -1313088.675 -1303266.0  0.75%   741  305s
     6     8 -1303266.0    3  381 -1313088.7 -1303266.0  0.75%  1441  310s
H    7     7                    -1312974.343 -1303266.0  0.74%  1235  321s
H    7     7                    -1312837.840 -1303266.0  0.73%  1235  327s
H    7     7                    -1312765.786 -1303266.0  0.72%  1235  334s
H    7     7                    -1312382.497 -1303266.0  0.69%  1235  341s
H    7     7                    -1312294.638 -1303266.0  0.69%  1235  343s
H    8     8                    -1312150.975 -1303266.0  0.68%  1213  351s
H    8     8                    -1312081.718 -1303266.0  0.67%  1213  352s
H    8     8                    -1312007.686 -1303266.0  0.67%  1213  354s
     8    10 -1303266.0    4  332 -1312007.7 -1303266.0  0.67%  1366  358s
    11    13 -1303266.0    6  403 -1312007.7 -1303266.0  0.67%  1342  361s
    15    17 -1303266.0    8  370 -1312007.7 -1303266.0  0.67%  1460  365s
    20    22 -1303266.0   11  409 -1312007.7 -1303266.0  0.67%  1329  374s
    21    23 -1303266.0   12  540 -1312007.7 -1303266.0  0.67%  1525  378s
    26    28 -1303266.0   14  465 -1312007.7 -1303266.0  0.67%  1407  381s
    28    30 -1303266.0   15  422 -1312007.7 -1303266.0  0.67%  1550  385s
    31    33 -1303266.0   17  518 -1312007.7 -1303266.0  0.67%  1680  390s
    42    44 -1303266.0   23  453 -1312007.7 -1303266.0  0.67%  1418  395s
H   51    51                    -1311812.168 -1303266.0  0.65%  1274  404s
H   51    51                    -1311810.430 -1303266.0  0.65%  1274  406s
    57    59 -1303266.0   32  551 -1311810.4 -1303266.0  0.65%  1258  412s
    64    66 -1303266.0   36  468 -1311810.4 -1303266.0  0.65%  1186  415s
    73    75 -1303266.0   42  447 -1311810.4 -1303266.0  0.65%  1126  420s
    88    90 -1303266.0   53  451 -1311810.4 -1303266.0  0.65%   996  425s
    96    98 -1303761.1   57  425 -1311810.4 -1303266.0  0.65%  1000  430s
   107   109 -1303266.0   65  491 -1311810.4 -1303266.0  0.65%   961  435s
H  117   117                    -1311786.582 -1303266.0  0.65%   939  447s
   117   119 -1303266.0   72  487 -1311786.6 -1303266.0  0.65%   942  451s
   131   133 -1303761.1   81  482 -1311786.6 -1303266.0  0.65%   887  455s
   140   142 -1303266.0   86  486 -1311786.6 -1303266.0  0.65%   881  460s
   154   156 -1303266.0   94  580 -1311786.6 -1303266.0  0.65%   867  466s
   162   164 -1303266.0   98  595 -1311786.6 -1303266.0  0.65%   875  471s
   170   172 -1303266.0  103  575 -1311786.6 -1303266.0  0.65%   869  475s
   178   180 -1303266.0  108  524 -1311786.6 -1303266.0  0.65%   862  480s
   185   187 -1303761.1  112  519 -1311786.6 -1303266.0  0.65%   872  485s
   192   194 -1303266.0  117  496 -1311786.6 -1303266.0  0.65%   878  490s
H  203   203                    -1311632.489 -1303266.0  0.64%   860  500s
H  203   203                    -1311014.475 -1303266.0  0.59%   860  503s
H  203   203                    -1310938.615 -1303266.0  0.59%   860  505s
   203   205 -1303266.0  123  563 -1310938.6 -1303266.0  0.59%   871  514s
   204   206 -1303266.0  124  585 -1310938.6 -1303266.0  0.59%   877  515s
   215   217 -1303266.0  130  536 -1310938.6 -1303266.0  0.59%   871  520s
   223   225 -1303266.0  135  565 -1310938.6 -1303266.0  0.59%   879  525s
   232   234 -1303266.0  140  564 -1310938.6 -1303266.0  0.59%   871  530s
   240   242 -1303266.0  145  515 -1310938.6 -1303266.0  0.59%   868  535s
   253   255 -1303266.0  155  527 -1310938.6 -1303266.0  0.59%   848  540s
   263   265 -1303266.0  162  525 -1310938.6 -1303266.0  0.59%   841  545s
   278   280 -1303266.0  173  508 -1310938.6 -1303266.0  0.59%   820  550s
   289   291 -1303317.0  181  530 -1310938.6 -1303266.0  0.59%   814  555s
   304   306 -1303722.8  189  473 -1310938.6 -1303266.0  0.59%   800  560s
   315   317 -1303722.8  196  483 -1310938.6 -1303266.0  0.59%   800  565s
   324   326 -1303722.8  201  489 -1310938.6 -1303266.0  0.59%   799  570s
   336   338 -1303722.8  210  469 -1310938.6 -1303266.0  0.59%   788  575s
   348   350 -1303723.1  218  480 -1310938.6 -1303266.0  0.59%   785  580s
   362   364 -1303731.9  226  527 -1310938.6 -1303266.0  0.59%   779  585s
   371   373 -1303731.9  231  489 -1310938.6 -1303266.0  0.59%   776  590s
   373   375 -1303731.9  232  490 -1310938.6 -1303266.0  0.59%   774  607s
   378   380 -1304062.8  234  516 -1310938.6 -1303266.0  0.59%   781  610s
   385   387 -1303731.9  238  515 -1310938.6 -1303266.0  0.59%   791  615s
   390   392 -1303731.9  241  507 -1310938.6 -1303266.0  0.59%   804  620s
   397   399 -1303731.9  246  523 -1310938.6 -1303266.0  0.59%   813  626s
   404   406 -1303731.9  251  498 -1310938.6 -1303266.0  0.59%   810  630s
   413   415 -1303731.9  258  500 -1310938.6 -1303266.0  0.59%   811  635s
   424   426 -1303731.9  265  525 -1310938.6 -1303266.0  0.59%   808  641s
   432   434 -1303731.9  270  514 -1310938.6 -1303266.0  0.59%   807  645s
   442   444 -1303731.9  278  542 -1310938.6 -1303266.0  0.59%   807  650s
   450   452 -1303735.6  283  536 -1310938.6 -1303266.0  0.59%   809  655s
   458   460 -1303731.9  289  519 -1310938.6 -1303266.0  0.59%   809  660s
   464   466 -1303731.9  293  520 -1310938.6 -1303266.0  0.59%   810  680s
   465   467 -1303731.9  293  496 -1310938.6 -1303266.0  0.59%   809  704s
   466   468 -1303731.9  294  496 -1310938.6 -1303266.0  0.59%   809  705s
   473   475 -1303735.6  297  531 -1310938.6 -1303266.0  0.59%   814  710s
   483   485 -1303731.9  304  516 -1310938.6 -1303266.0  0.59%   811  715s
   491   493 -1303735.6  309  538 -1310938.6 -1303266.0  0.59%   816  720s
   499   501 -1303731.9  315  522 -1310938.6 -1303266.0  0.59%   815  725s
   505   507 -1304030.8  319  571 -1310938.6 -1303266.0  0.59%   825  730s
   513   515 -1303735.6  324  525 -1310938.6 -1303266.0  0.59%   824  735s
   527   529 -1303852.5  334  521 -1310938.6 -1303266.0  0.59%   813  740s
   535   537 -1303932.6  339  529 -1310938.6 -1303266.0  0.59%   815  745s
   543   545 -1303944.2  344  507 -1310938.6 -1303266.0  0.59%   816  750s
   553   555 -1303983.0  350  503 -1310938.6 -1303266.0  0.59%   815  755s
   561   563 -1303983.0  355  478 -1310938.6 -1303266.0  0.59%   815  760s
   572   574 -1303983.0  362  487 -1310938.6 -1303266.0  0.59%   808  765s
   586   588 -1303983.0  371  529 -1310938.6 -1303266.0  0.59%   799  770s
   593   595 -1303983.0  376  566 -1310938.6 -1303266.0  0.59%   802  775s
   601   603 -1303983.0  381  571 -1310938.6 -1303266.0  0.59%   803  780s
   606   608 -1303983.0  384  569 -1310938.6 -1303266.0  0.59%   800  786s
   609   611 -1304100.5  386  582 -1310938.6 -1303266.0  0.59%   805  790s
   619   621 -1303983.7  392  520 -1310938.6 -1303266.0  0.59%   802  816s
   627   629 -1303986.9  398  501 -1310938.6 -1303266.0  0.59%   799  820s
   642   644 -1304003.9  412  536 -1310938.6 -1303266.0  0.59%   790  825s
   648   650 -1304115.5  417  550 -1310938.6 -1303266.0  0.59%   788  916s
   656   658 -1304706.1  422  489 -1310938.6 -1303266.0  0.59%   787  920s
   661   663 -1304115.5  426  507 -1310938.6 -1303266.0  0.59%   784  925s
   662   664 -1304115.5  427  488 -1310938.6 -1303266.0  0.59%   784  947s
   669   671 -1304171.4  432  534 -1310938.6 -1303266.0  0.59%   781  950s
   681   683 -1304804.5  441  534 -1310938.6 -1303266.0  0.59%   777  955s
   694   696 -1304171.4  452  559 -1310938.6 -1303266.0  0.59%   771  960s
   702   704 -1304171.4  458  530 -1310938.6 -1303266.0  0.59%   772  965s
   707   709 -1304286.0  461  526 -1310938.6 -1303266.0  0.59%   771  971s
   716   718 -1304286.0  468  569 -1310938.6 -1303266.0  0.59%   770  975s
   725   727 -1304286.0  474  527 -1310938.6 -1303266.0  0.59%   773  980s
   737   739 -1304783.1  485  496 -1310938.6 -1303266.0  0.59%   770  985s
   751   753 -1305041.7  496  481 -1310938.6 -1303266.0  0.59%   768  990s
   771   773 -1305261.3  510  478 -1310938.6 -1303266.0  0.59%   758  995s
   793   795 -1305298.2  528  447 -1310938.6 -1303266.0  0.59%   745 1000s
   817   819 -1305707.7  543  451 -1310938.6 -1303266.0  0.59%   733 1005s
   837   839 -1305960.4  555  444 -1310938.6 -1303266.0  0.59%   725 1010s
   856   858 -1307210.4  569  427 -1310938.6 -1303266.0  0.59%   717 1015s
   877   877 -1307210.4  582  434 -1310938.6 -1303266.0  0.59%   708 1020s
   895   895 -1307327.3  595  410 -1310938.6 -1303266.0  0.59%   703 1025s
   916   916 -1307829.2  610  391 -1310938.6 -1303266.0  0.59%   691 1030s
   941   939 -1309960.9  625  354 -1310938.6 -1303266.0  0.59%   677 1035s
   964   962 -1307982.6  641  383 -1310938.6 -1303266.0  0.59%   670 1040s
   967   965 -1307995.2  643  400 -1310938.6 -1303266.0  0.59%   671 1068s
   972   970 -1308003.5  647  375 -1310938.6 -1303266.0  0.59%   669 1070s
   979   977 -1308003.5  651  357 -1310938.6 -1303266.0  0.59%   672 1124s
   982   980 -1308337.4  653  348 -1310938.6 -1303266.0  0.59%   670 1125s
  1008  1006 -1308337.4  672  344 -1310938.6 -1303266.0  0.59%   659 1130s
  1022  1020 -1308491.9  679  360 -1310938.6 -1303266.0  0.59%   661 1135s
  1046  1044 -1309089.1  697  349 -1310938.6 -1303266.0  0.59%   652 1140s
  1069  1067 -1309089.1  714  311 -1310938.6 -1303266.0  0.59%   644 1145s
  1095  1093 -1309379.4  733  322 -1310938.6 -1303266.0  0.59%   635 1150s
  1122  1120 -1310096.2  750  279 -1310938.6 -1303266.0  0.59%   623 1155s
  1142  1129 -1304100.5  387  277 -1310938.6 -1303266.0  0.59%   613 1212s
  1144  1130 -1305329.3  498  582 -1310938.6 -1303266.0  0.59%   612 1279s
  1145  1131 -1304100.5  387  599 -1310938.6 -1303286.1  0.58%   612 1382s
  1146  1132 -1303722.8  202  612 -1310938.6 -1303288.0  0.58%   611 1388s
  1147  1132 -1307210.4  579  592 -1310938.6 -1303288.9  0.58%   611 1391s
  1148  1133 -1310405.1  693  573 -1310938.6 -1303288.9  0.58%   610 1395s
  1149  1134 -1303298.7   68  470 -1310938.6 -1303298.7  0.58%   610 1437s
  1150  1134 -1303298.7  164  495 -1310938.6 -1303298.7  0.58%   609 1445s
  1151  1135 -1303731.9  274  436 -1310938.6 -1303298.7  0.58%   608 1472s
  1152  1136 -1304171.4  433  429 -1310938.6 -1303298.7  0.58%   608 1477s
  1153  1136 -1309089.1  699  370 -1310938.6 -1303298.7  0.58%   607 1496s
  1154  1137 -1303735.6  282  426 -1310938.6 -1303298.7  0.58%   607 1501s
  1155  1138 -1308337.4  663  411 -1310938.6 -1303298.7  0.58%   606 1525s
  1156  1138 -1304171.4  459  486 -1310938.6 -1303298.7  0.58%   606 1531s
  1157  1139 -1307982.6  634  346 -1310938.6 -1303298.7  0.58%   605 1671s
  1158  1140 -1307210.4  577  420 -1310938.6 -1303298.7  0.58%   605 1675s
  1159  1140 -1309089.1  689  321 -1310938.6 -1303298.7  0.58%   604 1697s
  1160  1141 -1309089.1  720  387 -1310938.6 -1303298.7  0.58%   604 1702s
  1161  1142 -1304171.4  435  325 -1310938.6 -1303298.7  0.58%   603 1718s
  1162  1142 -1303761.1  137  455 -1310938.6 -1303298.7  0.58%   603 1725s
  1163  1143 -1303298.7   67  366 -1310938.6 -1303298.7  0.58%   602 1744s
  1164  1144 -1303731.9  227  394 -1310938.6 -1303298.7  0.58%   602 1747s
  1165  1144 -1303983.0  371  374 -1310938.6 -1303298.7  0.58%   601 1768s
  1166  1145 -1303722.8  189  301 -1310938.6 -1303298.7  0.58%   601 1803s
  1167  1146 -1303731.9  244  301 -1310938.6 -1303298.7  0.58%   600 1931s
  1168  1148 -1303326.6   16  325 -1310938.6 -1303298.7  0.58%  1222 1973s
  1170  1150 -1303298.9   17  324 -1310938.6 -1303298.9  0.58%  1222 1976s
  1172  1151 -1303318.1   18  498 -1310938.6 -1303298.9  0.58%  1229 1982s
  1176  1154 -1303306.4   20  302 -1310938.6 -1303306.0  0.58%  1226 1985s
  1178  1155 -1303306.4   21  498 -1310938.6 -1303306.4  0.58%  1233 1990s
  1181  1157 -1303375.6   22  534 -1310938.6 -1303306.4  0.58%  1235 1995s
  1185  1160 -1303314.0   24  363 -1310938.6 -1303306.4  0.58%  1236 2001s
  1189  1162 -1303362.6   26  358 -1310938.6 -1303306.4  0.58%  1235 2005s
  1195  1166 -1303314.0   29  432 -1310938.6 -1303306.4  0.58%  1233 2010s
  1201  1170 -1303358.4   32  453 -1310938.6 -1303306.4  0.58%  1234 2017s
  1204  1172 -1303408.5   34  368 -1310938.6 -1303306.4  0.58%  1235 2020s
  1208  1175 -1303494.5   36  504 -1310938.6 -1303306.4  0.58%  1238 2026s
  1212  1178 -1303373.5   38  441 -1310938.6 -1303306.4  0.58%  1238 2030s
  1216  1180 -1303578.5   40  403 -1310938.6 -1303306.4  0.58%  1236 2035s
  1221  1184 -1303373.5   42  512 -1310938.6 -1303306.4  0.58%  1235 2042s
  1225  1186 -1303381.4   44  492 -1310938.6 -1303306.4  0.58%  1233 2045s
  1230  1190 -1303382.4   47  509 -1310938.6 -1303306.4  0.58%  1231 2050s
  1234  1192 -1303382.4   49  473 -1310938.6 -1303306.4  0.58%  1231 2056s
  1237  1194 -1303382.4   50  480 -1310938.6 -1303306.4  0.58%  1230 2060s
  1242  1198 -1303400.2   53  422 -1310938.6 -1303306.4  0.58%  1227 2065s
  1246  1200 -1303400.2   55  437 -1310938.6 -1303306.4  0.58%  1228 2070s
  1250  1203 -1303400.2   57  472 -1310938.6 -1303306.4  0.58%  1227 2075s
  1255  1206 -1303400.2   59  425 -1310938.6 -1303306.4  0.58%  1224 2080s
  1259  1209 -1303400.2   61  469 -1310938.6 -1303306.4  0.58%  1226 2086s
  1262  1211 -1303400.2   63  537 -1310938.6 -1303306.4  0.58%  1228 2092s
  1265  1213 -1303400.2   64  467 -1310938.6 -1303306.4  0.58%  1227 2095s
  1269  1216 -1303400.2   66  437 -1310938.6 -1303306.4  0.58%  1228 2101s
  1273  1218 -1303418.9   68  532 -1310938.6 -1303306.4  0.58%  1229 2145s
  1281  1224 -1303508.1   72  406 -1310938.6 -1303306.4  0.58%  1224 2150s
  1289  1229 -1303508.1   76  436 -1310938.6 -1303306.4  0.58%  1217 2155s
  1303  1238 -1304121.7   83  483 -1310938.6 -1303306.4  0.58%  1206 2161s
  1308  1242 -1303494.6   86  431 -1310938.6 -1303306.4  0.58%  1204 2165s
  1315  1246 -1303741.2   89  448 -1310938.6 -1303306.4  0.58%  1200 2170s
  1321  1250 -1303543.5   92  488 -1310938.6 -1303306.4  0.58%  1197 2175s
  1325  1253 -1303575.8   94  441 -1310938.6 -1303306.4  0.58%  1196 2180s
  1328  1255 -1303494.6   96  469 -1310938.6 -1303306.4  0.58%  1196 2185s
  1332  1258 -1303494.6   98  496 -1310938.6 -1303306.4  0.58%  1196 2190s
  1337  1261 -1303505.6  100  462 -1310938.6 -1303306.4  0.58%  1195 2196s
  1341  1264 -1303669.8  102  475 -1310938.6 -1303306.4  0.58%  1194 2200s
  1346  1267 -1303505.6  105  510 -1310938.6 -1303306.4  0.58%  1193 2206s
  1351  1270 -1303703.6  107  471 -1310938.6 -1303306.4  0.58%  1192 2210s
  1358  1275 -1303520.9  111  467 -1310938.6 -1303306.4  0.58%  1188 2215s
  1364  1279 -1303598.1  114  443 -1310938.6 -1303306.4  0.58%  1187 2220s
  1368  1282 -1303598.1  116  446 -1310938.6 -1303306.4  0.58%  1187 2225s
  1373  1285 -1303598.1  118  444 -1310938.6 -1303306.4  0.58%  1186 2230s
  1378  1288 -1303598.1  121  462 -1310938.6 -1303306.4  0.58%  1185 2235s
  1381  1290 -1303598.1  122  505 -1310938.6 -1303306.4  0.58%  1187 2241s
  1384  1292 -1303598.1  124  496 -1310938.6 -1303306.4  0.58%  1186 2245s
  1388  1295 -1303598.1  126  491 -1310938.6 -1303306.4  0.58%  1185 2251s
  1391  1297 -1303598.1  127  443 -1310938.6 -1303306.4  0.58%  1185 2256s
  1394  1299 -1303598.1  129  460 -1310938.6 -1303306.4  0.58%  1184 2260s
  1399  1302 -1303598.1  131  454 -1310938.6 -1303306.4  0.58%  1182 2266s
  1402  1304 -1303598.1  133  513 -1310938.6 -1303306.4  0.58%  1182 2271s
  1406  1307 -1303598.1  135  475 -1310938.6 -1303306.4  0.58%  1180 2275s
  1410  1310 -1303598.1  137  456 -1310938.6 -1303306.4  0.58%  1179 2281s
  1412  1311 -1303598.1  138  446 -1310938.6 -1303306.4  0.58%  1180 2285s
  1415  1313 -1303598.1  139  505 -1310938.6 -1303306.4  0.58%  1183 2292s
  1416  1314 -1303598.1  140  583 -1310938.6 -1303306.4  0.58%  1185 2295s
  1417  1314 -1303598.1  140  467 -1310938.6 -1303306.4  0.58%  1186 2333s
  1419  1316 -1303598.1  141  479 -1310938.6 -1303306.4  0.58%  1185 2336s
  1422  1318 -1303633.0  143  452 -1310938.6 -1303306.4  0.58%  1184 2340s
  1425  1320 -1303598.1  144  474 -1310938.6 -1303306.4  0.58%  1184 2345s
  1429  1322 -1303598.1  146  513 -1310938.6 -1303306.4  0.58%  1183 2351s
  1431  1324 -1303598.1  147  532 -1310938.6 -1303306.4  0.58%  1186 2355s
  1435  1326 -1303598.1  149  463 -1310938.6 -1303306.4  0.58%  1186 2361s
  1438  1328 -1303598.1  151  469 -1310938.6 -1303306.4  0.58%  1185 2365s
  1441  1330 -1303598.1  152  520 -1310938.6 -1303306.4  0.58%  1186 2370s
  1443  1332 -1303598.1  153  507 -1310938.6 -1303306.4  0.58%  1187 2375s
  1446  1334 -1303598.1  155  514 -1310938.6 -1303306.4  0.58%  1187 2380s
  1449  1336 -1303598.1  156  536 -1310938.6 -1303306.4  0.58%  1190 2386s
  1451  1337 -1303598.1  157  565 -1310938.6 -1303306.4  0.58%  1192 2391s
  1453  1338 -1303598.1  158  493 -1310938.6 -1303306.4  0.58%  1193 2395s
  1456  1340 -1303598.1  160  477 -1310938.6 -1303306.4  0.58%  1192 2400s
  1459  1342 -1303598.1  161  512 -1310938.6 -1303306.4  0.58%  1193 2406s
  1463  1345 -1303598.1  163  525 -1310938.6 -1303306.4  0.58%  1194 2411s
  1465  1346 -1303598.1  164  536 -1310938.6 -1303306.4  0.58%  1194 2415s
  1469  1349 -1303598.1  166  514 -1310938.6 -1303306.4  0.58%  1194 2420s
  1472  1351 -1303812.0  168  488 -1310938.6 -1303306.4  0.58%  1194 2425s
  1477  1354 -1303598.1  170  521 -1310938.6 -1303306.4  0.58%  1194 2431s
  1480  1356 -1303598.1  172  473 -1310938.6 -1303306.4  0.58%  1192 2435s
  1483  1358 -1303716.3  173  520 -1310938.6 -1303306.4  0.58%  1193 2440s
  1484  1359 -1303598.1  174  561 -1310938.6 -1303306.4  0.58%  1197 2445s
  1488  1362 -1303598.1  176  497 -1310938.6 -1303306.4  0.58%  1196 2451s
  1491  1364 -1303598.1  177  467 -1310938.6 -1303306.4  0.58%  1196 2455s
  1495  1366 -1303598.1  179  532 -1310938.6 -1303306.4  0.58%  1196 2461s
  1499  1369 -1303598.1  181  529 -1310938.6 -1303306.4  0.58%  1196 2466s
  1502  1371 -1303598.1  183  525 -1310938.6 -1303306.4  0.58%  1197 2470s
  1506  1374 -1303598.1  185  517 -1310938.6 -1303306.4  0.58%  1196 2476s
  1507  1374 -1303598.1  185  482 -1310938.6 -1303306.4  0.58%  1195 2516s
  1510  1376 -1303598.1  187  486 -1310938.6 -1303306.4  0.58%  1195 2521s
  1514  1379 -1303598.1  189  505 -1310938.6 -1303306.4  0.58%  1194 2526s
  1517  1381 -1303598.1  190  508 -1310938.6 -1303306.4  0.58%  1194 2530s
  1523  1385 -1303598.1  193  476 -1310938.6 -1303306.4  0.58%  1192 2536s
  1527  1388 -1303598.1  195  488 -1310938.6 -1303306.4  0.58%  1193 2540s
  1533  1392 -1303598.1  198  479 -1310938.6 -1303306.4  0.58%  1191 2545s
  1539  1396 -1303598.1  201  457 -1310938.6 -1303306.4  0.58%  1188 2550s
  1545  1400 -1303904.6  204  458 -1310938.6 -1303306.4  0.58%  1186 2555s
  1551  1404 -1303904.6  207  469 -1310938.6 -1303306.4  0.58%  1185 2560s
  1557  1408 -1303904.6  210  469 -1310938.6 -1303306.4  0.58%  1183 2565s
  1564  1412 -1303609.5  214  467 -1310938.6 -1303306.4  0.58%  1181 2570s
  1570  1416 -1303610.7  217  458 -1310938.6 -1303306.4  0.58%  1180 2575s
  1575  1420 -1303755.6  219  456 -1310938.6 -1303306.4  0.58%  1181 2580s
  1580  1423 -1303628.5  222  466 -1310938.6 -1303306.4  0.58%  1180 2585s
  1587  1428 -1304084.4  225  503 -1310938.6 -1303306.4  0.58%  1177 2590s
  1593  1432 -1303787.0  228  462 -1310938.6 -1303306.4  0.58%  1176 2596s
  1597  1434 -1303805.5  230  434 -1310938.6 -1303306.4  0.58%  1177 2600s
  1603  1438 -1303859.5  233  481 -1310938.6 -1303306.4  0.58%  1176 2605s
  1608  1442 -1303805.5  236  439 -1310938.6 -1303306.4  0.58%  1174 2610s
  1613  1445 -1303805.5  238  468 -1310938.6 -1303306.4  0.58%  1174 2616s
  1618  1448 -1303805.5  241  454 -1310938.6 -1303306.4  0.58%  1173 2621s
  1622  1451 -1303805.5  243  477 -1310938.6 -1303306.4  0.58%  1172 2625s
  1628  1455 -1303805.5  246  430 -1310938.6 -1303306.4  0.58%  1170 2630s
  1632  1458 -1304218.7  248  478 -1310938.6 -1303306.4  0.58%  1170 2635s
  1638  1462 -1303805.5  251  479 -1310938.6 -1303306.4  0.58%  1168 2640s
  1645  1466 -1304218.7  254  431 -1310938.6 -1303306.4  0.58%  1166 2645s
  1653  1472 -1303805.5  258  465 -1310938.6 -1303306.4  0.58%  1163 2651s
  1657  1474 -1304312.9  260  446 -1310938.6 -1303306.4  0.58%  1163 2655s
  1664  1479 -1303805.5  264  423 -1310938.6 -1303306.4  0.58%  1160 2660s
  1669  1482 -1303814.0  266  477 -1310938.6 -1303306.4  0.58%  1159 2665s
  1674  1486 -1303805.5  269  414 -1310938.6 -1303306.4  0.58%  1157 2670s
  1680  1490 -1303805.5  272  449 -1310938.6 -1303306.4  0.58%  1156 2675s
  1682  1491 -1303805.5  273  405 -1310938.6 -1303306.4  0.58%  1155 2708s
  1684  1492 -1303805.5  274  431 -1310938.6 -1303306.4  0.58%  1155 2710s
  1691  1497 -1303805.5  277  499 -1310938.6 -1303306.4  0.58%  1153 2715s
  1696  1500 -1303805.5  280  427 -1310938.6 -1303306.4  0.58%  1152 2720s
  1703  1505 -1304218.7  283  446 -1310938.6 -1303306.4  0.58%  1149 2725s
  1710  1510 -1303805.5  287  454 -1310938.6 -1303306.4  0.58%  1146 2730s
  1719  1516 -1304218.7  291  427 -1310938.6 -1303306.4  0.58%  1142 2735s
  1728  1522 -1303805.5  296  449 -1310938.6 -1303306.4  0.58%  1138 2740s
  1735  1526 -1304218.7  299  482 -1310938.6 -1303306.4  0.58%  1134 2745s
  1740  1530 -1303805.5  302  420 -1310938.6 -1303306.4  0.58%  1134 2750s
  1747  1534 -1304218.7  305  445 -1310938.6 -1303306.4  0.58%  1131 2755s
  1754  1539 -1304267.5  309  522 -1310938.6 -1303306.4  0.58%  1128 2760s
  1761  1544 -1304390.6  312  483 -1310938.6 -1303306.4  0.58%  1125 2765s
  1767  1548 -1304377.1  315  527 -1310938.6 -1303306.4  0.58%  1125 2772s
  1772  1551 -1304377.1  318  480 -1310938.6 -1303306.4  0.58%  1122 2775s
  1781  1557 -1304861.7  322  491 -1310938.6 -1303306.4  0.58%  1118 2780s
  1788  1562 -1304381.0  326  478 -1310938.6 -1303306.4  0.58%  1115 2785s
  1797  1568 -1304804.6  330  475 -1310938.6 -1303306.4  0.58%  1111 2790s
  1803  1572 -1304486.4  333  494 -1310938.6 -1303306.4  0.58%  1110 2795s
  1808  1575 -1304486.4  336  451 -1310938.6 -1303306.4  0.58%  1109 2800s
  1815  1580 -1304486.4  339  494 -1310938.6 -1303306.4  0.58%  1107 2805s
  1822  1584 -1304486.4  343  443 -1310938.6 -1303306.4  0.58%  1104 2810s
  1833  1592 -1304797.5  348  417 -1310938.6 -1303306.4  0.58%  1098 2815s
  1848  1602 -1304486.4  356  428 -1310938.6 -1303306.4  0.58%  1091 2820s
  1860  1610 -1304486.4  362  430 -1310938.6 -1303306.4  0.58%  1085 2825s
  1871  1617 -1304797.5  367  424 -1310938.6 -1303306.4  0.58%  1081 2830s
  1880  1623 -1304583.4  372  426 -1310938.6 -1303306.4  0.58%  1077 2835s
  1889  1629 -1304741.9  376  419 -1310938.6 -1303306.4  0.58%  1073 2868s
  1890  1630 -1304615.8  377  407 -1310938.6 -1303306.4  0.58%  1072 2943s
  1892  1631 -1304615.8  378  407 -1310938.6 -1303306.4  0.58%  1072 2945s
  1901  1637 -1304615.8  382  430 -1310938.6 -1303306.4  0.58%  1068 2950s
  1907  1641 -1305110.9  385  432 -1310938.6 -1303306.4  0.58%  1067 2955s
  1915  1646 -1305110.9  389  388 -1310938.6 -1303306.4  0.58%  1064 2960s
  1924  1652 -1304615.8  394  443 -1310938.6 -1303306.4  0.58%  1061 2965s
  1932  1658 -1304615.8  398  465 -1310938.6 -1303306.4  0.58%  1059 2971s
  1937  1661 -1305110.9  400  426 -1310938.6 -1303306.4  0.58%  1057 2975s
  1944  1666 -1304615.8  404  423 -1310938.6 -1303306.4  0.58%  1055 2980s
  1951  1670 -1305110.9  407  438 -1310938.6 -1303306.4  0.58%  1054 2985s
  1957  1674 -1305110.9  410  437 -1310938.6 -1303306.4  0.58%  1052 2990s
  1964  1679 -1304615.8  414  417 -1310938.6 -1303306.4  0.58%  1050 2995s
  1971  1684 -1305110.9  417  420 -1310938.6 -1303306.4  0.58%  1048 3000s
  1979  1689 -1305133.6  421  418 -1310938.6 -1303306.4  0.58%  1045 3005s
  1984  1692 -1305062.9  424  416 -1310938.6 -1303306.4  0.58%  1043 3044s
  1985  1693 -1305062.9  424  415 -1310938.6 -1303306.4  0.58%  1043 3045s
  1992  1698 -1305493.8  428  422 -1310938.6 -1303306.4  0.58%  1042 3050s
  1997  1701 -1305493.8  430  451 -1310938.6 -1303306.4  0.58%  1041 3055s
  2003  1705 -1305062.9  433  455 -1310938.6 -1303306.4  0.58%  1040 3060s
  2011  1710 -1305062.9  437  400 -1310938.6 -1303306.4  0.58%  1038 3065s
  2018  1715 -1305062.9  441  437 -1310938.6 -1303306.4  0.58%  1036 3070s
  2024  1719 -1305062.9  444  441 -1310938.6 -1303306.4  0.58%  1035 3075s
  2030  1723 -1305062.9  447  433 -1310938.6 -1303306.4  0.58%  1035 3080s
  2037  1728 -1305062.9  450  445 -1310938.6 -1303306.4  0.58%  1033 3085s
  2041  1730 -1305062.9  452  444 -1310938.6 -1303306.4  0.58%  1034 3090s
  2049  1736 -1305493.8  456  435 -1310938.6 -1303306.4  0.58%  1031 3095s
  2057  1741 -1305493.8  460  458 -1310938.6 -1303306.4  0.58%  1029 3100s
  2065  1746 -1305493.8  464  421 -1310938.6 -1303306.4  0.58%  1026 3105s
  2074  1752 -1305199.4  469  430 -1310938.6 -1303306.4  0.58%  1023 3110s
  2081  1757 -1305553.8  472  417 -1310938.6 -1303306.4  0.58%  1022 3115s
  2091  1764 -1305455.0  477  463 -1310938.6 -1303306.4  0.58%  1019 3121s
  2098  1768 -1305455.0  481  412 -1310938.6 -1303306.4  0.58%  1017 3125s
  2105  1773 -1305455.0  484  438 -1310938.6 -1303306.4  0.58%  1016 3130s
  2112  1778 -1305455.0  488  425 -1310938.6 -1303306.4  0.58%  1014 3135s
  2120  1783 -1305455.0  492  406 -1310938.6 -1303306.4  0.58%  1011 3140s
  2125  1786 -1305455.0  494  450 -1310938.6 -1303306.4  0.58%  1011 3145s
  2133  1792 -1305455.0  498  425 -1310938.6 -1303306.4  0.58%  1009 3150s
  2140  1796 -1305455.0  502  385 -1310938.6 -1303306.4  0.58%  1007 3155s
  2149  1802 -1305455.0  506  395 -1310938.6 -1303306.4  0.58%  1003 3160s
  2157  1808 -1305927.7  510  387 -1310938.6 -1303306.4  0.58%  1001 3165s
  2166  1814 -1305455.0  515  402 -1310938.6 -1303306.4  0.58%   998 3170s
  2174  1819 -1305455.0  519  421 -1310938.6 -1303306.4  0.58%   996 3175s
  2183  1825 -1305927.7  523  408 -1310938.6 -1303306.4  0.58%   993 3180s
  2191  1830 -1305455.0  527  408 -1310938.6 -1303306.4  0.58%   991 3185s
  2199  1836 -1305455.0  531  388 -1310938.6 -1303306.4  0.58%   988 3213s
  2203  1838 -1305927.7  533  400 -1310938.6 -1303306.4  0.58%   987 3215s
  2214  1846 -1305455.0  539  390 -1310938.6 -1303306.4  0.58%   982 3220s
  2224  1852 -1305455.0  544  397 -1310938.6 -1303306.4  0.58%   979 3225s
  2231  1857 -1305455.0  547  412 -1310938.6 -1303306.4  0.58%   978 3230s
  2239  1862 -1305455.0  551  425 -1310938.6 -1303306.4  0.58%   976 3235s
  2246  1867 -1306088.2  555  421 -1310938.6 -1303306.4  0.58%   974 3240s
  2254  1872 -1305455.0  559  414 -1310938.6 -1303306.4  0.58%   972 3245s
  2265  1880 -1305455.0  564  416 -1310938.6 -1303306.4  0.58%   968 3250s
  2273  1885 -1305455.0  568  456 -1310938.6 -1303306.4  0.58%   966 3255s
  2280  1890 -1305455.0  572  443 -1310938.6 -1303306.4  0.58%   965 3261s
  2285  1893 -1305455.0  574  469 -1310938.6 -1303306.4  0.58%   964 3265s
  2292  1898 -1306088.2  578  435 -1310938.6 -1303306.4  0.58%   963 3270s
  2299  1902 -1305571.9  581  425 -1310938.6 -1303306.4  0.58%   962 3275s
  2306  1907 -1305455.0  585  397 -1310938.6 -1303306.4  0.58%   961 3280s
  2312  1911 -1305455.0  588  433 -1310938.6 -1303306.4  0.58%   960 3285s
  2321  1917 -1305455.0  592  431 -1310938.6 -1303306.4  0.58%   958 3290s
  2328  1922 -1305455.0  596  467 -1310938.6 -1303306.4  0.58%   956 3295s
  2334  1926 -1305541.1  599  451 -1310938.6 -1303306.4  0.58%   955 3300s
  2340  1930 -1305550.1  602  416 -1310938.6 -1303306.4  0.58%   954 3305s
  2345  1933 -1305550.1  604  458 -1310938.6 -1303306.4  0.58%   953 3337s
  2348  1935 -1305550.1  606  439 -1310938.6 -1303306.4  0.58%   953 3340s
  2355  1940 -1305981.1  609  441 -1310938.6 -1303306.4  0.58%   952 3345s
  2365  1946 -1306183.3  614  411 -1310938.6 -1303306.4  0.58%   949 3350s
  2375  1953 -1306183.3  619  403 -1310938.6 -1303306.4  0.58%   946 3355s
  2387  1961 -1306193.5  625  400 -1310938.6 -1303306.4  0.58%   942 3360s
  2397  1968 -1305730.4  630  411 -1310938.6 -1303306.4  0.58%   939 3365s
  2407  1974 -1305730.4  635  416 -1310938.6 -1303306.4  0.58%   937 3370s
  2414  1979 -1305730.4  639  399 -1310938.6 -1303306.4  0.58%   935 3375s
  2422  1984 -1306161.3  643  412 -1310938.6 -1303306.4  0.58%   933 3380s
  2429  1989 -1306161.3  646  427 -1310938.6 -1303306.4  0.58%   932 3385s
  2437  1994 -1305730.4  650  427 -1310938.6 -1303306.4  0.58%   931 3390s
  2443  1998 -1305766.6  653  434 -1310938.6 -1303306.4  0.58%   930 3395s
  2452  2004 -1305874.1  658  442 -1310938.6 -1303306.4  0.58%   928 3400s
  2459  2009 -1305874.1  661  442 -1310938.6 -1303306.4  0.58%   927 3405s
  2467  2014 -1305874.1  665  415 -1310938.6 -1303306.4  0.58%   925 3410s
  2478  2022 -1305879.3  671  408 -1310938.6 -1303306.4  0.58%   923 3415s
  2488  2028 -1305885.7  676  391 -1310938.6 -1303306.4  0.58%   920 3420s
  2498  2035 -1305885.7  681  407 -1310938.6 -1303306.4  0.58%   918 3425s
  2508  2042 -1305955.5  686  406 -1310938.6 -1303306.4  0.58%   916 3430s
  2517  2048 -1305984.9  690  413 -1310938.6 -1303306.4  0.58%   914 3435s
  2527  2054 -1306309.3  695  375 -1310938.6 -1303306.4  0.58%   912 3440s
  2540  2063 -1306323.5  702  397 -1310938.6 -1303306.4  0.58%   908 3445s
  2550  2070 -1306323.5  707  422 -1310938.6 -1303306.4  0.58%   906 3450s
  2557  2074 -1306435.3  710  416 -1310938.6 -1303306.4  0.58%   904 3485s
  2571  2084 -1306564.8  717  384 -1310938.6 -1303306.4  0.58%   901 3490s
  2585  2093 -1306845.6  724  376 -1310938.6 -1303306.4  0.58%   897 3495s
  2598  2102 -1306809.2  731  367 -1310938.6 -1303306.4  0.58%   893 3500s
  2613  2112 -1307090.4  738  372 -1310938.6 -1303306.4  0.58%   889 3505s
  2626  2120 -1307458.7  745  343 -1310938.6 -1303306.4  0.58%   886 3510s
  2644  2132 -1307797.9  754  361 -1310938.6 -1303306.4  0.58%   881 3515s
  2661  2144 -1308122.8  762  339 -1310938.6 -1303306.4  0.58%   876 3520s
  2682  2158 -1308445.0  773  324 -1310938.6 -1303306.4  0.58%   870 3525s
  2705  2173 -1309684.1  784  357 -1310938.6 -1303306.4  0.58%   863 3530s
  2723  2185 -1310163.5  793  339 -1310938.6 -1303306.4  0.58%   859 3535s
  2747  2201 -1309424.1  805  306 -1310938.6 -1303306.4  0.58%   852 3540s
  2769  2216 -1309513.7  816  305 -1310938.6 -1303306.4  0.58%   846 3545s
  2788  2228 -1309548.2  826  301 -1310938.6 -1303306.4  0.58%   841 3550s
  2808  2242 -1309548.2  836  284 -1310938.6 -1303306.4  0.58%   836 3555s
  2830  2255 -1309872.4  847  290 -1310938.6 -1303306.4  0.58%   829 3560s
  2855  2268 -1310635.9  860  281 -1310938.6 -1303306.4  0.58%   822 3565s
  2873  2278 -1310635.9  869  274 -1310938.6 -1303306.4  0.58%   819 3570s
  2892  2289 -1310635.9  880  261 -1310938.6 -1303306.4  0.58%   815 3575s
  2910  2296 -1310843.9  890  245 -1310938.6 -1303306.4  0.58%   812 3580s
  2931  2295 -1310890.6  897  266 -1310938.6 -1303306.4  0.58%   807 3585s
  2935  2292 -1303375.6   22  533 -1310938.6 -1303307.8  0.58%   807 3591s
  2938  2294 -1303466.6   24  481 -1310938.6 -1303307.8  0.58%   808 3596s
  2941  2296 -1303562.0   25  506 -1310938.6 -1303307.8  0.58%   809 3600s
  2946  2300 -1303530.9   28  464 -1310938.6 -1303307.8  0.58%   808 3606s
  2950  2302 -1303570.6   30  491 -1310938.6 -1303307.8  0.58%   809 3611s
  2957  2307 -1303646.8   33  527 -1310938.6 -1303307.8  0.58%   809 3617s
  2958  2308 -1303570.6   34  451 -1310938.6 -1303307.8  0.58%   808 3730s
  2959  2308 -1304761.6   34  458 -1310938.6 -1303307.8  0.58%   808 3779s
  2960  2309 -1303575.5   35  455 -1310938.6 -1303307.8  0.58%   808 3939s
  2961  2310 -1303671.4   35  459 -1310938.6 -1303307.8  0.58%   808 3985s
  2965  2312 -1303575.5   37  490 -1310938.6 -1303307.8  0.58%   809 3990s
  2968  2314 -1303575.5   39  504 -1310938.6 -1303307.8  0.58%   810 3995s
  2972  2317 -1303600.9   41  537 -1310938.6 -1303307.8  0.58%   810 4001s
  2974  2318 -1303600.9   42  521 -1310938.6 -1303307.8  0.58%   811 4005s
  2977  2320 -1303600.9   43  489 -1310938.6 -1303307.8  0.58%   812 4010s
  2980  2322 -1303600.9   45  508 -1310938.6 -1303307.8  0.58%   812 4015s
  2984  2325 -1303600.9   47  494 -1310938.6 -1303307.8  0.58%   812 4020s
  2987  2327 -1303600.9   48  486 -1310938.6 -1303307.8  0.58%   813 4026s
  2990  2329 -1303600.9   50  470 -1310938.6 -1303307.8  0.58%   813 4030s
  2994  2332 -1303600.9   52  514 -1310938.6 -1303307.8  0.58%   813 4035s
  2998  2334 -1303600.9   54  528 -1310938.6 -1303307.8  0.58%   814 4040s
  3001  2336 -1303600.9   55  548 -1310938.6 -1303307.8  0.58%   814 4046s
  3004  2338 -1303600.9   57  539 -1310938.6 -1303307.8  0.58%   815 4051s
  3007  2340 -1303600.9   58  554 -1310938.6 -1303307.8  0.58%   816 4056s
  3010  2342 -1303629.1   60  512 -1310938.6 -1303307.8  0.58%   816 4061s
  3013  2344 -1303629.1   61  520 -1310938.6 -1303307.8  0.58%   817 4066s
  3015  2346 -1303629.1   62  483 -1310938.6 -1303307.8  0.58%   817 4070s
  3017  2347 -1303629.1   63  578 -1310938.6 -1303307.8  0.58%   818 4075s
  3019  2348 -1303629.1   64  595 -1310938.6 -1303307.8  0.58%   820 4082s
  3021  2350 -1303629.1   65  526 -1310938.6 -1303307.8  0.58%   820 4085s
  3027  2354 -1303632.8   68  509 -1310938.6 -1303307.8  0.58%   820 4090s
  3031  2356 -1303629.1   70  549 -1310938.6 -1303307.8  0.58%   821 4096s
  3033  2358 -1303629.1   71  517 -1310938.6 -1303307.8  0.58%   821 4100s
  3037  2360 -1303629.1   73  551 -1310938.6 -1303307.8  0.58%   822 4105s
  3040  2362 -1303629.1   75  497 -1310938.6 -1303307.8  0.58%   823 4110s
  3043  2364 -1303629.1   76  531 -1310938.6 -1303307.8  0.58%   823 4115s
  3047  2367 -1303629.1   78  504 -1310938.6 -1303307.8  0.58%   823 4120s
  3051  2370 -1303629.1   80  559 -1310938.6 -1303307.8  0.58%   824 4126s
  3054  2372 -1303629.1   82  512 -1310938.6 -1303307.8  0.58%   824 4130s
  3057  2374 -1303679.9   83  529 -1310938.6 -1303307.8  0.58%   825 4135s
  3061  2376 -1303629.1   85  532 -1310938.6 -1303307.8  0.58%   825 4140s
  3064  2378 -1303629.1   87  539 -1310938.6 -1303307.8  0.58%   826 4145s
  3069  2382 -1303713.9   89  526 -1310938.6 -1303307.8  0.58%   827 4151s
  3073  2384 -1303648.0   91  539 -1310938.6 -1303307.8  0.58%   827 4192s
  3075  2386 -1303648.0   92  517 -1310938.6 -1303307.8  0.58%   827 4195s
  3079  2388 -1303651.7   94  489 -1310938.6 -1303307.8  0.58%   827 4200s
  3084  2392 -1303691.6   97  527 -1310938.6 -1303307.8  0.58%   827 4205s
  3088  2394 -1303782.2   99  550 -1310938.6 -1303307.8  0.58%   827 4210s
  3092  2397 -1303695.3  101  496 -1310938.6 -1303307.8  0.58%   826 4215s
  3096  2400 -1303695.3  103  539 -1310938.6 -1303307.8  0.58%   826 4220s
  3100  2402 -1303770.9  105  517 -1310938.6 -1303307.8  0.58%   826 4226s
  3104  2405 -1303803.0  107  497 -1310938.6 -1303307.8  0.58%   826 4230s
  3107  2407 -1303760.6  108  536 -1310938.6 -1303307.8  0.58%   826 4235s
  3111  2410 -1303760.6  110  523 -1310938.6 -1303307.8  0.58%   827 4241s
  3114  2412 -1303760.6  112  557 -1310938.6 -1303307.8  0.58%   828 4245s
  3117  2414 -1303760.6  113  561 -1310938.6 -1303307.8  0.58%   828 4250s
  3121  2416 -1303760.6  115  495 -1310938.6 -1303307.8  0.58%   828 4255s
  3125  2419 -1303761.0  117  513 -1310938.6 -1303307.8  0.58%   828 4261s
  3128  2421 -1303760.6  119  548 -1310938.6 -1303307.8  0.58%   829 4266s
  3131  2423 -1303771.9  120  506 -1310938.6 -1303307.8  0.58%   829 4270s
  3134  2425 -1303760.6  122  548 -1310938.6 -1303307.8  0.58%   830 4275s
  3138  2428 -1303760.6  124  552 -1310938.6 -1303307.8  0.58%   830 4280s
  3141  2430 -1303865.5  125  573 -1310938.6 -1303307.8  0.58%   831 4285s
  3144  2432 -1303760.6  127  604 -1310938.6 -1303307.8  0.58%   833 4292s
  3147  2434 -1303764.0  128  539 -1310938.6 -1303307.8  0.58%   832 4295s
  3150  2436 -1303776.6  130  588 -1310938.6 -1303307.8  0.58%   833 4301s
  3153  2438 -1303776.6  131  535 -1310938.6 -1303307.8  0.58%   834 4305s
  3157  2440 -1303810.2  133  501 -1310938.6 -1303307.8  0.58%   834 4310s
  3160  2442 -1303776.6  135  512 -1310938.6 -1303307.8  0.58%   834 4315s
  3165  2446 -1303776.6  137  539 -1310938.6 -1303307.8  0.58%   834 4320s
  3168  2448 -1303776.6  139  512 -1310938.6 -1303307.8  0.58%   835 4325s
  3172  2450 -1303776.6  141  513 -1310938.6 -1303307.8  0.58%   834 4330s
  3176  2453 -1303776.6  143  511 -1310938.6 -1303307.8  0.58%   834 4335s
  3179  2455 -1303776.6  144  531 -1310938.6 -1303307.8  0.58%   835 4340s
  3182  2457 -1303776.6  146  524 -1310938.6 -1303307.8  0.58%   836 4382s
  3185  2459 -1303776.6  147  486 -1310938.6 -1303307.8  0.58%   835 4385s
  3189  2462 -1303807.4  149  477 -1310938.6 -1303307.8  0.58%   836 4390s
  3193  2464 -1303780.8  151  511 -1310938.6 -1303307.8  0.58%   836 4395s
  3199  2468 -1305550.9  154  494 -1310938.6 -1303307.8  0.58%   835 4400s
  3203  2471 -1304833.0  156  531 -1310938.6 -1303307.8  0.58%   835 4405s
  3207  2474 -1303896.5  158  530 -1310938.6 -1303307.8  0.58%   836 4410s
  3211  2476 -1303896.5  160  538 -1310938.6 -1303307.8  0.58%   836 4416s
  3213  2478 -1303896.5  161  524 -1310938.6 -1303307.8  0.58%   836 4420s
  3217  2480 -1303896.5  163  510 -1310938.6 -1303307.8  0.58%   836 4425s
  3221  2483 -1303896.5  165  515 -1310938.6 -1303307.8  0.58%   836 4431s
  3225  2486 -1303896.5  167  491 -1310938.6 -1303307.8  0.58%   836 4435s
  3229  2488 -1303896.5  169  528 -1310938.6 -1303307.8  0.58%   836 4441s
  3231  2490 -1303896.5  170  542 -1310938.6 -1303307.8  0.58%   837 4445s
  3237  2494 -1304087.9  173  476 -1310938.6 -1303307.8  0.58%   836 4450s
  3241  2496 -1304087.9  175  501 -1310938.6 -1303307.8  0.58%   836 4455s
  3246  2500 -1304087.9  178  481 -1310938.6 -1303307.8  0.58%   836 4461s
  3249  2502 -1304087.9  179  524 -1310938.6 -1303307.8  0.58%   837 4465s
  3253  2504 -1304087.9  181  536 -1310938.6 -1303307.8  0.58%   838 4471s
  3257  2507 -1304087.9  183  518 -1310938.6 -1303307.8  0.58%   838 4477s
  3259  2508 -1304087.9  184  548 -1310938.6 -1303307.8  0.58%   839 4481s
  3262  2510 -1304087.9  186  494 -1310938.6 -1303307.8  0.58%   839 4485s
  3266  2513 -1304087.9  188  512 -1310938.6 -1303307.8  0.58%   839 4490s
  3270  2516 -1304087.9  190  490 -1310938.6 -1303307.8  0.58%   840 4495s
  3273  2518 -1304087.9  191  494 -1310938.6 -1303307.8  0.58%   840 4500s
  3277  2520 -1304087.9  193  509 -1310938.6 -1303307.8  0.58%   841 4505s
  3281  2523 -1304087.9  195  539 -1310938.6 -1303307.8  0.58%   841 4511s
  3284  2525 -1304087.9  197  490 -1310938.6 -1303307.8  0.58%   841 4515s
  3287  2527 -1304087.9  198  480 -1310938.6 -1303307.8  0.58%   841 4520s
  3290  2529 -1304087.9  200  461 -1310938.6 -1303307.8  0.58%   841 4550s
  3293  2531 -1304087.9  201  532 -1310938.6 -1303307.8  0.58%   842 4556s
  3296  2533 -1304087.9  203  461 -1310938.6 -1303307.8  0.58%   843 4560s
  3299  2535 -1304087.9  204  505 -1310938.6 -1303307.8  0.58%   843 4565s
  3303  2538 -1304087.9  206  515 -1310938.6 -1303307.8  0.58%   844 4570s
  3307  2540 -1304087.9  208  500 -1310938.6 -1303307.8  0.58%   844 4575s
  3311  2543 -1304087.9  210  522 -1310938.6 -1303307.8  0.58%   844 4580s
  3315  2546 -1304757.4  212  522 -1310938.6 -1303307.8  0.58%   845 4585s
  3320  2549 -1304500.5  215  461 -1310938.6 -1303307.8  0.58%   845 4590s
  3323  2551 -1304500.5  216  503 -1310938.6 -1303307.8  0.58%   845 4595s
  3329  2555 -1304500.5  219  496 -1310938.6 -1303307.8  0.58%   845 4601s
  3331  2556 -1304500.5  220  524 -1310938.6 -1303307.8  0.58%   846 4605s
  3335  2559 -1304500.5  222  560 -1310938.6 -1303307.8  0.58%   846 4612s
  3337  2560 -1304500.5  223  534 -1310938.6 -1303307.8  0.58%   847 4616s
  3341  2563 -1304500.5  225  491 -1310938.6 -1303307.8  0.58%   847 4621s
  3344  2565 -1304500.5  227  486 -1310938.6 -1303307.8  0.58%   848 4625s
  3348  2568 -1304500.5  229  496 -1310938.6 -1303307.8  0.58%   847 4630s
  3352  2570 -1304500.5  231  475 -1310938.6 -1303307.8  0.58%   847 4635s
  3355  2572 -1304500.5  232  515 -1310938.6 -1303307.8  0.58%   848 4640s
  3359  2575 -1304500.5  234  538 -1310938.6 -1303307.8  0.58%   849 4645s
  3363  2578 -1304500.5  236  442 -1310938.6 -1303307.8  0.58%   849 4650s
  3367  2580 -1304500.5  238  459 -1310938.6 -1303307.8  0.58%   849 4655s
  3370  2582 -1304500.5  240  454 -1310938.6 -1303307.8  0.58%   849 4660s
  3371  2583 -1304500.5  240  494 -1310938.6 -1303307.8  0.58%   849 4694s
  3372  2584 -1304500.5  241  503 -1310938.6 -1303307.8  0.58%   850 4696s
  3375  2586 -1304500.5  242  460 -1310938.6 -1303307.8  0.58%   849 4701s
  3379  2588 -1304500.5  244  467 -1310938.6 -1303307.8  0.58%   850 4706s
  3383  2591 -1304500.5  246  435 -1310938.6 -1303307.8  0.58%   849 4710s
  3387  2594 -1304934.3  248  467 -1310938.6 -1303307.8  0.58%   849 4716s
  3390  2596 -1304521.1  250  460 -1310938.6 -1303307.8  0.58%   850 4721s
  3393  2598 -1304521.1  251  438 -1310938.6 -1303307.8  0.58%   850 4725s
  3397  2600 -1304521.1  253  470 -1310938.6 -1303307.8  0.58%   851 4730s
  3402  2604 -1304526.4  256  426 -1310938.6 -1303307.8  0.58%   850 4735s
  3406  2606 -1304526.4  258  422 -1310938.6 -1303307.8  0.58%   850 4740s
  3409  2608 -1304526.4  259  498 -1310938.6 -1303307.8  0.58%   852 4746s
  3413  2611 -1304526.6  261  458 -1310938.6 -1303307.8  0.58%   852 4751s
  3416  2613 -1304693.1  263  462 -1310938.6 -1303307.8  0.58%   853 4755s
  3420  2616 -1304588.8  265  440 -1310938.6 -1303307.8  0.58%   853 4760s
  3424  2618 -1305697.4  267  490 -1310938.6 -1303307.8  0.58%   854 4766s
  3428  2621 -1304599.4  269  416 -1310938.6 -1303307.8  0.58%   853 4770s
  3433  2624 -1305012.6  271  416 -1310938.6 -1303307.8  0.58%   853 4775s
  3438  2628 -1304599.4  274  468 -1310938.6 -1303307.8  0.58%   853 4780s
  3442  2630 -1304599.4  276  469 -1310938.6 -1303307.8  0.58%   853 4785s
  3448  2634 -1304599.4  279  488 -1310938.6 -1303307.8  0.58%   852 4791s
  3451  2636 -1304599.4  280  510 -1310938.6 -1303307.8  0.58%   853 4795s
  3455  2639 -1304599.4  282  522 -1310938.6 -1303307.8  0.58%   853 4800s
  3458  2641 -1304599.4  284  496 -1310938.6 -1303307.8  0.58%   853 4805s
  3463  2644 -1304599.4  286  491 -1310938.6 -1303307.8  0.58%   853 4811s
  3466  2646 -1304599.4  288  487 -1310938.6 -1303307.8  0.58%   853 4815s
  3471  2650 -1304601.1  290  489 -1310938.6 -1303307.8  0.58%   853 4847s
  3473  2651 -1304599.4  291  503 -1310938.6 -1303307.8  0.58%   854 4851s
  3476  2653 -1304599.4  293  495 -1310938.6 -1303307.8  0.58%   854 4856s
  3480  2656 -1304599.4  295  495 -1310938.6 -1303307.8  0.58%   854 4860s
  3483  2658 -1305012.6  296  476 -1310938.6 -1303307.8  0.58%   854 4866s
  3486  2660 -1304599.4  298  492 -1310938.6 -1303307.8  0.58%   854 4870s
  3489  2662 -1304599.4  299  470 -1310938.6 -1303307.8  0.58%   854 4876s
  3492  2664 -1304599.4  301  463 -1310938.6 -1303307.8  0.58%   854 4880s
  3495  2666 -1305094.4  302  459 -1310938.6 -1303307.8  0.58%   854 4885s
  3499  2668 -1305094.4  304  478 -1310938.6 -1303307.8  0.58%   854 4890s
  3504  2672 -1304599.4  307  487 -1310938.6 -1303307.8  0.58%   854 4895s
  3507  2674 -1305094.4  308  475 -1310938.6 -1303307.8  0.58%   854 4900s
  3512  2677 -1304599.4  311  514 -1310938.6 -1303307.8  0.58%   853 4905s
  3517  2680 -1305094.4  313  482 -1310938.6 -1303307.8  0.58%   853 4910s
  3520  2682 -1304599.4  315  520 -1310938.6 -1303307.8  0.58%   853 4915s
  3524  2685 -1304599.4  317  520 -1310938.6 -1303307.8  0.58%   853 4921s
  3528  2688 -1304599.4  319  495 -1310938.6 -1303307.8  0.58%   852 4925s
  3531  2690 -1304633.5  320  473 -1310938.6 -1303307.8  0.58%   852 4930s
  3535  2692 -1304602.2  322  525 -1310938.6 -1303307.8  0.58%   852 4936s
  3538  2694 -1304622.0  324  482 -1310938.6 -1303307.8  0.58%   852 4940s
  3541  2696 -1305086.0  325  485 -1310938.6 -1303307.8  0.58%   852 4945s
  3542  2697 -1304622.0  326  488 -1310938.6 -1303307.8  0.58%   852 4983s
  3544  2698 -1304622.0  327  498 -1310938.6 -1303307.8  0.58%   852 4986s
  3549  2702 -1305035.2  329  446 -1310938.6 -1303307.8  0.58%   851 4990s
  3554  2705 -1304622.0  332  463 -1310938.6 -1303307.8  0.58%   851 4995s
  3560  2709 -1304622.0  335  493 -1310938.6 -1303307.8  0.58%   850 5000s
  3564  2712 -1304622.0  337  483 -1310938.6 -1303307.8  0.58%   850 5005s
  3568  2714 -1304622.0  339  518 -1310938.6 -1303307.8  0.58%   850 5010s
  3572  2717 -1304622.0  341  510 -1310938.6 -1303307.8  0.58%   850 5015s
  3576  2720 -1304622.0  343  492 -1310938.6 -1303307.8  0.58%   850 5021s
  3581  2723 -1305035.2  345  472 -1310938.6 -1303307.8  0.58%   849 5025s
  3585  2726 -1305035.2  347  478 -1310938.6 -1303307.8  0.58%   849 5030s
  3590  2729 -1304712.3  350  512 -1310938.6 -1303307.8  0.58%   849 5035s
  3597  2734 -1305045.2  353  518 -1310938.6 -1303307.8  0.58%   848 5040s
  3603  2738 -1306293.8  356  534 -1310938.6 -1303307.8  0.58%   848 5046s
  3607  2740 -1306293.8  358  486 -1310938.6 -1303307.8  0.58%   849 5051s
  3611  2743 -1306293.8  360  536 -1310938.6 -1303307.8  0.58%   849 5055s
  3617  2747 -1306293.8  363  476 -1310938.6 -1303307.8  0.58%   850 5060s
  3625  2752 -1306293.8  367  471 -1310938.6 -1303307.8  0.58%   849 5065s
  3631  2756 -1306293.8  370  493 -1310938.6 -1303307.8  0.58%   849 5070s
  3638  2761 -1305128.5  374  501 -1310938.6 -1303307.8  0.58%   848 5075s
  3643  2764 -1305273.3  376  490 -1310938.6 -1303307.8  0.58%   848 5080s
  3649  2768 -1305273.3  379  467 -1310938.6 -1303307.8  0.58%   847 5085s
  3656  2773 -1305129.8  383  497 -1310938.6 -1303307.8  0.58%   846 5090s
  3662  2777 -1305129.8  386  498 -1310938.6 -1303307.8  0.58%   846 5095s
  3668  2781 -1305149.6  389  479 -1310938.6 -1303307.8  0.58%   845 5100s
  3674  2785 -1305166.3  392  461 -1310938.6 -1303307.8  0.58%   845 5106s
  3678  2788 -1305281.8  394  519 -1310938.6 -1303307.8  0.58%   845 5111s
  3683  2791 -1306293.8  396  461 -1310938.6 -1303307.8  0.58%   845 5115s
  3687  2794 -1305322.5  398  486 -1310938.6 -1303307.8  0.58%   845 5120s
  3692  2797 -1305630.0  401  497 -1310938.6 -1303307.8  0.58%   844 5153s
  3694  2798 -1305630.0  402  454 -1310938.6 -1303307.8  0.58%   844 5155s
  3699  2802 -1305630.0  404  487 -1310938.6 -1303307.8  0.58%   844 5160s
  3703  2804 -1305680.7  406  473 -1310938.6 -1303307.8  0.58%   844 5165s
  3708  2808 -1305630.0  409  425 -1310938.6 -1303307.8  0.58%   845 5170s
  3712  2810 -1305630.0  411  444 -1310938.6 -1303307.8  0.58%   845 5175s
  3719  2815 -1305630.0  414  481 -1310938.6 -1303307.8  0.58%   844 5181s
  3723  2818 -1305630.0  416  476 -1310938.6 -1303307.8  0.58%   844 5185s
  3728  2821 -1305630.0  419  462 -1310938.6 -1303307.8  0.58%   844 5190s
  3733  2824 -1305630.0  421  479 -1310938.6 -1303307.8  0.58%   845 5196s
  3737  2827 -1305706.1  423  457 -1310938.6 -1303307.8  0.58%   845 5200s
  3743  2831 -1305630.0  426  454 -1310938.6 -1303307.8  0.58%   844 5205s
  3747  2834 -1305630.0  428  525 -1310938.6 -1303307.8  0.58%   844 5211s
  3751  2836 -1305630.0  430  522 -1310938.6 -1303307.8  0.58%   845 5216s
  3755  2839 -1305630.0  432  465 -1310938.6 -1303307.8  0.58%   845 5220s
  3759  2842 -1305648.5  434  448 -1310938.6 -1303307.8  0.58%   845 5225s
  3765  2846 -1305648.5  437  489 -1310938.6 -1303307.8  0.58%   845 5231s
  3768  2848 -1305648.5  439  506 -1310938.6 -1303307.8  0.58%   845 5236s
  3773  2851 -1305648.5  441  457 -1310938.6 -1303307.8  0.58%   845 5240s
  3778  2854 -1305648.5  444  423 -1310938.6 -1303307.8  0.58%   845 5245s
  3782  2857 -1305648.5  446  448 -1310938.6 -1303307.8  0.58%   845 5250s
  3786  2860 -1305648.5  448  460 -1310938.6 -1303307.8  0.58%   845 5281s
  3790  2862 -1305648.8  450  424 -1310938.6 -1303307.8  0.58%   845 5285s
  3795  2866 -1305648.8  452  438 -1310938.6 -1303307.8  0.58%   845 5290s
  3799  2868 -1305648.8  454  418 -1310938.6 -1303307.8  0.58%   845 5295s
  3804  2872 -1305648.8  457  436 -1310938.6 -1303307.8  0.58%   845 5300s
  3808  2874 -1305648.8  459  427 -1310938.6 -1303307.8  0.58%   846 5305s
  3813  2878 -1305648.8  461  468 -1310938.6 -1303307.8  0.58%   846 5310s
  3817  2880 -1305648.8  463  417 -1310938.6 -1303307.8  0.58%   846 5315s
  3822  2884 -1305648.8  466  459 -1310938.6 -1303307.8  0.58%   846 5320s
  3825  2886 -1306143.8  467  449 -1310938.6 -1303307.8  0.58%   846 5325s
  3832  2890 -1305648.8  471  461 -1310938.6 -1303307.8  0.58%   846 5331s
  3837  2894 -1306143.8  473  406 -1310938.6 -1303307.8  0.58%   845 5335s
  3844  2898 -1305648.8  477  427 -1310938.6 -1303307.8  0.58%   844 5340s
  3851  2903 -1306143.8  480  414 -1310938.6 -1303307.8  0.58%   843 5345s
  3859  2908 -1306646.3  484  416 -1310938.6 -1303307.8  0.58%   842 5350s
  3865  2912 -1306637.2  487  456 -1310938.6 -1303307.8  0.58%   842 5356s
  3869  2915 -1306098.6  489  470 -1310938.6 -1303307.8  0.58%   842 5361s
  3873  2918 -1306095.9  491  481 -1310938.6 -1303307.8  0.58%   841 5365s
  3880  2922 -1306095.9  495  460 -1310938.6 -1303307.8  0.58%   840 5370s
  3884  2925 -1306095.9  497  488 -1310938.6 -1303307.8  0.58%   840 5412s
  3886  2926 -1306095.9  498  486 -1310938.6 -1303307.8  0.58%   841 5415s
  3892  2930 -1306095.9  501  452 -1310938.6 -1303307.8  0.58%   840 5421s
  3895  2932 -1306095.9  502  509 -1310938.6 -1303307.8  0.58%   841 5425s
  3899  2935 -1306095.9  504  477 -1310938.6 -1303307.8  0.58%   841 5430s
  3903  2938 -1306095.9  506  449 -1310938.6 -1303307.8  0.58%   841 5435s
  3908  2941 -1306095.9  509  445 -1310938.6 -1303307.8  0.58%   841 5440s
  3912  2944 -1306095.9  511  491 -1310938.6 -1303307.8  0.58%   841 5445s
  3918  2948 -1306095.9  514  476 -1310938.6 -1303307.8  0.58%   840 5450s
  3923  2951 -1306095.9  516  471 -1310938.6 -1303307.8  0.58%   840 5455s
  3928  2954 -1306095.9  519  473 -1310938.6 -1303307.8  0.58%   840 5460s
  3933  2958 -1306095.9  521  477 -1310938.6 -1303307.8  0.58%   840 5465s
  3938  2961 -1306095.9  524  445 -1310938.6 -1303307.8  0.58%   839 5470s
  3943  2964 -1306213.5  526  481 -1310938.6 -1303307.8  0.58%   839 5475s
  3946  2966 -1306095.9  528  453 -1310938.6 -1303307.8  0.58%   839 5480s
  3950  2969 -1306095.9  530  476 -1310938.6 -1303307.8  0.58%   839 5485s
  3954  2972 -1306095.9  532  424 -1310938.6 -1303307.8  0.58%   840 5490s
  3958  2974 -1306095.9  534  510 -1310938.6 -1303307.8  0.58%   840 5495s
  3963  2978 -1306535.1  536  507 -1310938.6 -1303307.8  0.58%   840 5500s
  3969  2982 -1306526.8  539  415 -1310938.6 -1303307.8  0.58%   839 5505s
  3973  2984 -1306526.8  541  481 -1310938.6 -1303307.8  0.58%   839 5510s
  3978  2988 -1306526.8  544  459 -1310938.6 -1303307.8  0.58%   839 5515s
  3984  2992 -1306095.9  547  503 -1310938.6 -1303307.8  0.58%   838 5520s
  3988  2994 -1306095.9  549  475 -1310938.6 -1303307.8  0.58%   838 5526s
  3991  2996 -1306526.8  550  487 -1310938.6 -1303307.8  0.58%   838 5532s
  3994  2998 -1306095.9  552  476 -1310938.6 -1303307.8  0.58%   838 5535s
  3998  3001 -1306095.9  554  496 -1310938.6 -1303307.8  0.58%   838 5540s
  4003  3004 -1306526.8  556  476 -1310938.6 -1303307.8  0.58%   838 5546s
H 4004  2922                    -1310824.501 -1303307.8  0.57%   838 5557s
  4004  2924 -1306095.9  557  482 -1310824.5 -1303307.8  0.57%   838 5573s
  4005  2925 -1306095.9  557  503 -1310824.5 -1303307.8  0.57%   838 5676s
  4008  2927 -1306307.2  559  551 -1310824.5 -1303307.8  0.57%   838 5688s
  4010  2928 -1306095.9  560  480 -1310824.5 -1303307.8  0.57%   838 5690s
  4015  2931 -1306809.9  562  493 -1310824.5 -1303307.8  0.57%   838 5695s
  4019  2934 -1306488.0  564  460 -1310824.5 -1303307.8  0.57%   838 5700s
  4023  2937 -1306488.0  566  465 -1310824.5 -1303307.8  0.57%   838 5705s
  4028  2940 -1306488.0  569  453 -1310824.5 -1303307.8  0.57%   838 5710s
  4032  2943 -1306488.0  571  439 -1310824.5 -1303307.8  0.57%   838 5742s
  4035  2945 -1307121.2  572  453 -1310824.5 -1303307.8  0.57%   838 5745s
  4042  2949 -1306488.0  576  436 -1310824.5 -1303307.8  0.57%   837 5750s
  4048  2953 -1306488.0  579  478 -1310824.5 -1303307.8  0.57%   837 5756s
  4053  2957 -1306488.0  581  490 -1310824.5 -1303307.8  0.57%   837 5760s
  4057  2959 -1306488.0  583  490 -1310824.5 -1303307.8  0.57%   836 5765s
  4063  2963 -1307121.2  586  482 -1310824.5 -1303307.8  0.57%   836 5770s
  4069  2967 -1307121.2  589  434 -1310824.5 -1303307.8  0.57%   836 5775s
  4074  2971 -1306488.0  592  431 -1310824.5 -1303307.8  0.57%   836 5780s
  4080  2975 -1306488.0  595  432 -1310824.5 -1303307.8  0.57%   835 5785s
  4086  2979 -1306488.0  598  427 -1310824.5 -1303307.8  0.57%   834 5790s
  4091  2982 -1306488.0  600  447 -1310824.5 -1303307.8  0.57%   834 5795s
  4097  2986 -1306488.0  603  466 -1310824.5 -1303307.8  0.57%   834 5800s
  4105  2991 -1307121.2  607  415 -1310824.5 -1303307.8  0.57%   833 5805s
  4111  2995 -1306502.6  610  435 -1310824.5 -1303307.8  0.57%   832 5810s
  4117  2999 -1306488.0  613  442 -1310824.5 -1303307.8  0.57%   832 5815s
  4122  3003 -1306488.0  616  444 -1310824.5 -1303307.8  0.57%   832 5821s
  4127  3006 -1306604.9  618  462 -1310824.5 -1303307.8  0.57%   831 5825s
  4133  3010 -1306604.9  621  431 -1310824.5 -1303307.8  0.57%   831 5830s
  4139  3014 -1306488.0  624  468 -1310824.5 -1303307.8  0.57%   830 5835s
  4143  3017 -1306488.0  626  438 -1310824.5 -1303307.8  0.57%   830 5840s
  4148  3020 -1306488.0  629  432 -1310824.5 -1303307.8  0.57%   830 5873s
  4150  3021 -1306488.0  630  430 -1310824.5 -1303307.8  0.57%   830 5875s
  4156  3025 -1306488.0  633  456 -1310824.5 -1303307.8  0.57%   829 5880s
  4162  3029 -1306488.0  636  457 -1310824.5 -1303307.8  0.57%   829 5885s
  4169  3034 -1306686.2  639  472 -1310824.5 -1303307.8  0.57%   828 5890s
  4176  3039 -1306488.0  643  450 -1310824.5 -1303307.8  0.57%   827 5895s
  4182  3043 -1306488.0  646  439 -1310824.5 -1303307.8  0.57%   826 5900s
  4189  3047 -1306488.0  649  433 -1310824.5 -1303307.8  0.57%   826 5905s
  4194  3051 -1306488.0  652  475 -1310824.5 -1303307.8  0.57%   826 5910s
  4200  3055 -1306488.0  655  469 -1310824.5 -1303307.8  0.57%   825 5915s
  4206  3059 -1306488.0  658  484 -1310824.5 -1303307.8  0.57%   824 5920s
  4211  3062 -1306960.7  660  452 -1310824.5 -1303307.8  0.57%   824 5925s
  4217  3066 -1306953.2  663  462 -1310824.5 -1303307.8  0.57%   824 5930s
  4223  3070 -1306604.9  666  439 -1310824.5 -1303307.8  0.57%   823 5935s
  4230  3075 -1306488.0  670  447 -1310824.5 -1303307.8  0.57%   823 5940s
  4238  3080 -1306631.4  674  448 -1310824.5 -1303307.8  0.57%   822 5945s
  4243  3083 -1307077.6  676  480 -1310824.5 -1303307.8  0.57%   822 5950s
  4249  3087 -1306982.6  679  453 -1310824.5 -1303307.8  0.57%   821 5955s
  4255  3091 -1306647.9  682  430 -1310824.5 -1303307.8  0.57%   821 5960s
  4262  3096 -1306604.9  686  432 -1310824.5 -1303307.8  0.57%   820 5965s
  4270  3101 -1306863.5  690  414 -1310824.5 -1303307.8  0.57%   819 5970s
  4280  3108 -1306996.0  695  414 -1310824.5 -1303307.8  0.57%   818 5975s
  4291  3115 -1307059.6  700  375 -1310824.5 -1303307.8  0.57%   816 5980s
H 4293  3067                    -1310767.551 -1303307.8  0.57%   816 5999s
  4293  3069 -1307524.8  701  408 -1310767.6 -1303307.8  0.57%   816 6016s
  4299  3075 -1307681.7  704  414 -1310767.6 -1303307.8  0.57%   815 6020s
  4307  3083 -1307081.0  708  381 -1310767.6 -1303307.8  0.57%   814 6025s
  4314  3090 -1307261.3  712  389 -1310767.6 -1303307.8  0.57%   814 6030s
  4321  3097 -1307781.4  715  399 -1310767.6 -1303307.8  0.57%   813 6035s
  4328  3104 -1307356.4  719  396 -1310767.6 -1303307.8  0.57%   813 6040s
  4337  3113 -1307541.2  723  390 -1310767.6 -1303307.8  0.57%   812 6045s
  4347  3123 -1307661.0  728  385 -1310767.6 -1303307.8  0.57%   810 6050s
  4356  3132 -1307661.0  733  402 -1310767.6 -1303307.8  0.57%   809 6055s
  4364  3140 -1307661.0  737  386 -1310767.6 -1303307.8  0.57%   808 6060s
  4372  3148 -1307661.0  741  389 -1310767.6 -1303307.8  0.57%   807 6065s
  4380  3156 -1307695.8  745  389 -1310767.6 -1303307.8  0.57%   806 6070s
  4391  3167 -1308500.8  750  405 -1310767.6 -1303307.8  0.57%   805 6075s
  4406  3182 -1308060.2  758  384 -1310767.6 -1303307.8  0.57%   802 6080s
  4416  3192 -1308060.2  763  378 -1310767.6 -1303307.8  0.57%   801 6085s
  4425  3201 -1309848.6  767  379 -1310767.6 -1303307.8  0.57%   800 6090s
  4439  3215 -1308500.7  774  364 -1310767.6 -1303307.8  0.57%   798 6095s
  4454  3230 -1308554.4  782  360 -1310767.6 -1303307.8  0.57%   795 6100s
  4466  3242 -1308554.4  788  387 -1310767.6 -1303307.8  0.57%   794 6105s
  4477  3253 -1309238.2  793  364 -1310767.6 -1303307.8  0.57%   792 6110s
  4492  3268 -1308776.7  801  378 -1310767.6 -1303307.8  0.57%   790 6115s
  4507  3283 -1308842.3  808  365 -1310767.6 -1303307.8  0.57%   787 6120s
  4518  3294 -1308942.1  814  358 -1310767.6 -1303307.8  0.57%   786 6125s
  4529  3305 -1308842.3  819  360 -1310767.6 -1303307.8  0.57%   785 6130s
  4543  3317 -1310099.2  826  359 -1310767.6 -1303307.8  0.57%   782 6135s
  4554  3328 -1308842.3  832  387 -1310767.6 -1303307.8  0.57%   781 6140s
  4563  3337 -1308942.1  836  367 -1310767.6 -1303307.8  0.57%   779 6145s
H 4569  3341                    -1310765.949 -1303307.8  0.57%   778 6156s
  4569  3343 -1308944.6  839  392 -1310765.9 -1303307.8  0.57%   778 6171s
  4576  3350 -1308842.3  843  379 -1310765.9 -1303307.8  0.57%   777 6175s
  4585  3359 -1308942.1  847  351 -1310765.9 -1303307.8  0.57%   776 6180s
  4595  3369 -1308942.1  852  355 -1310765.9 -1303307.8  0.57%   775 6185s
  4604  3378 -1308842.3  857  354 -1310765.9 -1303307.8  0.57%   774 6190s
  4617  3391 -1308945.0  863  346 -1310765.9 -1303307.8  0.57%   772 6195s
  4628  3402 -1308945.0  869  342 -1310765.9 -1303307.8  0.57%   771 6200s
  4639  3413 -1308945.0  874  320 -1310765.9 -1303307.8  0.57%   770 6205s
  4650  3424 -1308945.0  880  340 -1310765.9 -1303307.8  0.57%   768 6210s
  4663  3437 -1308960.6  886  336 -1310765.9 -1303307.8  0.57%   766 6215s
  4675  3449 -1310201.9  892  310 -1310765.9 -1303307.8  0.57%   764 6220s
  4684  3458 -1308945.0  897  346 -1310765.9 -1303307.8  0.57%   764 6225s
  4695  3467     cutoff  902      -1310765.9 -1303307.8  0.57%   762 6230s
  4706  3478 -1308945.0  908  346 -1310765.9 -1303307.8  0.57%   761 6235s
  4715  3487 -1308960.6  912  341 -1310765.9 -1303307.8  0.57%   760 6240s
  4731  3503 -1308960.6  920  325 -1310765.9 -1303307.8  0.57%   757 6245s
  4743  3515 -1308960.6  926  337 -1310765.9 -1303307.8  0.57%   757 6250s
  4757  3527 -1308960.6  933  307 -1310765.9 -1303307.8  0.57%   755 6255s
  4774  3542 -1308960.6  942  302 -1310765.9 -1303307.8  0.57%   752 6260s
  4785  3553 -1308960.6  947  314 -1310765.9 -1303307.8  0.57%   751 6288s
  4791  3559 -1309734.1  950  301 -1310765.9 -1303307.8  0.57%   750 6290s
  4811  3577 -1310251.6  960  298 -1310765.9 -1303307.8  0.57%   747 6295s
  4825  3587 -1310251.6  967  292 -1310765.9 -1303307.8  0.57%   745 6300s
  4848  3588     cutoff  971      -1310765.9 -1303307.8  0.57%   742 6305s
  4860  3587 -1303311.5   22  465 -1310765.9 -1303311.4  0.57%   741 6311s
  4862  3589 -1303329.9   23  579 -1310765.9 -1303311.4  0.57%   742 6317s
  4863  3590 -1303329.2   24  487 -1310765.9 -1303311.4  0.57%   742 6320s
  4867  3594 -1303424.1   26  506 -1310765.9 -1303311.4  0.57%   743 6326s
  4870  3597 -1303649.3   27  530 -1310765.9 -1303311.4  0.57%   743 6330s
  4874  3601 -1303424.1   29  487 -1310765.9 -1303311.4  0.57%   743 6335s
  4877  3604 -1303424.4   31  482 -1310765.9 -1303311.4  0.57%   744 6340s
  4880  3607 -1303424.4   32  528 -1310765.9 -1303311.4  0.57%   745 6346s
  4884  3611 -1303502.6   34  515 -1310765.9 -1303311.4  0.57%   745 6351s
  4887  3614 -1303435.3   36  456 -1310765.9 -1303311.4  0.57%   745 6355s
  4890  3617 -1303706.1   37  557 -1310765.9 -1303311.4  0.57%   746 6361s
  4893  3620 -1303463.2   39  440 -1310765.9 -1303311.4  0.57%   747 6365s
  4897  3624 -1303463.2   41  442 -1310765.9 -1303311.4  0.57%   747 6370s
  4902  3629 -1303463.2   43  471 -1310765.9 -1303311.4  0.57%   747 6375s
  4908  3635 -1303463.2   46  486 -1310765.9 -1303311.4  0.57%   747 6381s
  4912  3639 -1303463.2   48  473 -1310765.9 -1303311.4  0.57%   747 6385s
  4916  3643 -1303463.2   50  516 -1310765.9 -1303311.4  0.57%   748 6391s
  4918  3645 -1303463.2   51  576 -1310765.9 -1303311.4  0.57%   748 6396s
  4919  3646 -1303463.2   52  530 -1310765.9 -1303311.4  0.57%   749 6430s
  4923  3650 -1303463.2   54  543 -1310765.9 -1303311.4  0.57%   749 6435s
  4924  3651 -1303463.2   54  485 -1310765.9 -1303311.4  0.57%   749 6592s
  4925  3652 -1303463.2   55  485 -1310765.9 -1303311.4  0.57%   749 6631s
  4929  3656 -1303463.2   57  498 -1310765.9 -1303311.4  0.57%   749 6635s
  4934  3661 -1303463.2   59  471 -1310765.9 -1303311.4  0.57%   749 6640s
  4943  3670 -1303463.2   64  486 -1310765.9 -1303311.4  0.57%   748 6645s
  4950  3677 -1303657.0   67  516 -1310765.9 -1303311.4  0.57%   748 6650s
  4959  3686 -1303463.2   72  484 -1310765.9 -1303311.4  0.57%   747 6655s
  4966  3693 -1303657.0   75  526 -1310765.9 -1303311.4  0.57%   747 6660s
  4971  3698 -1303463.2   78  520 -1310765.9 -1303311.4  0.57%   747 6665s
  4977  3704 -1303463.2   81  489 -1310765.9 -1303311.4  0.57%   747 6670s
  4982  3709 -1303470.7   83  543 -1310765.9 -1303311.4  0.57%   748 6677s
  4983  3710 -1303470.7   84  591 -1310765.9 -1303311.4  0.57%   749 6686s
  4985  3712 -1303470.7   85  535 -1310765.9 -1303311.4  0.57%   749 6690s
  4987  3714 -1303470.7   86  549 -1310765.9 -1303311.4  0.57%   750 6695s
  4991  3718 -1303470.7   88  508 -1310765.9 -1303311.4  0.57%   750 6700s
  4994  3721 -1303470.7   89  590 -1310765.9 -1303311.4  0.57%   751 6705s
  4998  3725 -1303470.7   91  499 -1310765.9 -1303311.4  0.57%   751 6710s
  5002  3729 -1303470.7   93  550 -1310765.9 -1303311.4  0.57%   751 6715s
  5005  3732 -1303470.7   95  570 -1310765.9 -1303311.4  0.57%   751 6720s
  5009  3736 -1303470.7   97  561 -1310765.9 -1303311.4  0.57%   751 6725s
  5011  3738 -1303470.7   98  534 -1310765.9 -1303311.4  0.57%   752 6730s
  5016  3743 -1303470.7  100  612 -1310765.9 -1303311.4  0.57%   752 6736s
  5019  3746 -1303470.7  102  527 -1310765.9 -1303311.4  0.57%   752 6740s
  5022  3749 -1303470.7  103  592 -1310765.9 -1303311.4  0.57%   753 6747s
  5024  3751 -1303471.6  104  553 -1310765.9 -1303311.4  0.57%   753 6751s
  5027  3754 -1303470.7  106  556 -1310765.9 -1303311.4  0.57%   754 6755s
  5030  3757 -1303470.7  107  561 -1310765.9 -1303311.4  0.57%   754 6760s
  5033  3760 -1303470.7  109  555 -1310765.9 -1303311.4  0.57%   755 6765s
H 5035  3760                    -1310765.948 -1303311.4  0.57%   755 6853s
  5035  3762 -1303470.7  110  515 -1310765.9 -1303311.4  0.57%   755 7002s
  5037  3764 -1303470.7  111  519 -1310765.9 -1303311.4  0.57%   755 7005s
  5041  3768 -1303470.7  113  556 -1310765.9 -1303311.4  0.57%   756 7012s
  5043  3770 -1303470.7  114  580 -1310765.9 -1303311.4  0.57%   756 7015s
  5048  3775 -1303667.5  116  573 -1310765.9 -1303311.4  0.57%   756 7020s
  5054  3781 -1303567.6  119  544 -1310765.9 -1303311.4  0.57%   756 7025s
  5059  3786 -1303472.7  122  556 -1310765.9 -1303311.4  0.57%   756 7030s
  5062  3789 -1303472.7  123  556 -1310765.9 -1303311.4  0.57%   757 7035s
  5066  3793 -1303472.7  125  537 -1310765.9 -1303311.4  0.57%   757 7040s
  5072  3799 -1303472.7  128  555 -1310765.9 -1303311.4  0.57%   757 7046s
  5076  3803 -1303472.7  130  578 -1310765.9 -1303311.4  0.57%   757 7052s
  5078  3805 -1303472.7  131  528 -1310765.9 -1303311.4  0.57%   758 7055s
  5081  3808 -1303472.7  133  592 -1310765.9 -1303311.4  0.57%   758 7060s
  5084  3811 -1303472.7  134  583 -1310765.9 -1303311.4  0.57%   759 7065s
  5086  3813 -1303472.7  135  541 -1310765.9 -1303311.4  0.57%   760 7071s
  5089  3816 -1303485.1  137  549 -1310765.9 -1303311.4  0.57%   760 7076s
  5092  3819 -1303667.5  138  587 -1310765.9 -1303311.4  0.57%   760 7080s
  5096  3823 -1303487.9  140  533 -1310765.9 -1303311.4  0.57%   761 7085s
  5101  3828 -1303490.8  143  535 -1310765.9 -1303311.4  0.57%   761 7093s
  5102  3829 -1303667.5  143  602 -1310765.9 -1303311.4  0.57%   761 7096s
  5104  3831 -1303490.8  144  561 -1310765.9 -1303311.4  0.57%   762 7100s
  5110  3837 -1303655.3  147  582 -1310765.9 -1303311.4  0.57%   762 7107s
  5112  3839 -1304116.5  148  592 -1310765.9 -1303311.4  0.57%   762 7110s
  5116  3843 -1303667.5  150  541 -1310765.9 -1303311.4  0.57%   763 7115s
  5120  3847 -1303996.9  152  578 -1310765.9 -1303311.4  0.57%   763 7120s
  5124  3851 -1303613.3  154  573 -1310765.9 -1303311.4  0.57%   763 7126s
  5127  3854 -1303535.5  156  583 -1310765.9 -1303311.4  0.57%   764 7130s
  5132  3859 -1304027.4  158  543 -1310765.9 -1303311.4  0.57%   763 7135s
  5136  3863 -1303531.3  160  563 -1310765.9 -1303311.4  0.57%   764 7141s
  5140  3867 -1303531.3  162  523 -1310765.9 -1303311.4  0.57%   764 7145s
  5145  3872 -1303531.3  165  532 -1310765.9 -1303311.4  0.57%   764 7150s
  5148  3875 -1303531.3  166  530 -1310765.9 -1303311.4  0.57%   765 7155s
  5152  3879 -1303534.6  168  614 -1310765.9 -1303311.4  0.57%   765 7160s
  5157  3884 -1303534.6  171  506 -1310765.9 -1303311.4  0.57%   765 7165s
  5160  3887 -1303607.4  172  497 -1310765.9 -1303311.4  0.57%   766 7170s
  5166  3893 -1303863.9  175  565 -1310765.9 -1303311.4  0.57%   766 7175s
  5171  3898 -1303554.4  178  499 -1310765.9 -1303311.4  0.57%   766 7180s
  5177  3904 -1303554.4  181  573 -1310765.9 -1303311.4  0.57%   766 7185s
  5181  3908 -1303554.4  183  554 -1310765.9 -1303311.4  0.57%   767 7190s
  5184  3911 -1303554.4  184  608 -1310765.9 -1303311.4  0.57%   767 7196s

Cutting planes:
  Learned: 1
  Gomory: 23
  Lift-and-project: 23
  Cover: 54
  Implied bound: 64
  MIR: 127
  Flow cover: 242
  Relax-and-lift: 1

Explored 5189 nodes (4444301 simplex iterations) in 7200.02 seconds (8041.47 work units)
Thread count was 1 (of 72 available processors)

Solution count 10: -1.31077e+06 -1.31077e+06 -1.31077e+06 ... -1.31181e+06

Time limit reached
Best objective -1.310765948414e+06, best bound -1.303311391598e+06, gap 0.5687%

Gurobi 13.0.3 (linux64) logging started Sat Oct 10 08:10:25 2026

Set parameter LogFile to value "/home/gep/projects/jaffray-masc-fhops-model/data/output/rerun_v101_calib/ni_40_sub14_lock7.gurobi.log"
Gurobi Optimizer version 13.0.3 build v13.0.3rc0 (linux64 - "Ubuntu 24.04.3 LTS")

CPU model: Intel(R) Xeon(R) Gold 6254 CPU @ 3.10GHz, instruction set [SSE2|AVX|AVX2|AVX512]
Thread count: 36 physical cores, 72 logical processors, using up to 1 threads

Non-default parameters:
TimeLimit  1800
Threads  1

Optimize a model with 77299 rows, 102136 columns and 305468 nonzeros (Max)
Model fingerprint: 0x05416f50
Model has 40320 linear objective coefficients
Variable types: 58840 continuous, 43296 integer (43296 binary)
Coefficient statistics:
  Matrix range     [1e+00, 1e+05]
  Objective range  [2e-02, 1e+00]
  Bounds range     [1e+00, 1e+00]
  RHS range        [1e+00, 1e+06]

Loaded user MIP start with objective 305693

Presolve removed 12199 rows and 12764 columns
Presolve time: 0.70s
Presolved: 65100 rows, 89372 columns, 273506 nonzeros
Variable types: 47763 continuous, 41609 integer (41609 binary)
Found heuristic solution: objective 305696.96587

Root simplex log...

Iteration    Objective       Primal Inf.    Dual Inf.      Time
   20127    5.6474102e+05   4.566620e+04   0.000000e+00      5s
   23415    5.6449193e+05   0.000000e+00   0.000000e+00      6s
   23415    5.6449193e+05   0.000000e+00   0.000000e+00      6s

Use crossover to convert LP symmetric solution to basic solution...

Root crossover log...

    5131 DPushes remaining with DInf 0.0000000e+00                 6s
       0 DPushes remaining with DInf 0.0000000e+00                 6s

    6455 PPushes remaining with PInf 0.0000000e+00                 6s
       0 PPushes remaining with PInf 0.0000000e+00                 6s

  Push phase complete: Pinf 0.0000000e+00, Dinf 2.0459547e-02      6s


Root simplex log...

Iteration    Objective       Primal Inf.    Dual Inf.      Time
   34712    5.6449193e+05   0.000000e+00   2.045955e-02      7s
   34713    5.6449193e+05   0.000000e+00   0.000000e+00      7s
Crossover time: 0.35 seconds (0.32 work units)
   35092    5.6449193e+05   0.000000e+00   0.000000e+00      7s

Extra simplex iterations after uncrush: 379

Root relaxation: objective 5.644919e+05, 35092 iterations, 5.90 seconds (5.38 work units)

    Nodes    |    Current Node    |     Objective Bounds      |     Work
 Expl Unexpl |  Obj  Depth IntInf | Incumbent    BestBd   Gap | It/Node Time

     0     0 564491.928    0 1520 305696.966 564491.928  84.7%     -   12s
     0     0 564418.342    0 1892 305696.966 564418.342  84.6%     -   47s
     0     0 564417.039    0 1963 305696.966 564417.039  84.6%     -   61s
     0     0 564417.039    0 1955 305696.966 564417.039  84.6%     -   61s
     0     0 564410.374    0 2219 305696.966 564410.374  84.6%     -   72s
     0     0 564408.602    0 2166 305696.966 564408.602  84.6%     -   75s
     0     0 564408.599    0 2141 305696.966 564408.599  84.6%     -   75s
     0     0 564408.197    0 2222 305696.966 564408.197  84.6%     -   79s
     0     0 564406.462    0 2181 305696.966 564406.462  84.6%     -   82s
     0     0 564406.459    0 2171 305696.966 564406.459  84.6%     -   83s
     0     0 564406.459    0 2287 305696.966 564406.459  84.6%     -   85s
     0     0 564406.459    0 2271 305696.966 564406.459  84.6%     -   87s
     0     0 564406.418    0 2313 305696.966 564406.418  84.6%     -   89s
     0     0 564406.189    0 2298 305696.966 564406.189  84.6%     -   91s
     0     0 564406.189    0 2287 305696.966 564406.189  84.6%     -   91s
     0     0 564406.137    0 2332 305696.966 564406.137  84.6%     -   94s
     0     0 564406.137    0 2339 305696.966 564406.137  84.6%     -   95s
     0     0 564405.989    0 2375 305696.966 564405.989  84.6%     -   98s
     0     0 564405.989    0 2375 305696.966 564405.989  84.6%     -   98s
     0     0 564405.989    0 1674 305696.966 564405.989  84.6%     -  109s
     0     2 564405.989    0 1635 305696.966 564405.989  84.6%     -  249s
     1     3 564222.816    1 1655 305696.966 564405.836  84.6%  4311  254s
     2     4 564401.222    1 1615 305696.966 564401.222  84.6%  2993  273s
     3     5 564392.234    2 1633 305696.966 564401.222  84.6%  2462  275s
     7     9 564388.437    4 1596 305696.966 564392.234  84.6%  1529  280s
    10    12 564363.360    6 1610 305696.966 564392.234  84.6%  1648  287s
    13    15 564240.829    8 1705 305696.966 564392.234  84.6%  1695  295s
    16    18 564313.592    9 1620 305696.966 564392.234  84.6%  1888  306s
    17    19 564356.201   10 1581 305696.966 564392.234  84.6%  2095  313s
    19    21 564373.354   11 1652 305696.966 564392.234  84.6%  1951  315s
    20    22 564380.211   11 1670 305696.966 564392.234  84.6%  1854  439s
    21    23 564375.260   12 1630 305696.966 564392.234  84.6%  1817  441s
    24    26 564368.186   13 1616 305696.966 564392.234  84.6%  1811  449s
    25    27 564358.496   14 1625 305696.966 564392.234  84.6%  2096  460s
    31    33 564364.274   17 1663 305696.966 564392.234  84.6%  1853  467s
    33    35 564338.415   18 1616 305696.966 564392.234  84.6%  1811  471s
    35    37 564345.732   19 1668 305696.966 564392.234  84.6%  1859  478s
    38    40 564355.484   21 1613 305696.966 564392.234  84.6%  1748  480s
    41    43 564263.537   22 1645 305696.966 564392.234  84.6%  1722  486s
    43    45 564328.253   23 1596 305696.966 564392.234  84.6%  1705  490s
    48    50 564301.593   26 1614 305696.966 564392.234  84.6%  1598  495s
    49    51 564203.719   26 1607 305696.966 564392.234  84.6%  1710  505s
    56    58 564257.487   31 1579 305696.966 564392.234  84.6%  1607  514s
    57    59 564267.697   32 1578 305696.966 564392.234  84.6%  1608  516s
    60    62 564250.761   33 1564 305696.966 564392.234  84.6%  1598  522s
    61    63 564137.286   34 1621 305696.966 564392.234  84.6%  1672  530s
    66    68 564255.299   36 1582 305696.966 564392.234  84.6%  1611  536s
    67    69 564215.197   37 1556 305696.966 564392.234  84.6%  1642  542s
    71    73 564253.981   39 1558 305696.966 564392.234  84.6%  1579  545s
    75    77 563841.649   41 1602 305696.966 564392.234  84.6%  1564  552s
    78    80 564231.389   43 1558 305696.966 564392.234  84.6%  1543  556s
    80    82 564129.968   44 1591 305696.966 564392.234  84.6%  1545  560s
    85    87 564193.941   47 1573 305696.966 564392.234  84.6%  1521  567s
    89    91 564167.957   51 1564 305696.966 564392.234  84.6%  1474  570s
    93    95 564134.646   53 1592 305696.966 564392.234  84.6%  1475  578s
    98   100 564186.701   56 1567 305696.966 564392.234  84.6%  1411  580s
   101   103 564064.070   58 1579 305696.966 564392.234  84.6%  1407  585s
   106   108 564128.080   60 1526 305696.966 564392.234  84.6%  1370  590s
   110   112 563920.274   62 1561 305696.966 564392.234  84.6%  1368  596s
   114   116 564095.130   66 1481 305696.966 564392.234  84.6%  1349  600s
   116   118 564065.490   67 1527 305696.966 564392.234  84.6%  1361  606s
   121   123 564047.394   70 1486 305696.966 564392.234  84.6%  1352  613s
   122   124 564074.564   71 1502 305696.966 564392.234  84.6%  1357  616s
   128   130 563971.212   75 1537 305696.966 564392.234  84.6%  1332  623s
   130   132 562490.247   76 1532 305696.966 564392.234  84.6%  1373  634s
   131   133 563843.349   76 1482 305696.966 564392.234  84.6%  1386  638s
   134   136 563711.495   79 1472 305696.966 564392.234  84.6%  1367  640s
   138   140 563826.231   81 1478 305696.966 564392.234  84.6%  1350  645s
   140   142 563775.659   82 1519 305696.966 564392.234  84.6%  1358  650s
   144   146 563812.337   84 1523 305696.966 564392.234  84.6%  1341  655s
   145   147 563611.988   85 1492 305696.966 564392.234  84.6%  1358  660s
   148   150 563744.573   87 1553 305696.966 564392.234  84.6%  1356  666s
   151   153 563743.958   88 1515 305696.966 564392.234  84.6%  1349  670s
   154   156 563699.925   90 1520 305696.966 564392.234  84.6%  1346  675s
   156   158 563567.112   91 1496 305696.966 564392.234  84.6%  1358  680s
   159   161 558730.585   93 1523 305696.966 564392.234  84.6%  1479  855s
   161   163 561537.140   94 1516 305696.966 564392.234  84.6%  1553  876s
   166   168 563636.563   96 1504 305696.966 564392.234  84.6%  1527  881s
   169   171 563579.292   98 1484 305696.966 564392.234  84.6%  1524  886s
   173   175 563606.003  100 1485 305696.966 564392.234  84.6%  1507  890s
   176   178 563461.308  102 1511 305696.966 564392.234  84.6%  1511  897s
   179   181 563328.846  104 1472 305696.966 564392.234  84.6%  1501  901s
   180   182 563446.801  105 1462 305696.966 564392.234  84.6%  1512  905s
   183   185 563401.377  107 1452 305696.966 564392.234  84.6%  1509  911s
   188   190 563361.942  110 1448 305696.966 564392.234  84.6%  1483  929s
   190   192 563403.649  111 1421 305696.966 564392.234  84.6%  1468  930s
   193   195 561659.939  113 1446 305696.966 564392.234  84.6%  1476  937s
   194   196 562970.982  113 1442 305696.966 564392.234  84.6%  1480  940s
   198   200 562924.927  116 1455 305696.966 564392.234  84.6%  1471  946s
   200   202 562813.151  117 1432 305696.966 564392.234  84.6%  1472  950s
   203   205 562753.891  118 1486 305696.966 564392.234  84.6%  1476  958s
   207   209 562856.211  120 1439 305696.966 564392.234  84.6%  1454  960s
   210   212 562713.190  122 1468 305696.966 564392.234  84.6%  1456  966s
   215   217 562784.456  126 1444 305696.966 564392.234  84.6%  1431  970s
   216   218 559435.272  127 1514 305696.966 564392.234  84.6%  1484  985s
   221   223 562724.508  129 1479 305696.966 564392.234  84.6%  1470  990s
   229   231 562709.939  135 1491 305696.966 564392.234  84.6%  1433  996s
   233   235 554482.654  138 1568 305696.966 564392.234  84.6%  1515 1019s
   234   236 562631.428  138 1528 305696.966 564392.234  84.6%  1526 1023s
   235   237 562528.298  139 1515 305696.966 564392.234  84.6%  1523 1025s
   247   249 562620.344  147 1504 305696.966 564392.234  84.6%  1462 1030s
   249   251 562545.731  148 1510 305696.966 564392.234  84.6%  1465 1035s
   257   259 562617.233  152 1494 305696.966 564392.234  84.6%  1431 1040s
   265   267 562603.032  157 1455 305696.966 564392.234  84.6%  1402 1045s
   271   273 562596.021  160 1471 305696.966 564392.234  84.6%  1382 1050s
   282   284 562595.421  166 1449 305696.966 564392.234  84.6%  1338 1063s
   283   285 562498.922  166 1417 305696.966 564392.234  84.6%  1342 1065s
   287   289 562561.430  169 1433 305696.966 564392.234  84.6%  1336 1070s
   291   293 562539.162  171 1422 305696.966 564392.234  84.6%  1330 1075s
   299   301 562341.904  175 1438 305696.966 564392.234  84.6%  1312 1081s
   304   306 562331.597  178 1440 305696.966 564392.234  84.6%  1299 1085s
   311   313 562013.422  181 1415 305696.966 564392.234  84.6%  1305 1097s
   313   315 562179.150  183 1393 305696.966 564392.234  84.6%  1303 1100s
   326   328 562142.927  192 1402 305696.966 564392.234  84.6%  1262 1105s
   334   336 560331.593  197 1386 305696.966 564392.234  84.6%  1251 1112s
   336   338 561840.435  198 1367 305696.966 564392.234  84.6%  1251 1115s
   337   339 559951.540  198 1390 305696.966 564392.234  84.6%  1261 1120s
   347   349 561723.386  204 1361 305696.966 564392.234  84.6%  1237 1127s
   353   355 561673.742  207 1382 305696.966 564392.234  84.6%  1226 1131s
   358   360 561814.366  210 1380 305696.966 564392.234  84.6%  1217 1135s
   367   369 561796.957  216 1338 305696.966 564392.234  84.6%  1195 1140s
   376   378 561762.645  221 1315 305696.966 564392.234  84.6%  1170 1149s
   377   379 561664.562  221 1326 305696.966 564392.234  84.6%  1169 1150s
   383   385 560180.089  224 1326 305696.966 564392.234  84.6%  1162 1155s
   398   400 561697.043  233 1294 305696.966 564392.234  84.6%  1126 1160s
   408   410 561577.020  238 1279 305696.966 564392.234  84.6%  1107 1165s
   417   419 561443.818  244 1290 305696.966 564392.234  84.6%  1095 1170s
   431   433 561300.972  252 1279 305696.966 564392.234  84.6%  1069 1175s
   458   460 561221.533  269 1224 305696.966 564392.234  84.6%  1014 1180s
   474   476 561088.187  279 1212 305696.966 564392.234  84.6%   988 1185s
   485   487 561033.137  285 1220 305696.966 564392.234  84.6%   973 1190s
   496   498 557019.760  292 1320 305696.966 564392.234  84.6%   983 1204s
   500   502 560873.514  294 1170 305696.966 564392.234  84.6%   979 1205s
   517   519 560843.687  304 1163 305696.966 564392.234  84.6%   952 1210s
   522   524 560689.380  306 1147 305696.966 564392.234  84.6%   954 1215s
   534   536 559557.594  315 1184 305696.966 564392.234  84.6%   944 1220s
   543   545 560177.795  321 1138 305696.966 564392.234  84.6%   937 1225s
   555   557 559768.883  329 1145 305696.966 564392.234  84.6%   925 1230s
   578   580 559740.961  341 1156 305696.966 564392.234  84.6%   894 1235s
   600   602 559701.516  354 1122 305696.966 564392.234  84.6%   868 1240s
   619   621 559628.345  365 1102 305696.966 564392.234  84.6%   849 1245s
   630   632 559490.944  370 1094 305696.966 564392.234  84.6%   842 1250s
   646   648 559196.137  381 1059 305696.966 564392.234  84.6%   828 1255s
   658   660 559099.289  387 1060 305696.966 564392.234  84.6%   817 1261s
   665   667 558256.520  390 1067 305696.966 564392.234  84.6%   815 1265s
   683   685 558951.691  399 1030 305696.966 564392.234  84.6%   800 1270s
   700   702 558141.928  408 1055 305696.966 564392.234  84.6%   789 1275s
   715   717 558844.096  417 1023 305696.966 564392.234  84.6%   779 1280s
   741   743 558767.555  432  998 305696.966 564392.234  84.6%   756 1285s
   760   762 555671.193  445 1093 305696.966 564392.234  84.6%   750 1293s
   772   774 557303.530  451  991 305696.966 564392.234  84.6%   740 1295s
   803   805 555046.131  471 1020 305696.966 564392.234  84.6%   720 1301s
   811   813 556462.859  475  957 305696.966 564392.234  84.6%   717 1305s
   826   828 556413.898  484  972 305696.966 564392.234  84.6%   710 1310s
   846   848 556338.210  496  982 305696.966 564392.234  84.6%   699 1315s
   867   869 556292.212  507  962 305696.966 564392.234  84.6%   686 1320s
   874   876 555397.590  510  985 305696.966 564392.234  84.6%   689 1326s
   882   884 556255.004  517  973 305696.966 564392.234  84.6%   683 1409s
   886   888 556222.428  520  980 305696.966 564392.234  84.6%   681 1410s
   901   903 556200.635  528  955 305696.966 564392.234  84.6%   674 1415s
   925   927 556150.893  541  970 305696.966 564392.234  84.6%   662 1420s
   944   946 556051.087  551  956 305696.966 564392.234  84.6%   654 1425s
   957   959 554823.324  559  975 305696.966 564392.234  84.6%   651 1430s
   973   975 555729.570  569  931 305696.966 564392.234  84.6%   647 1435s
   989   991 555558.046  577  945 305696.966 564392.234  84.6%   641 1440s
  1004  1006 555438.459  585  944 305696.966 564392.234  84.6%   637 1445s
  1025  1027 555295.458  598  932 305696.966 564392.234  84.6%   629 1450s
  1060  1062 554220.268  616  928 305696.966 564392.234  84.6%   612 1455s
  1079  1081 555155.893  626  925 305696.966 564392.234  84.6%   605 1460s
  1107  1109 554984.752  644  912 305696.966 564392.234  84.6%   594 1465s
  1140  1142 554865.944  663  910 305696.966 564392.234  84.6%   581 1470s
  1168  1170 554730.974  680  892 305696.966 564392.234  84.6%   571 1475s
  1188  1190 554545.242  692  888 305696.966 564392.234  84.6%   566 1480s
  1204  1206 554468.536  700  885 305696.966 564392.234  84.6%   564 1485s
  1235  1237 554306.599  717  901 305696.966 564392.234  84.6%   552 1490s
  1265  1267 554185.431  737  897 305696.966 564392.234  84.6%   543 1495s
  1285  1287 553563.683  748  892 305696.966 564392.234  84.6%   539 1500s
  1305  1307 552794.484  762  899 305696.966 564392.234  84.6%   536 1505s
  1326  1328 549865.479  776  866 305696.966 564392.234  84.6%   533 1510s
  1344  1346 550638.007  787  886 305696.966 564392.234  84.6%   530 1515s
  1360  1362 549600.759  798  882 305696.966 564392.234  84.6%   530 1520s
  1371  1373 549066.468  804  872 305696.966 564392.234  84.6%   534 1525s
  1389  1387 infeasible  814      305696.966 564392.234  84.6%   534 1530s
  1420  1412 564205.834    3 1666 305696.966 564389.006  84.6%   529 1540s
  1422  1413 559749.576  337 1674 305696.966 564389.006  84.6%   528 1794s

Explored 1423 nodes (891859 simplex iterations) in 1800.02 seconds (2153.14 work units)
Thread count was 1 (of 72 available processors)

Solution count 3: 305697 305697 305693 

Time limit reached
Best objective 3.056969658735e+05, best bound 5.643890061091e+05, gap 84.6237%
