
Gurobi 13.0.3 (linux64) logging started Sat Oct 10 06:10:54 2026

Set parameter LogFile to value "/home/gep/projects/jaffray-masc-fhops-model/data/output/rerun_v101_calib/ni_40_sub112_lock7.gurobi.log"
Gurobi Optimizer version 13.0.3 build v13.0.3rc0 (linux64 - "Ubuntu 24.04.3 LTS")

CPU model: Intel(R) Xeon(R) Gold 6254 CPU @ 3.10GHz, instruction set [SSE2|AVX|AVX2|AVX512]
Thread count: 36 physical cores, 72 logical processors, using up to 1 threads

Non-default parameters:
TimeLimit  7200
Threads  1

Optimize a model with 625198 rows, 819458 columns and 2455482 nonzeros (Max)
Model fingerprint: 0x3fcbe559
Model has 13480 linear objective coefficients
Variable types: 470440 continuous, 349018 integer (349018 binary)
Coefficient statistics:
  Matrix range     [1e+00, 3e+05]
  Objective range  [1e+00, 1e+00]
  Bounds range     [1e+00, 1e+00]
  RHS range        [1e+00, 3e+05]

Found heuristic solution: objective -1578930.500
Presolve removed 74849 rows and 76134 columns (presolve time = 5s)...
Presolve removed 75867 rows and 77014 columns (presolve time = 10s)...
Presolve removed 75867 rows and 77014 columns
Presolve time: 10.43s
Presolved: 549331 rows, 742444 columns, 2307410 nonzeros
Variable types: 395839 continuous, 346605 integer (346605 binary)

Root simplex log...

Iteration    Objective       Primal Inf.    Dual Inf.      Time
       0    2.4457596e+06   3.110958e+07   0.000000e+00     14s
    9153    1.5789214e+06   2.586314e+06   0.000000e+00     15s
   29032    1.5482891e+06   1.628541e+06   0.000000e+00     20s
   44284    2.8413819e+05   1.240072e+07   0.000000e+00     25s
   51914    2.3594758e+05   7.070469e+07   0.000000e+00     30s
   56944    2.0388322e+05   3.145065e+07   0.000000e+00     35s
   60578    2.0266930e+05   1.428777e+07   0.000000e+00     40s
   62778    2.0266923e+05   7.109670e+07   0.000000e+00     46s
   63798    1.9984595e+05   3.145925e+07   0.000000e+00     50s
   64598    1.9984592e+05   1.929566e+08   0.000000e+00     55s
   65548    1.8099795e+05   1.249863e+08   0.000000e+00     61s
   66348    1.7740299e+05   1.155659e+08   0.000000e+00     66s
   67098    1.6969865e+05   4.274465e+07   0.000000e+00     71s
   67838    1.6969863e+05   2.920751e+08   0.000000e+00     76s
   68478    1.6969861e+05   9.687665e+07   0.000000e+00     80s
   69048    1.6969860e+05   6.223840e+07   0.000000e+00     85s
   69758    1.6969858e+05   2.046728e+07   0.000000e+00     90s
   70708    1.6969854e+05   4.141987e+07   0.000000e+00     95s
   71418    1.6969853e+05   3.967487e+08   0.000000e+00    100s
   72228    1.6969851e+05   7.047523e+07   0.000000e+00    105s
   72928    1.6969849e+05   1.459585e+08   0.000000e+00    110s
   73738    1.6969847e+05   1.657004e+09   0.000000e+00    116s
   74428    1.6969845e+05   7.480720e+08   0.000000e+00    120s
   75268    1.6969843e+05   1.761922e+08   0.000000e+00    126s
   75818    1.6969842e+05   4.688805e+07   0.000000e+00    130s
   76528    1.6969840e+05   3.597859e+07   0.000000e+00    135s
   77318    1.6969839e+05   1.533521e+08   0.000000e+00    141s
   77858    1.6969837e+05   3.662607e+08   0.000000e+00    145s
   78548    1.6969836e+05   1.149471e+08   0.000000e+00    151s
   79198    1.6969834e+05   4.145146e+09   0.000000e+00    156s
   79858    1.6969833e+05   1.404664e+08   0.000000e+00    161s
   80538    1.6969831e+05   1.063073e+09   0.000000e+00    166s
   81218    1.6969829e+05   1.187633e+08   0.000000e+00    171s
   81728    1.6969828e+05   3.799164e+08   0.000000e+00    175s
   82388    1.6818813e+05   3.631455e+09   0.000000e+00    180s
   83058    1.6818812e+05   1.259748e+08   0.000000e+00    185s
   83758    1.6818810e+05   1.456651e+08   0.000000e+00    190s
   84418    1.6818809e+05   9.040479e+07   0.000000e+00    195s
   85118    1.6818808e+05   3.745533e+08   0.000000e+00    201s
   85768    1.6818807e+05   8.650980e+07   0.000000e+00    206s
   86458    1.6818806e+05   3.159368e+07   0.000000e+00    211s
   87138    1.6818804e+05   2.111450e+07   0.000000e+00    216s
   87768    1.6818803e+05   1.130470e+08   0.000000e+00    221s
   88562    1.6818803e+05   6.224687e+07   0.000000e+00    225s
   89192    1.6818802e+05   1.268916e+08   0.000000e+00    230s
   89952    1.6818800e+05   5.726921e+08   0.000000e+00    236s
   90572    1.6818799e+05   7.579529e+07   0.000000e+00    241s
   91102    1.6818798e+05   6.549841e+07   0.000000e+00    245s
   91752    1.6818797e+05   2.678449e+09   0.000000e+00    250s
   92772    1.6818795e+05   9.150771e+07   0.000000e+00    255s
   93502    1.6818795e+05   3.000387e+08   0.000000e+00    261s
   94052    1.6818794e+05   2.785706e+07   0.000000e+00    265s
   94652    1.6818793e+05   8.759045e+07   0.000000e+00    270s
   95372    1.6818792e+05   1.255531e+08   0.000000e+00    276s
   95932    1.6818791e+05   5.761207e+07   0.000000e+00    280s
   96592    1.6818791e+05   9.483038e+07   0.000000e+00    286s
   97422    1.6818789e+05   1.118216e+08   0.000000e+00    291s
   97952    1.6818789e+05   2.639275e+07   0.000000e+00    295s
   98602    1.6818788e+05   1.051347e+07   0.000000e+00    301s
   99212    1.6818787e+05   1.917022e+08   0.000000e+00    306s
   99762    1.6818786e+05   4.298145e+07   0.000000e+00    310s
  100392    1.6818786e+05   2.474281e+08   0.000000e+00    315s
  101072    1.6818785e+05   2.022884e+07   0.000000e+00    321s
  101652    1.6818784e+05   6.761066e+07   0.000000e+00    325s
  103278    1.6818781e+05   5.772963e+08   0.000000e+00    330s
  103948    1.6818780e+05   7.290083e+07   0.000000e+00    335s
  104658    1.6818780e+05   1.945129e+07   0.000000e+00    341s
  105188    1.6818779e+05   5.814754e+07   0.000000e+00    345s
  105838    1.6818779e+05   4.343598e+07   0.000000e+00    350s
  106528    1.6818778e+05   2.708151e+07   0.000000e+00    355s
  107168    1.6818777e+05   9.996095e+07   0.000000e+00    361s
  107828    1.6818777e+05   2.641393e+07   0.000000e+00    366s
  108448    1.6818776e+05   3.197131e+08   0.000000e+00    370s
  109198    1.6818775e+05   3.206341e+07   0.000000e+00    376s
  109848    1.6818775e+05   4.318526e+08   0.000000e+00    380s
  110528    1.6818774e+05   3.713702e+07   0.000000e+00    385s
  111188    1.6818773e+05   4.625618e+07   0.000000e+00    390s
  111858    1.6818773e+05   2.611583e+07   0.000000e+00    395s
  112578    1.6818772e+05   5.254091e+07   0.000000e+00    400s
  113218    1.6818772e+05   1.321044e+08   0.000000e+00    406s
  113898    1.6818771e+05   5.597455e+07   0.000000e+00    411s
  114608    1.6818771e+05   1.159544e+07   0.000000e+00    415s
  115592    1.6818770e+05   4.350392e+07   0.000000e+00    421s
  116476    1.6818769e+05   1.450419e+08   0.000000e+00    425s
  117206    1.6818769e+05   9.086165e+07   0.000000e+00    430s
  118006    1.6818768e+05   2.657705e+07   0.000000e+00    436s
  118656    1.6818768e+05   8.625520e+06   0.000000e+00    441s
  119196    1.6818768e+05   5.414890e+07   0.000000e+00    446s
  119976    1.6818767e+05   2.906784e+07   0.000000e+00    451s
  120756    1.6818767e+05   9.825526e+06   0.000000e+00    456s
  121296    1.6818767e+05   1.036566e+07   0.000000e+00    460s
  121926    1.6818766e+05   1.102920e+07   0.000000e+00    466s
  122436    1.6818766e+05   8.726278e+08   0.000000e+00    471s
  122976    1.6818766e+05   2.693825e+07   0.000000e+00    476s
  123506    1.6818766e+05   3.687347e+06   0.000000e+00    481s
  124016    1.6818765e+05   1.853887e+06   0.000000e+00    486s
  124626    1.6818765e+05   6.378044e+06   0.000000e+00    491s
  125316    1.6818765e+05   3.615069e+08   0.000000e+00    495s
  125836    1.6818765e+05   7.671765e+07   0.000000e+00    500s
  126566    1.6818765e+05   6.230016e+07   0.000000e+00    505s
  127166    1.6818764e+05   2.594707e+07   0.000000e+00    510s
  128164    1.6798409e+05   7.785863e+06   0.000000e+00    516s
  129114    1.6798409e+05   2.771653e+07   0.000000e+00    521s
  129624    1.6798409e+05   4.781703e+08   0.000000e+00    525s
  130204    1.6798409e+05   7.995934e+06   0.000000e+00    530s
  130794    1.6798408e+05   1.699082e+08   0.000000e+00    535s
  131494    1.6798408e+05   2.555109e+07   0.000000e+00    540s
  132174    1.6798408e+05   3.339755e+06   0.000000e+00    545s
  132844    1.6798408e+05   3.044934e+07   0.000000e+00    551s
  133364    1.6798408e+05   2.556266e+07   0.000000e+00    555s
  134044    1.6798408e+05   8.265674e+06   0.000000e+00    561s
  134554    1.6798408e+05   3.003968e+07   0.000000e+00    566s
  135034    1.6798408e+05   6.018455e+06   0.000000e+00    571s
  135684    1.6798407e+05   5.814069e+06   0.000000e+00    576s
  136274    1.6798407e+05   1.224364e+07   0.000000e+00    581s
  136814    1.6798407e+05   2.905244e+06   0.000000e+00    586s
  137364    1.6798407e+05   8.759858e+05   0.000000e+00    591s
  137884    1.6798407e+05   6.851929e+06   0.000000e+00    596s
  138484    1.6798407e+05   8.409556e+05   0.000000e+00    601s
  139064    1.6798407e+05   8.961040e+06   0.000000e+00    605s
  139634    1.6798407e+05   7.608065e+06   0.000000e+00    610s
  140164    1.6798407e+05   3.279151e+05   0.000000e+00    616s
  140724    1.6798407e+05   8.763837e+06   0.000000e+00    621s
  141264    1.6798407e+05   1.318251e+06   0.000000e+00    625s
  141834    1.6798407e+05   3.267077e+05   0.000000e+00    631s
  142264    1.6798407e+05   2.120539e+05   0.000000e+00    635s
  142844    1.6798407e+05   3.116990e+05   0.000000e+00    640s
  143654    1.6798407e+05   6.671194e+04   0.000000e+00    646s
  144254    1.6798407e+05   1.049049e+03   0.000000e+00    651s
  144954    1.6799601e+05   0.000000e+00   0.000000e+00    654s
  144954    1.6799601e+05   0.000000e+00   0.000000e+00    654s

Use crossover to convert LP symmetric solution to basic solution...

Root crossover log...

   15433 DPushes remaining with DInf 0.0000000e+00               655s
       0 DPushes remaining with DInf 0.0000000e+00               655s

   34044 PPushes remaining with PInf 0.0000000e+00               655s
       0 PPushes remaining with PInf 0.0000000e+00               657s

  Push phase complete: Pinf 0.0000000e+00, Dinf 1.2501891e-10    657s


Root simplex log...

Iteration    Objective       Primal Inf.    Dual Inf.      Time
  186386    1.6799601e+05   0.000000e+00   0.000000e+00    657s
Crossover time: 2.66 seconds (1.86 work units)
  186386    1.6799601e+05   0.000000e+00   0.000000e+00    658s

Root relaxation: objective 1.679960e+05, 186386 iterations, 646.43 seconds (470.03 work units)

    Nodes    |    Current Node    |     Objective Bounds      |     Work
 Expl Unexpl |  Obj  Depth IntInf | Incumbent    BestBd   Gap | It/Node Time

     0     0 167996.014    0  572 -1578930.5 167996.014   111%     - 1310s
H    0     0                    144037.29114 167996.014  16.6%     - 1354s
H    0     0                    152441.72978 167996.014  10.2%     - 1362s
H    0     0                    152800.70300 167996.014  9.94%     - 1362s
H    0     0                    157476.31170 167996.014  6.68%     - 1362s
H    0     0                    158096.27477 167996.014  6.26%     - 1363s
H    0     0                    158769.85252 167996.014  5.81%     - 1363s
H    0     0                    160617.80120 167996.014  4.59%     - 1364s
H    0     0                    161288.54316 167996.014  4.16%     - 1366s
H    0     0                    162567.21872 167996.014  3.34%     - 1371s
H    0     0                    162597.64903 167996.014  3.32%     - 1381s
H    0     0                    162625.36002 167996.014  3.30%     - 1382s
     0     0 167996.014    0  743 162625.360 167996.014  3.30%     - 1464s
     0     0 167996.014    0  743 162625.360 167996.014  3.30%     - 1467s
     0     0 167996.014    0  749 162625.360 167996.014  3.30%     - 1568s
     0     0 167996.014    0  787 162625.360 167996.014  3.30%     - 1646s
     0     0 167996.014    0  781 162625.360 167996.014  3.30%     - 1647s
     0     0 167996.014    0  162 162625.360 167996.014  3.30%     - 1781s
     0     0 167996.014    0  155 162625.360 167996.014  3.30%     - 1824s
     0     0 167996.014    0  278 162625.360 167996.014  3.30%     - 1841s
     0     0 167996.014    0  277 162625.360 167996.014  3.30%     - 1842s
     0     0 167996.014    0  108 162625.360 167996.014  3.30%     - 1929s
H    0     0                    162831.81018 167996.014  3.17%     - 2031s
     0     0 167996.014    0  135 162831.810 167996.014  3.17%     - 2040s
     0     0 167996.014    0  186 162831.810 167996.014  3.17%     - 2052s
     0     0 167996.014    0  185 162831.810 167996.014  3.17%     - 2052s
     0     0 167996.014    0   94 162831.810 167996.014  3.17%     - 2171s
     0     0 167996.014    0  111 162831.810 167996.014  3.17%     - 2183s
     0     0 167996.014    0  211 162831.810 167996.014  3.17%     - 2195s
     0     0 167996.014    0   97 162831.810 167996.014  3.17%     - 2267s
     0     0 167996.014    0  106 162831.810 167996.014  3.17%     - 2293s
     0     0 167996.014    0  260 162831.810 167996.014  3.17%     - 2314s
     0     0 167996.014    0   98 162831.810 167996.014  3.17%     - 2388s
H    0     0                    163274.83064 167996.014  2.89%     - 2475s
H    0     0                    164224.48543 167996.014  2.30%     - 2478s
H    0     0                    164252.19642 167996.014  2.28%     - 2486s
     0     0 167996.014    0  118 164252.196 167996.014  2.28%     - 2523s
     0     0 167996.014    0  248 164252.196 167996.014  2.28%     - 2534s
     0     0 167996.014    0  244 164252.196 167996.014  2.28%     - 2534s
     0     0 167996.014    0   86 164252.196 167996.014  2.28%     - 2657s
H    0     0                    164371.34188 167996.014  2.21%     - 2677s
     0     0 167996.014    0   87 164371.342 167996.014  2.21%     - 2682s
     0     0 167996.014    0  228 164371.342 167996.014  2.21%     - 2697s
     0     0 167996.014    0  222 164371.342 167996.014  2.21%     - 2697s
     0     0 167996.014    0   89 164371.342 167996.014  2.21%     - 2805s
     0     0 167996.014    0   91 164371.342 167996.014  2.21%     - 2814s
     0     0 167996.014    0  273 164371.342 167996.014  2.21%     - 2831s
     0     0 167996.014    0  270 164371.342 167996.014  2.21%     - 2832s
     0     0 167996.014    0   84 164371.342 167996.014  2.21%     - 2950s
     0     0 167996.014    0   87 164371.342 167996.014  2.21%     - 2973s
     0     0 167996.014    0  204 164371.342 167996.014  2.21%     - 2981s
     0     0 167996.014    0  204 164371.342 167996.014  2.21%     - 2981s
     0     0 167996.014    0   99 164371.342 167996.014  2.21%     - 3130s
     0     0 167996.014    0   99 164371.342 167996.014  2.21%     - 3169s
     0     0 167996.014    0   99 164371.342 167996.014  2.21%     - 3170s
     0     0 167996.014    0   78 164371.342 167996.014  2.21%     - 3188s
     0     2 167996.014    0   78 164371.342 167996.014  2.21%     - 3357s
     1     3 167996.014    1   81 164371.342 167996.014  2.21%   731 3360s
     2     4 167996.014    1   97 164371.342 167996.014  2.21%   963 3496s
     5     7 167996.014    3   94 164371.342 167996.014  2.21%   681 3503s
     7     9 167996.014    4   88 164371.342 167996.014  2.21%   513 3506s
     9    11 167996.014    5  102 164371.342 167996.014  2.21%   548 3512s
    11    13 167996.014    6  212 164371.342 167996.014  2.21%   861 3521s
    13    15 167996.014    7  124 164371.342 167996.014  2.21%   851 3530s
    15    17 167996.014    8  133 164371.342 167996.014  2.21%   886 3538s
    17    19 167996.014    9  150 164371.342 167996.014  2.21%   845 3542s
    18    20 167996.014    9  136 164371.342 167996.014  2.21%   798 3546s
    20    22 167996.014   10  133 164371.342 167996.014  2.21%   771 3553s
    22    24 167996.014   11  134 164371.342 167996.014  2.21%   706 3555s
    24    26 167996.014   12  134 164371.342 167996.014  2.21%   683 3562s
    26    28 167996.014   13  134 164371.342 167996.014  2.21%   658 3565s
    27    29 167996.014   14  164 164371.342 167996.014  2.21%   739 3578s
    28    30 167996.014   14  138 164371.342 167996.014  2.21%   735 3586s
    29    31 167996.014   15  155 164371.342 167996.014  2.21%   757 3592s
    31    33 167996.014   16  143 164371.342 167996.014  2.21%   721 3595s
    34    36 167996.014   17  162 164371.342 167996.014  2.21%   684 3604s
    35    37 167996.014   18  177 164371.342 167996.014  2.21%   721 3607s
    36    38 167996.014   18  145 164371.342 167996.014  2.21%   703 3612s
    38    40 167996.014   19  156 164371.342 167996.014  2.21%   693 3616s
    39    41 167996.014   20  149 164371.342 167996.014  2.21%   679 3620s
    42    44 167996.014   22  161 164371.342 167996.014  2.21%   660 3625s
    43    45 167996.014   23  152 164371.342 167996.014  2.21%   648 3631s
    45    47 167996.014   24  152 164371.342 167996.014  2.21%   662 3639s
    46    48 167996.014   25  152 164371.342 167996.014  2.21%   649 3640s
    51    53 167996.014   29  157 164371.342 167996.014  2.21%   601 3649s
    52    54 167996.014   29  176 164371.342 167996.014  2.21%   619 3651s
    53    55 167996.014   30  165 164371.342 167996.014  2.21%   609 3655s
    56    58 167996.014   32  164 164371.342 167996.014  2.21%   595 3662s
    58    60 167996.014   33  164 164371.342 167996.014  2.21%   598 3675s
    60    62 167996.014   34  173 164371.342 167996.014  2.21%   602 3682s
    63    65 167996.014   36  169 164371.342 167996.014  2.21%   579 3686s
    65    67 167996.014   37  177 164371.342 167996.014  2.21%   567 3699s
    66    68 167996.014   37  197 164371.342 167996.014  2.21%   574 3703s
    67    69 167996.014   38  179 164371.342 167996.014  2.21%   572 3710s
    70    72 167996.014   40  196 164371.342 167996.014  2.21%   556 3715s
    71    73 167996.014   41  202 164371.342 167996.014  2.21%   551 3720s
    74    76 167996.014   42  230 164371.342 167996.014  2.21%   577 3731s
    75    77 167996.014   43  253 164371.342 167996.014  2.21%   611 3749s
    76    78 167996.014   43  202 164371.342 167996.014  2.21%   608 3750s
    78    80 167996.014   45  200 164371.342 167996.014  2.21%   597 3756s
    80    82 167996.014   46  200 164371.342 167996.014  2.21%   592 3762s
    82    84 167996.014   47  204 164371.342 167996.014  2.21%   580 3765s
    85    87 167996.014   49  197 164371.342 167996.014  2.21%   569 3773s
    87    89 167996.014   50  199 164371.342 167996.014  2.21%   569 3775s
    88    90 167996.014   51  199 164371.342 167996.014  2.21%   563 3780s
    91    93 167996.014   53  204 164371.342 167996.014  2.21%   561 3789s
    92    94 167996.014   54  196 164371.342 167996.014  2.21%   558 3791s
    95    97 167996.014   56  191 164371.342 167996.014  2.21%   544 3798s
    97    99 167996.014   57  208 164371.342 167996.014  2.21%   538 3801s
    99   101 167996.014   59  211 164371.342 167996.014  2.21%   533 3811s
   101   103 167996.014   60  213 164371.342 167996.014  2.21%   542 3817s
   102   104 167996.014   60  209 164371.342 167996.014  2.21%   540 3822s
   104   106 167996.014   61  207 164371.342 167996.014  2.21%   534 3825s
   106   108 167996.014   62  213 164371.342 167996.014  2.21%   528 3832s
   107   109 167996.014   63  211 164371.342 167996.014  2.21%   528 3835s
   109   111 167996.014   64  210 164371.342 167996.014  2.21%   529 3842s
   111   113 167996.014   65  213 164371.342 167996.014  2.21%   523 3845s
   114   116 167996.014   66  218 164371.342 167996.014  2.21%   511 3852s
   116   118 167996.014   67  218 164371.342 167996.014  2.21%   505 3855s
   118   120 167996.014   68  218 164371.342 167996.014  2.21%   508 3864s
   119   121 167996.014   69  230 164371.342 167996.014  2.21%   507 3866s
   121   123 167996.014   70  224 164371.342 167996.014  2.21%   509 3870s
   122   124 167996.014   70  209 164371.342 167996.014  2.21%   513 3878s
   124   126 167996.014   71  220 164371.342 167996.014  2.21%   518 3880s
   125   127 167996.014   72  220 164371.342 167996.014  2.21%   514 3886s
   128   130 167996.014   74  238 164371.342 167996.014  2.21%   511 3894s
   129   131 167996.014   75  245 164371.342 167996.014  2.21%   511 3896s
   130   132 167996.014   75  236 164371.342 167996.014  2.21%   507 3905s
   132   134 167996.014   76  295 164371.342 167996.014  2.21%   534 3925s
   133   135 167996.014   77  236 164371.342 167996.014  2.21%   530 3932s
   135   137 167618.274   79  219 164371.342 167996.014  2.21%   527 3935s
   136   138 167996.014   79  237 164371.342 167996.014  2.21%   525 3941s
   139   141 167618.274   81  226 164371.342 167996.014  2.21%   517 3945s
   141   143 167996.014   82  221 164371.342 167996.014  2.21%   514 3951s
   144   146 167996.014   84  238 164371.342 167996.014  2.21%   519 3959s
   145   147 167996.014   84  231 164371.342 167996.014  2.21%   528 3963s
   146   148 167996.014   85  237 164371.342 167996.014  2.21%   528 3969s
   147   149 167996.014   85  231 164371.342 167996.014  2.21%   524 3970s
   149   151 167996.014   86  229 164371.342 167996.014  2.21%   526 3977s
   151   153 167996.014   87  232 164371.342 167996.014  2.21%   525 3984s
   152   154 167996.014   88  229 164371.342 167996.014  2.21%   524 3986s
   154   156 167996.014   89  228 164371.342 167996.014  2.21%   524 3992s
   156   158 167996.014   90  225 164371.342 167996.014  2.21%   525 4002s
   157   159 167996.014   91  222 164371.342 167996.014  2.21%   527 4005s
   158   160 167996.014   91  227 164371.342 167996.014  2.21%   524 4010s
   160   162 167996.014   93  241 164371.342 167996.014  2.21%   527 4018s
   161   163 167996.014   93  213 164371.342 167996.014  2.21%   524 4023s
   163   165 167996.014   94  212 164371.342 167996.014  2.21%   519 4025s
   166   168 167996.014   96  211 164371.342 167996.014  2.21%   513 4033s
   168   170 167996.014   98  226 164371.342 167996.014  2.21%   510 4036s
   169   171 167996.014   99  226 164371.342 167996.014  2.21%   510 4047s
   170   172 167996.014   99  222 164371.342 167996.014  2.21%   510 4055s
   172   174 167996.014  100  240 164371.342 167996.014  2.21%   512 4062s
   175   177 167996.014  102  227 164371.342 167996.014  2.21%   506 4065s
   176   178 167996.014  103  227 164371.342 167996.014  2.21%   504 4072s
   178   180 167996.014  104  221 164371.342 167996.014  2.21%   502 4075s
   179   181 167618.274  105  223 164371.342 167996.014  2.21%   500 4080s
   182   184 167996.014  106  250 164371.342 167996.014  2.21%   496 4087s
   184   186 167996.014  108  253 164371.342 167996.014  2.21%   492 4090s
   186   188 167996.014  109  263 164371.342 167996.014  2.21%   494 4095s
   188   190 167996.014  110  260 164371.342 167996.014  2.21%   493 4101s
   190   192 167996.014  112  269 164371.342 167996.014  2.21%   493 4105s
   191   193 167996.014  112  262 164371.342 167996.014  2.21%   493 4110s
   193   195 167996.014  114  251 164371.342 167996.014  2.21%   491 4115s
   198   200 167996.014  117  264 164371.342 167996.014  2.21%   482 4120s
   199   201 167996.014  118  254 164371.342 167996.014  2.21%   484 4126s
   202   204 167996.014  120  264 164371.342 167996.014  2.21%   479 4130s
   204   206 167996.014  121  377 164371.342 167996.014  2.21%   509 4159s
   205   207 167996.014  122  269 164371.342 167996.014  2.21%   507 4160s
   206   208 167996.014  123  357 164371.342 167996.014  2.21%   519 4165s
   207   209 167996.014  123  271 164371.342 167996.014  2.21%   516 4176s
   209   211 167996.014  124  274 164371.342 167996.014  2.21%   514 4192s
   212   214 167996.014  126  271 164371.342 167996.014  2.21%   509 4195s
   214   216 167996.014  128  308 164371.342 167996.014  2.21%   510 4203s
   215   217 167996.014  129  323 164371.342 167996.014  2.21%   509 4205s
   218   220 167996.014  131  307 164371.342 167996.014  2.21%   505 4219s
   219   221 167996.014  131  320 164371.342 167996.014  2.21%   503 4220s
   221   223 167996.014  132  338 164371.342 167996.014  2.21%   510 4232s
   223   225 167996.014  133  320 164371.342 167996.014  2.21%   507 4235s
   225   227 167996.014  134  330 164371.342 167996.014  2.21%   504 4250s
   228   230 167996.014  136  319 164371.342 167996.014  2.21%   502 4255s
   229   231 167582.817  136  311 164371.342 167996.014  2.21%   500 4263s
   230   232 167996.014  137  366 164371.342 167996.014  2.21%   516 4271s
   231   233 167996.014  137  321 164371.342 167996.014  2.21%   515 4276s
   234   236 167996.014  139  324 164371.342 167996.014  2.21%   510 4280s
   236   238 167582.817  140  323 164371.342 167996.014  2.21%   508 4288s
   237   239 167996.014  141  326 164371.342 167996.014  2.21%   508 4290s
   238   240 167996.014  141  325 164371.342 167996.014  2.21%   506 4302s
   241   243 167996.014  143  331 164371.342 167996.014  2.21%   501 4305s
   244   246 167996.014  145  341 164371.342 167996.014  2.21%   497 4310s
   245   247 167618.274  146  340 164371.342 167996.014  2.21%   497 4316s
   247   249 167996.014  147  334 164371.342 167996.014  2.21%   493 4320s
   249   251 167582.817  148  321 164371.342 167996.014  2.21%   492 4336s
   251   253 167996.014  149  340 164371.342 167996.014  2.21%   493 4343s
   253   255 167996.014  151  365 164371.342 167996.014  2.21%   493 4347s
H  254   254                    164419.25200 167996.014  2.18%   491 4357s
   255   257 167996.014  152  306 164419.252 167996.014  2.18%   492 4361s
   257   259 167996.014  153  325 164419.252 167996.014  2.18%   491 4374s
   258   260 167996.014  154  306 164419.252 167996.014  2.18%   489 4375s
   261   263 167996.014  156  314 164419.252 167996.014  2.18%   485 4386s
   263   265 167582.817  157  310 164419.252 167996.014  2.18%   483 4392s
   265   267 167996.014  158  330 164419.252 167996.014  2.18%   484 4396s
   266   268 167996.014  159  309 164419.252 167996.014  2.18%   482 4407s
   269   271 167996.014  161  318 164419.252 167996.014  2.18%   478 4410s
   270   272 167996.014  161  335 164419.252 167996.014  2.18%   489 4418s
   271   273 167996.014  162  318 164419.252 167996.014  2.18%   488 4422s
   274   276 167996.014  164  309 164419.252 167996.014  2.18%   484 4425s
H  275   275                    164419.25226 167996.014  2.18%   482 4587s
   275   277 167996.014  165  304 164419.252 167996.014  2.18%   482 4690s
   279   281 167582.817  168  297 164419.252 167996.014  2.18%   478 4705s
   283   285 167996.014  171  318 164419.252 167996.014  2.18%   473 4710s
   286   288 167582.817  172  316 164419.252 167996.014  2.18%   469 4720s
   291   293 167582.817  175  329 164419.252 167996.014  2.18%   462 4725s
   294   296 167582.817  177  326 164419.252 167996.014  2.18%   458 4734s
   295   297 167996.014  178  327 164419.252 167996.014  2.18%   457 4736s
   299   301 167996.014  180  327 164419.252 167996.014  2.18%   454 4745s
   302   304 167582.817  182  317 164419.252 167996.014  2.18%   452 4754s
   303   305 167996.014  183  331 164419.252 167996.014  2.18%   450 4755s
   307   309 167996.014  185  335 164419.252 167996.014  2.18%   446 4760s
   309   311 167996.014  186  335 164419.252 167996.014  2.18%   443 4767s
   312   314 167996.014  188  324 164419.252 167996.014  2.18%   440 4770s
   315   317 167996.014  190  329 164419.252 167996.014  2.18%   437 4775s
   316   318 167582.817  190  321 164419.252 167996.014  2.18%   436 4781s
   319   321 167582.817  192  328 164419.252 167996.014  2.18%   433 4785s
   321   323 167582.817  193  326 164419.252 167996.014  2.18%   432 4791s
   323   325 167996.014  195  328 164419.252 167996.014  2.18%   431 4795s
   325   327 167582.817  196  327 164419.252 167996.014  2.18%   429 4803s
   327   329 167582.817  197  326 164419.252 167996.014  2.18%   426 4805s
   331   333 167996.014  200  329 164419.252 167996.014  2.18%   423 4814s
   332   334 167582.817  200  330 164419.252 167996.014  2.18%   422 4815s
   337   339 167996.014  204  327 164419.252 167996.014  2.18%   417 4820s
   339   341 167996.014  206  336 164419.252 167996.014  2.18%   416 4828s
   341   343 167996.014  207  338 164419.252 167996.014  2.18%   414 4831s
   343   345 167996.014  209  323 164419.252 167996.014  2.18%   413 4839s
   345   347 167582.817  210  321 164419.252 167996.014  2.18%   411 4840s
   347   349 167996.014  212  336 164419.252 167996.014  2.18%   411 4848s
   350   352 167996.014  215  330 164419.252 167996.014  2.18%   409 4851s
   352   354 167996.014  216  325 164419.252 167996.014  2.18%   408 4858s
   354   356 167996.014  218  323 164419.252 167996.014  2.18%   406 4861s
   358   360 167996.014  222  323 164419.252 167996.014  2.18%   402 4865s
   363   365 167996.014  225  323 164419.252 167996.014  2.18%   398 4874s
   364   366 167996.014  226  319 164419.252 167996.014  2.18%   397 4875s
   368   370 167996.014  229  334 164419.252 167996.014  2.18%   395 4886s
   372   374 167996.014  232  338 164419.252 167996.014  2.18%   392 4890s
   375   377 167996.014  234  333 164419.252 167996.014  2.18%   390 4897s
   379   381 167996.014  237  337 164419.252 167996.014  2.18%   386 4900s
   381   383 167582.817  238  335 164419.252 167996.014  2.18%   385 4911s
   383   385 167582.817  239  325 164419.252 167996.014  2.18%   383 4916s
   387   389 167582.817  242  335 164419.252 167996.014  2.18%   380 4921s
   391   393 167582.817  245  345 164419.252 167996.014  2.18%   376 4925s
   396   398 167996.014  248  334 164419.252 167996.014  2.18%   372 4934s
   397   399 167996.014  249  330 164419.252 167996.014  2.18%   371 4935s
   402   404 167996.014  253  341 164419.252 167996.014  2.18%   368 4941s
   404   406 167996.014  254  337 164419.252 167996.014  2.18%   367 4948s
   406   408 167996.014  256  337 164419.252 167996.014  2.18%   365 4950s
   411   413 167996.014  260  335 164419.252 167996.014  2.18%   361 4955s
   415   417 167996.014  263  326 164419.252 167996.014  2.18%   359 4963s
   416   418 167996.014  264  327 164419.252 167996.014  2.18%   358 4965s
   421   423 167996.014  268  334 164419.252 167996.014  2.18%   355 4970s
   425   427 167996.014  271  331 164419.252 167996.014  2.18%   353 4979s
   426   428 167996.014  272  331 164419.252 167996.014  2.18%   353 4980s
   430   432 167996.014  275  335 164419.252 167996.014  2.18%   350 4985s
   435   437 167996.014  279  326 164419.252 167996.014  2.18%   347 4990s
   437   439 167996.014  281  328 164419.252 167996.014  2.18%   346 4997s
   440   442 167996.014  283  333 164419.252 167996.014  2.18%   344 5000s
   445   447 167996.014  287  321 164419.252 167996.014  2.18%   340 5005s
   450   452 167582.817  290  323 164419.252 167996.014  2.18%   337 5015s
   454   456 167582.817  292  329 164419.252 167996.014  2.18%   335 5020s
   456   458 167996.014  294  343 164419.252 167996.014  2.18%   335 5028s
   457   459 167996.014  295  325 164419.252 167996.014  2.18%   335 5030s
   460   462 167996.014  297  319 164419.252 167996.014  2.18%   334 5039s
   461   463 167996.014  298  314 164419.252 167996.014  2.18%   333 5041s
   464   466 167996.014  300  322 164419.252 167996.014  2.18%   332 5045s
   465   467 167996.014  301  322 164419.252 167996.014  2.18%   332 5051s
   467   469 167996.014  302  348 164419.252 167996.014  2.18%   336 5057s
   468   470 167996.014  302  323 164419.252 167996.014  2.18%   338 5066s
   470   472 167996.014  304  329 164419.252 167996.014  2.18%   338 5070s
   471   473 167996.014  304  325 164419.252 167996.014  2.18%   338 5076s
   474   476 167996.014  307  357 164419.252 167996.014  2.18%   338 5081s
   475   477 167996.014  307  333 164419.252 167996.014  2.18%   338 5086s
   478   480 167996.014  309  318 164419.252 167996.014  2.18%   337 5091s
   480   482 167996.014  310  319 164419.252 167996.014  2.18%   336 5097s
   483   485 167582.817  312  315 164419.252 167996.014  2.18%   334 5100s
   487   489 167996.014  315  322 164419.252 167996.014  2.18%   332 5105s
   489   491 167582.817  316  320 164419.252 167996.014  2.18%   331 5113s
   491   493 167996.014  318  324 164419.252 167996.014  2.18%   330 5116s
   494   496 167582.817  319  322 164419.252 167996.014  2.18%   329 5126s
   496   498 167996.014  321  319 164419.252 167996.014  2.18%   329 5131s
   497   499 167996.014  322  318 164419.252 167996.014  2.18%   328 5136s
   499   501 167996.014  323  313 164419.252 167996.014  2.18%   328 5144s
   500   502 167996.014  324  316 164419.252 167996.014  2.18%   328 5145s
   504   506 167996.014  327  324 164419.252 167996.014  2.18%   326 5150s
   507   509 167996.014  329  320 164419.252 167996.014  2.18%   325 5158s
   509   511 167582.817  330  318 164419.252 167996.014  2.18%   324 5160s
   513   515 167996.014  333  324 164419.252 167996.014  2.18%   322 5165s
   517   519 167996.014  336  329 164419.252 167996.014  2.18%   320 5174s
   518   520 167582.817  336  321 164419.252 167996.014  2.18%   319 5175s
   522   524 167582.817  339  327 164419.252 167996.014  2.18%   318 5180s
   524   526 167996.014  340  337 164419.252 167996.014  2.18%   317 5187s
   527   529 167996.014  342  321 164419.252 167996.014  2.18%   316 5190s
   528   530 167996.014  343  321 164419.252 167996.014  2.18%   315 5202s
   531   533 167996.014  345  320 164419.252 167996.014  2.18%   314 5205s
   535   537 167996.014  348  325 164419.252 167996.014  2.18%   313 5210s
   536   538 167996.014  349  333 164419.252 167996.014  2.18%   315 5217s
   538   540 167996.014  350  333 164419.252 167996.014  2.18%   315 5220s
   539   541 167996.014  350  319 164419.252 167996.014  2.18%   314 5225s
   542   544 167996.014  352  324 164419.252 167996.014  2.18%   314 5230s
   544   546 167996.014  353  321 164419.252 167996.014  2.18%   314 5236s
   546   548 167996.014  354  326 164419.252 167996.014  2.18%   313 5240s
   547   549 167996.014  355  321 164419.252 167996.014  2.18%   313 5246s
   549   551 167996.014  357  312 164419.252 167996.014  2.18%   313 5256s
   552   554 167996.014  359  310 164419.252 167996.014  2.18%   314 5264s
   553   555 167996.014  360  311 164419.252 167996.014  2.18%   314 5271s
   556   558 167996.014  362  318 164419.252 167996.014  2.18%   314 5276s
   557   559 167996.014  363  321 164419.252 167996.014  2.18%   314 5284s
   559   561 167996.014  364  317 164419.252 167996.014  2.18%   313 5286s
   563   565 167996.014  367  317 164419.252 167996.014  2.18%   311 5290s
   566   568 167582.817  368  314 164419.252 167996.014  2.18%   310 5299s
   567   569 167996.014  369  316 164419.252 167996.014  2.18%   311 5304s
   568   570 167996.014  369  308 164419.252 167996.014  2.18%   311 5311s
   571   573 167996.014  371  317 164419.252 167996.014  2.18%   310 5315s
   575   577 167996.014  373  317 164419.252 167996.014  2.18%   310 5323s
   576   578 167996.014  374  318 164419.252 167996.014  2.18%   311 5331s
   579   581 167996.014  376  317 164419.252 167996.014  2.18%   310 5339s
   580   582 167996.014  377  317 164419.252 167996.014  2.18%   309 5340s
   583   585 167996.014  379  324 164419.252 167996.014  2.18%   308 5345s
   585   587 167582.817  380  321 164419.252 167996.014  2.18%   308 5354s
   586   588 167996.014  381  330 164419.252 167996.014  2.18%   308 5356s
   589   591 167996.014  383  335 164419.252 167996.014  2.18%   308 5362s
   590   592 167582.817  383  314 164419.252 167996.014  2.18%   307 5370s
   593   595 167996.014  386  340 164419.252 167996.014  2.18%   308 5379s
   594   596 167582.817  386  324 164419.252 167996.014  2.18%   308 5386s
   597   599 167996.014  389  344 164419.252 167996.014  2.18%   308 5393s
   598   600 167582.817  389  328 164419.252 167996.014  2.18%   307 5399s
   599   601 167996.014  390  343 164419.252 167996.014  2.18%   307 5401s
   602   604 167996.014  393  348 164419.252 167996.014  2.18%   308 5413s
   603   605 167996.014  394  358 164419.252 167996.014  2.18%   310 5425s
   604   606 167996.014  394  343 164419.252 167996.014  2.18%   310 5437s
   606   608 167996.014  395  343 164419.252 167996.014  2.18%   310 5446s
   608   610 167996.014  397  347 164419.252 167996.014  2.18%   310 5451s
   610   612 167996.014  398  338 164419.252 167996.014  2.18%   309 5458s
   611   613 167996.014  399  346 164419.252 167996.014  2.18%   309 5460s
   614   616 167996.014  400  347 164419.252 167996.014  2.18%   309 5470s
   618   620 167996.014  404  350 164419.252 167996.014  2.18%   307 5475s
   620   622 167582.817  405  352 164419.252 167996.014  2.18%   307 5483s
   621   623 167996.014  406  342 164419.252 167996.014  2.18%   307 5485s
   623   625 167582.817  407  333 164419.252 167996.014  2.18%   307 5493s
   625   627 167996.014  408  378 164419.252 167996.014  2.18%   310 5507s
   626   628 167996.014  409  338 164419.252 167996.014  2.18%   312 5518s
   628   630 167996.014  410  354 164419.252 167996.014  2.18%   313 5524s
   629   631 167996.014  411  370 164419.252 167996.014  2.18%   315 5531s
   630   632 167996.014  412  373 164419.252 167996.014  2.18%   315 5538s
   631   633 167996.014  413  385 164419.252 167996.014  2.18%   316 5547s
   632   634 167996.014  413  373 164419.252 167996.014  2.18%   316 5553s
   633   635 167996.014  414  365 164419.252 167996.014  2.18%   316 5555s
   635   637 167996.014  415  370 164419.252 167996.014  2.18%   316 5562s
   636   638 167996.014  416  366 164419.252 167996.014  2.18%   317 5565s
   637   639 167996.014  417  372 164419.252 167996.014  2.18%   317 5572s
   638   640 167996.014  417  366 164419.252 167996.014  2.18%   318 5575s
   639   641 167996.014  418  367 164419.252 167996.014  2.18%   318 5580s
   641   643 167996.014  420  386 164419.252 167996.014  2.18%   320 5594s
   642   644 167996.014  420  364 164419.252 167996.014  2.18%   320 5601s
   645   647 167996.014  422  350 164419.252 167996.014  2.18%   319 5606s
   646   648 167996.014  423  364 164419.252 167996.014  2.18%   320 5613s
   648   650 167996.014  424  363 164419.252 167996.014  2.18%   320 5619s
   649   651 167996.014  425  363 164419.252 167996.014  2.18%   320 5621s
   650   652 167582.817  425  358 164419.252 167996.014  2.18%   320 5632s
   651   653 167996.014  426  361 164419.252 167996.014  2.18%   320 5638s
   652   654 167996.014  427  363 164419.252 167996.014  2.18%   320 5640s
   653   655 167996.014  428  366 164419.252 167996.014  2.18%   321 5645s
   654   656 167582.817  428  357 164419.252 167996.014  2.18%   320 5651s
   655   657 167996.014  429  382 164419.252 167996.014  2.18%   321 5655s
   656   658 167996.014  429  368 164419.252 167996.014  2.18%   321 5660s
   659   661 167996.014  432  347 164419.252 167996.014  2.18%   321 5671s
   661   663 167582.817  433  340 164419.252 167996.014  2.18%   322 5675s
   662   664 167996.014  434  352 164419.252 167996.014  2.18%   321 5681s
   666   668 167996.014  437  352 164419.252 167996.014  2.18%   320 5685s
   668   670 167996.014  439  374 164419.252 167996.014  2.18%   321 5695s
   669   671 167996.014  439  373 164419.252 167996.014  2.18%   323 5705s
   670   672 167996.014  440  365 164419.252 167996.014  2.18%   322 5712s
   672   674 167996.014  441  358 164419.252 167996.014  2.18%   322 5715s
   674   676 167582.817  442  361 164419.252 167996.014  2.18%   322 5722s
   676   678 167996.014  444  358 164419.252 167996.014  2.18%   322 5725s
   677   679 167996.014  445  359 164419.252 167996.014  2.18%   321 5731s
   679   681 167996.014  446  365 164419.252 167996.014  2.18%   321 5736s
   680   682 167582.817  446  353 164419.252 167996.014  2.18%   321 5742s
   681   683 167996.014  447  378 164419.252 167996.014  2.18%   325 5753s
   682   684 167996.014  447  370 164419.252 167996.014  2.18%   326 5759s
   683   685 167996.014  448  364 164419.252 167996.014  2.18%   326 5760s
   686   688 167996.014  450  376 164419.252 167996.014  2.18%   326 5767s
   687   689 167996.014  450  364 164419.252 167996.014  2.18%   326 5773s
   688   690 167996.014  451  368 164419.252 167996.014  2.18%   326 5775s
   690   692 167582.817  452  359 164419.252 167996.014  2.18%   326 5782s
   691   693 167996.014  453  403 164419.252 167996.014  2.18%   332 5796s
   692   694 167996.014  453  361 164419.252 167996.014  2.18%   332 5811s
   695   697 167996.014  456  367 164419.252 167996.014  2.18%   332 5817s
   696   698 167582.817  456  359 164419.252 167996.014  2.18%   331 5823s
   697   699 167996.014  457  366 164419.252 167996.014  2.18%   332 5825s
   699   701 167996.014  458  425 164419.252 167996.014  2.18%   338 5850s
   702   704 167996.014  460  370 164419.252 167996.014  2.18%   337 5860s
   706   708 167582.817  462  371 164419.252 167996.014  2.18%   336 5865s
   710   712 167996.014  464  381 164419.252 167996.014  2.18%   335 5874s
   711   713 167996.014  465  390 164419.252 167996.014  2.18%   337 5880s
   713   715 167996.014  466  391 164419.252 167996.014  2.18%   336 5886s
   715   717 167996.014  467  389 164419.252 167996.014  2.18%   336 5893s
   716   718 167996.014  468  383 164419.252 167996.014  2.18%   337 5899s
   717   719 167996.014  469  373 164419.252 167996.014  2.18%   337 5907s
   718   720 167996.014  470  381 164419.252 167996.014  2.18%   337 5913s
   720   722 167996.014  471  364 164419.252 167996.014  2.18%   336 5921s
   722   724 167996.014  473  366 164419.252 167996.014  2.18%   336 5925s
   723   725 167582.817  473  362 164419.252 167996.014  2.18%   336 5931s
   724   726 167996.014  474  365 164419.252 167996.014  2.18%   336 5935s
   725   727 167996.014  475  375 164419.252 167996.014  2.18%   336 5941s
   727   729 167996.014  476  373 164419.252 167996.014  2.18%   336 5946s
   730   732 167582.817  478  371 164419.252 167996.014  2.18%   335 5953s
   732   734 167996.014  480  366 164419.252 167996.014  2.18%   334 5955s
   734   736 167582.817  481  363 164419.252 167996.014  2.18%   334 5963s
   735   737 167996.014  482  386 164419.252 167996.014  2.18%   334 5965s
   737   739 167996.014  483  377 164419.252 167996.014  2.18%   334 5973s
   739   741 167582.817  484  367 164419.252 167996.014  2.18%   333 5975s
   744   746 167996.014  488  372 164419.252 167996.014  2.18%   332 5987s
   746   748 167996.014  490  383 164419.252 167996.014  2.18%   333 5993s
   747   749 167996.014  491  385 164419.252 167996.014  2.18%   333 6000s
   751   753 167996.014  494  381 164419.252 167996.014  2.18%   331 6005s
   754   756 167996.014  497  387 164419.252 167996.014  2.18%   331 6016s
   755   757 167996.014  498  385 164419.252 167996.014  2.18%   331 6026s
   758   760 167996.014  500  385 164419.252 167996.014  2.18%   330 6030s
   762   764 167996.014  503  377 164419.252 167996.014  2.18%   329 6036s
   763   765 167996.014  504  369 164419.252 167996.014  2.18%   329 6041s
   766   768 167996.014  506  380 164419.252 167996.014  2.18%   328 6047s
   767   769 167582.817  506  358 164419.252 167996.014  2.18%   328 6052s
   769   771 167996.014  508  372 164419.252 167996.014  2.18%   327 6056s
   772   774 167996.014  510  367 164419.252 167996.014  2.18%   327 6065s
   774   776 167996.014  512  361 164419.252 167996.014  2.18%   327 6073s
   776   778 167996.014  513  363 164419.252 167996.014  2.18%   326 6075s
   777   779 167996.014  514  359 164419.252 167996.014  2.18%   326 6081s
   779   781 167996.014  516  363 164419.252 167996.014  2.18%   326 6090s
   782   784 167996.014  518  363 164419.252 167996.014  2.18%   325 6095s
   784   786 167582.817  519  357 164419.252 167996.014  2.18%   325 6102s
   787   789 167582.817  521  359 164419.252 167996.014  2.18%   324 6105s
   790   792 167996.014  523  361 164419.252 167996.014  2.18%   324 6114s
   791   793 167996.014  524  377 164419.252 167996.014  2.18%   324 6117s
   794   796 167996.014  526  370 164419.252 167996.014  2.18%   323 6122s
   795   797 167582.817  526  374 164419.252 167996.014  2.18%   323 6127s
   796   798 167996.014  527  376 164419.252 167996.014  2.18%   323 6132s
   799   801 167996.014  529  373 164419.252 167996.014  2.18%   322 6135s
   804   806 167996.014  533  372 164419.252 167996.014  2.18%   320 6140s
   806   808 167996.014  534  371 164419.252 167996.014  2.18%   319 6148s
   808   810 167996.014  535  361 164419.252 167996.014  2.18%   319 6150s
   812   814 167996.014  538  360 164419.252 167996.014  2.18%   317 6155s
   816   818 167582.817  540  351 164419.252 167996.014  2.18%   316 6160s
   818   820 167996.014  542  358 164419.252 167996.014  2.18%   316 6165s
   819   821 167582.817  542  353 164419.252 167996.014  2.18%   316 6171s
   822   824 167582.817  544  353 164419.252 167996.014  2.18%   316 6180s
   825   827 167582.817  546  359 164419.252 167996.014  2.18%   315 6190s
   829   831 167996.014  549  375 164419.252 167996.014  2.18%   314 6197s
   831   833 167582.817  550  371 164419.252 167996.014  2.18%   314 6205s
   834   836 167582.817  552  378 164419.252 167996.014  2.18%   313 6210s
   839   841 167996.014  556  379 164419.252 167996.014  2.18%   312 6218s
   840   842 167582.817  556  366 164419.252 167996.014  2.18%   312 6224s
   841   843 167996.014  557  387 164419.252 167996.014  2.18%   312 6226s
   843   845 167996.014  558  385 164419.252 167996.014  2.18%   312 6233s
   844   846 167996.014  559  382 164419.252 167996.014  2.18%   312 6236s
   845   847 167996.014  560  390 164419.252 167996.014  2.18%   312 6244s
   846   848 167996.014  561  384 164419.252 167996.014  2.18%   312 6245s
   849   851 167582.817  562  382 164419.252 167996.014  2.18%   313 6279s
   850   852 167996.014  563  375 164419.252 167996.014  2.18%   312 6280s
   853   855 167996.014  566  375 164419.252 167996.014  2.18%   312 6291s
   857   859 167582.817  568  367 164419.252 167996.014  2.18%   311 6295s
   860   862 167582.817  570  367 164419.252 167996.014  2.18%   310 6303s
   861   863 167996.014  571  379 164419.252 167996.014  2.18%   311 6305s
   862   864 167582.817  571  372 164419.252 167996.014  2.18%   310 6312s
   865   867 167582.817  573  367 164419.252 167996.014  2.18%   310 6315s
   868   870 167996.014  575  383 164419.252 167996.014  2.18%   309 6320s
   869   871 167582.817  575  381 164419.252 167996.014  2.18%   309 6327s
   870   872 167996.014  576  381 164419.252 167996.014  2.18%   309 6330s
   871   873 167996.014  576  385 164419.252 167996.014  2.18%   309 6336s
   874   876 167996.014  579  420 164419.252 167996.014  2.18%   309 6342s
   875   877 167582.817  579  373 164419.252 167996.014  2.18%   309 6355s
   876   878 167996.014  580  475 164419.252 167996.014  2.18%   312 6367s
   877   879 167996.014  580  416 164419.252 167996.014  2.18%   314 6378s
   878   880 167996.014  581  409 164419.252 167996.014  2.18%   314 6380s
   879   881 167582.817  581  405 164419.252 167996.014  2.18%   314 6387s
   882   884 167996.014  583  412 164419.252 167996.014  2.18%   314 6391s
   883   885 167996.014  584  422 164419.252 167996.014  2.18%   314 6398s
   884   886 167996.014  585  417 164419.252 167996.014  2.18%   314 6400s
   886   888 167996.014  586  424 164419.252 167996.014  2.18%   314 6407s
   888   890 167996.014  587  428 164419.252 167996.014  2.18%   314 6410s
   889   891 167996.014  587  463 164419.252 167996.014  2.18%   319 6426s
   890   892 167996.014  588  428 164419.252 167996.014  2.18%   319 6432s
   891   893 167996.014  588  450 164419.252 167996.014  2.18%   323 6447s
   892   894 167996.014  589  433 164419.252 167996.014  2.18%   323 6452s
   893   895 167996.014  590  441 164419.252 167996.014  2.18%   322 6455s
   894   896 167996.014  590  562 164419.252 167996.014  2.18%   333 6487s
   895   897 167996.014  591  489 164419.252 167996.014  2.18%   337 6520s
   897   899 167996.014  592  539 164419.252 167996.014  2.18%   341 6535s
   898   900 167996.014  592  488 164419.252 167996.014  2.18%   341 6541s
   899   901 167996.014  593  493 164419.252 167996.014  2.18%   341 6545s
   900   902 167996.014  593  486 164419.252 167996.014  2.18%   341 6551s
   903   905 167582.817  596  496 164419.252 167996.014  2.18%   341 6564s
   904   906 167582.817  596  474 164419.252 167996.014  2.18%   341 6572s
   905   907 167582.817  597  496 164419.252 167996.014  2.18%   343 6582s
   906   908 167582.817  597  468 164419.252 167996.014  2.18%   343 6590s
   908   910 167582.817  599  509 164419.252 167996.014  2.18%   344 6600s
   909   911 167582.817  599  468 164419.252 167996.014  2.18%   343 6605s
   912   914 167582.817  601  487 164419.252 167996.014  2.18%   344 6624s
   913   915 167582.817  602  485 164419.252 167996.014  2.18%   346 6637s
   914   916 167582.817  602  454 164419.252 167996.014  2.18%   347 6651s
   915   917 167582.817  603  470 164419.252 167996.014  2.18%   348 6660s
   916   918 167582.817  604  492 164419.252 167996.014  2.18%   350 6677s
   918   920 167582.817  605  461 164419.252 167996.014  2.18%   349 6680s
   920   922 167582.817  607  459 164419.252 167996.014  2.18%   349 6690s
   921   923 167582.817  608  468 164419.252 167996.014  2.18%   349 6700s
   922   924 167582.817  608  487 164419.252 167996.014  2.18%   355 6727s
   923   925 167582.817  609  445 164419.252 167996.014  2.18%   355 6731s
   924   926 167582.817  610  450 164419.252 167996.014  2.18%   355 6736s
   925   927 167582.817  610  445 164419.252 167996.014  2.18%   355 6743s
   927   929 167582.817  612  441 164419.252 167996.014  2.18%   355 6745s
   928   930 167582.817  613  458 164419.252 167996.014  2.18%   355 6759s
   929   931 167582.817  613  495 164419.252 167996.014  2.18%   359 6780s
   931   933 167582.817  615  445 164419.252 167996.014  2.18%   359 6791s
   933   935 167582.817  616  473 164419.252 167996.014  2.18%   361 6809s
   934   936 167582.817  617  470 164419.252 167996.014  2.18%   363 6822s
   935   937 167582.817  617  469 164419.252 167996.014  2.18%   363 6828s
   936   938 167582.817  618  459 164419.252 167996.014  2.18%   362 6831s
   937   939 167582.817  619  465 164419.252 167996.014  2.18%   363 6836s
   938   940 167582.817  619  457 164419.252 167996.014  2.18%   363 6844s
   939   941 167205.077  620  461 164419.252 167996.014  2.18%   363 6851s
   941   943 167205.077  621  435 164419.252 167996.014  2.18%   363 6858s
   942   944 167582.817  621  452 164419.252 167996.014  2.18%   363 6860s
   943   945 167205.077  622  445 164419.252 167996.014  2.18%   363 6865s
   944   946 167582.817  622  460 164419.252 167996.014  2.18%   362 6871s
   946   948 167582.817  623  454 164419.252 167996.014  2.18%   362 6880s
   951   953 167205.077  626  443 164419.252 167996.014  2.18%   360 6890s
   954   956 167582.817  627  450 164419.252 167996.014  2.18%   360 6895s
   957   959 167582.817  630  425 164419.252 167996.014  2.18%   359 6904s
   958   960 167582.817  631  444 164419.252 167996.014  2.18%   361 6909s
   959   961 167582.817  631  440 164419.252 167996.014  2.18%   362 6917s
   961   963 167582.817  632  445 164419.252 167996.014  2.18%   362 6922s
   962   964 167582.817  633  426 164419.252 167996.014  2.18%   362 6937s
   963   965 167582.817  634  433 164419.252 167996.014  2.18%   362 6941s
   964   966 167582.817  635  424 164419.252 167996.014  2.18%   362 6952s
   966   968 167582.817  636  432 164419.252 167996.014  2.18%   362 6956s
   967   969 167205.077  637  427 164419.252 167996.014  2.18%   362 6964s
   968   970 167582.817  637  416 164419.252 167996.014  2.18%   362 6965s
   969   971 167582.817  638  441 164419.252 167996.014  2.18%   363 6970s
   970   972 167582.817  638  423 164419.252 167996.014  2.18%   363 6976s
   973   975 167582.817  640  430 164419.252 167996.014  2.18%   364 6988s
   974   976 167582.817  640  435 164419.252 167996.014  2.18%   364 6991s
   975   977 167582.817  641  438 164419.252 167996.014  2.18%   364 6997s
   976   978 167582.817  642  466 164419.252 167996.014  2.18%   366 7016s
   978   980 167582.817  643  430 164419.252 167996.014  2.18%   366 7021s
   979   981 167582.817  644  437 164419.252 167996.014  2.18%   367 7035s
   983   985 167582.817  646  420 164419.252 167996.014  2.18%   367 7044s
   984   986 167205.077  647  418 164419.252 167996.014  2.18%   366 7050s
   986   988 167582.817  648  424 164419.252 167996.014  2.18%   366 7058s
   987   989 167582.817  649  413 164419.252 167996.014  2.18%   366 7060s
   989   991 167582.817  651  420 164419.252 167996.014  2.18%   366 7066s
   990   992 167582.817  651  408 164419.252 167996.014  2.18%   368 7076s
   991   993 167582.817  652  435 164419.252 167996.014  2.18%   368 7083s
   992   994 167582.817  652  404 164419.252 167996.014  2.18%   368 7089s
   993   995 167582.817  653  428 164419.252 167996.014  2.18%   370 7097s
   994   996 167582.817  653  402 164419.252 167996.014  2.18%   370 7105s
   995   997 167582.817  654  421 164419.252 167996.014  2.18%   371 7114s
H  996   996                    164450.24160 167996.014  2.16%   370 7132s
   996   998 167582.817  654  411 164450.242 167996.014  2.16%   371 7136s
   997   999 167582.817  655  399 164450.242 167996.014  2.16%   371 7140s
   998  1000 167205.077  656  395 164450.242 167996.014  2.16%   371 7145s
  1000  1002 167205.077  657  401 164450.242 167996.014  2.16%   371 7152s
  1003  1005 167582.817  658  411 164450.242 167996.014  2.16%   370 7160s
  1005  1007 167582.817  659  411 164450.242 167996.014  2.16%   370 7166s
  1007  1009 167582.817  661  431 164450.242 167996.014  2.16%   372 7182s
  1008  1010 167582.817  661  404 164450.242 167996.014  2.16%   373 7187s
  1011  1013 167582.817  663  405 164450.242 167996.014  2.16%   372 7191s
  1013  1015 167582.817  664  404 164450.242 167996.014  2.16%   372 7200s

Cutting planes:
  Gomory: 2
  Cover: 61
  Implied bound: 30
  MIR: 73
  Flow cover: 163
  Zero half: 2
  RLT: 2
  BQP: 2

Explored 1014 nodes (2718146 simplex iterations) in 7200.30 seconds (4563.38 work units)
Thread count was 1 (of 72 available processors)

Solution count 10: 164450 164450 164419 ... 162625

Time limit reached
Best objective 1.644502415987e+05, best bound 1.679960143452e+05, gap 2.1561%

Gurobi 13.0.3 (linux64) logging started Sat Oct 10 08:11:23 2026

Set parameter LogFile to value "/home/gep/projects/jaffray-masc-fhops-model/data/output/rerun_v101_calib/ni_40_sub112_lock7.gurobi.log"
Gurobi Optimizer version 13.0.3 build v13.0.3rc0 (linux64 - "Ubuntu 24.04.3 LTS")

CPU model: Intel(R) Xeon(R) Gold 6254 CPU @ 3.10GHz, instruction set [SSE2|AVX|AVX2|AVX512]
Thread count: 36 physical cores, 72 logical processors, using up to 1 threads

Non-default parameters:
TimeLimit  1800
Threads  1

Optimize a model with 625199 rows, 819458 columns and 2468962 nonzeros (Max)
Model fingerprint: 0x763022b7
Model has 322560 linear objective coefficients
Variable types: 470440 continuous, 349018 integer (349018 binary)
Coefficient statistics:
  Matrix range     [1e+00, 3e+05]
  Objective range  [3e-03, 1e+00]
  Bounds range     [1e+00, 1e+00]
  RHS range        [1e+00, 3e+05]

Loaded user MIP start with objective 1.61015e+06

Presolve removed 74889 rows and 75454 columns (presolve time = 5s)...
Presolve removed 74889 rows and 75454 columns
Presolve time: 9.14s
Presolved: 550310 rows, 744004 columns, 2311770 nonzeros
Variable types: 396679 continuous, 347325 integer (347325 binary)

Root simplex log...

Iteration    Objective       Primal Inf.    Dual Inf.      Time
       0    8.9720052e+06   4.146919e+08   0.000000e+00     12s
   10791    4.7786047e+06   4.587957e+08   0.000000e+00     15s
   17225    4.1193850e+06   4.696366e+08   0.000000e+00     20s
   21705    3.6853099e+06   7.511522e+08   0.000000e+00     25s
   26141    3.3557662e+06   7.476591e+08   0.000000e+00     30s
   30411    3.1892196e+06   5.646605e+08   0.000000e+00     35s
   34297    2.9768400e+06   1.294886e+08   0.000000e+00     40s
   39317    2.9252063e+06   8.271854e+08   0.000000e+00     45s
   43815    2.8935283e+06   1.241808e+09   0.000000e+00     50s
   49845    2.8570315e+06   1.808806e+08   0.000000e+00     55s
   53959    2.8237945e+06   7.754045e+08   0.000000e+00     60s
   57455    2.7963785e+06   3.472661e+08   0.000000e+00     65s
   61901    2.7801257e+06   7.009583e+07   0.000000e+00     70s
   65607    2.7654688e+06   3.068946e+08   0.000000e+00     75s
   69537    2.7517081e+06   1.743942e+09   0.000000e+00     80s
   72765    2.7377153e+06   1.656858e+08   0.000000e+00     86s
   75763    2.7308023e+06   3.125332e+08   0.000000e+00     90s
   78523    2.7244328e+06   1.022802e+10   0.000000e+00     95s
   82393    2.7162529e+06   2.380136e+08   0.000000e+00    101s
   84733    2.7118907e+06   2.656308e+08   0.000000e+00    105s
   86935    2.7073226e+06   5.190521e+08   0.000000e+00    111s
   89153    2.7030068e+06   2.778189e+10   0.000000e+00    115s
   92073    2.6983170e+06   2.177876e+08   0.000000e+00    120s
   95081    2.6943449e+06   1.970440e+08   0.000000e+00    125s
   97055    2.6920052e+06   3.494746e+09   0.000000e+00    130s
   99219    2.6877545e+06   1.089779e+09   0.000000e+00    135s
  101443    2.6844402e+06   1.748512e+09   0.000000e+00    140s
  103897    2.6801355e+06   1.846572e+08   0.000000e+00    145s
  106419    2.6771962e+06   4.502072e+08   0.000000e+00    150s
  109359    2.6721133e+06   1.729841e+09   0.000000e+00    156s
  111835    2.6689836e+06   2.841110e+08   0.000000e+00    160s
  114243    2.6664118e+06   3.184539e+08   0.000000e+00    165s
  116433    2.6634559e+06   2.826941e+07   0.000000e+00    170s
  119119    2.6609549e+06   4.461306e+08   0.000000e+00    175s
  121421    2.6590968e+06   3.567555e+07   0.000000e+00    180s
  123649    2.6572607e+06   1.391869e+09   0.000000e+00    185s
  125665    2.6552457e+06   5.779041e+07   0.000000e+00    190s
  128619    2.6535489e+06   1.865512e+08   0.000000e+00    195s
  130935    2.6519636e+06   4.674471e+08   0.000000e+00    200s
  133261    2.6502653e+06   2.193158e+08   0.000000e+00    205s
  135077    2.6491471e+06   3.878263e+08   0.000000e+00    210s
  137349    2.6468667e+06   1.735528e+08   0.000000e+00    215s
  139685    2.6436949e+06   8.632710e+07   0.000000e+00    220s
  142727    2.6416995e+06   8.760117e+07   0.000000e+00    225s
  145769    2.6400549e+06   7.458479e+07   0.000000e+00    230s
  148811    2.6386757e+06   8.154222e+07   0.000000e+00    235s
  151619    2.6372219e+06   6.057977e+06   0.000000e+00    240s
  154661    2.6363075e+06   4.550350e+09   0.000000e+00    245s
  159454    2.6355796e+06   4.066327e+06   0.000000e+00    250s
  162024    2.6345295e+06   5.186804e+08   0.000000e+00    255s
  164754    2.6341609e+06   1.708602e+06   0.000000e+00    260s
  168264    2.6337909e+06   2.115518e+06   0.000000e+00    266s
  170600    2.6334836e+06   3.184190e+06   0.000000e+00    270s
  173642    2.6332910e+06   2.641935e+06   0.000000e+00    276s
  175690    2.6331992e+06   3.467308e+06   0.000000e+00    280s
  177782    2.6331232e+06   4.095433e+06   0.000000e+00    285s
  181058    2.6330405e+06   2.845641e+05   0.000000e+00    290s
  183628    2.6330171e+06   3.605677e+04   0.000000e+00    295s
  186670    2.6329967e+06   5.563160e+02   0.000000e+00    300s
  187851    2.6329949e+06   0.000000e+00   0.000000e+00    301s
  187851    2.6329949e+06   0.000000e+00   0.000000e+00    301s

Use crossover to convert LP symmetric solution to basic solution...

Root crossover log...

   33416 DPushes remaining with DInf 0.0000000e+00               302s
       0 DPushes remaining with DInf 0.0000000e+00               303s

   45848 PPushes remaining with PInf 0.0000000e+00               303s
   13494 PPushes remaining with PInf 0.0000000e+00               305s
       0 PPushes remaining with PInf 0.0000000e+00               306s

  Push phase complete: Pinf 0.0000000e+00, Dinf 1.2649201e-02    306s


Root simplex log...

Iteration    Objective       Primal Inf.    Dual Inf.      Time
  265664    2.6329949e+06   0.000000e+00   1.264920e-02    306s
  265666    2.6329949e+06   0.000000e+00   0.000000e+00    307s
Crossover time: 5.01 seconds (3.69 work units)
  267586    2.6329960e+06   0.000000e+00   5.355507e+05    310s
  270274    2.6329989e+06   0.000000e+00   3.853392e+05    315s
  272962    2.6330020e+06   0.000000e+00   2.482950e+05    321s
  276034    2.6330040e+06   0.000000e+00   1.865167e+05    326s
  279106    2.6330061e+06   0.000000e+00   1.313025e+05    330s
  281794    2.6330082e+06   0.000000e+00   1.425241e+05    335s
  284482    2.6330099e+06   0.000000e+00   9.057380e+04    340s
  287170    2.6330114e+06   0.000000e+00   6.400090e+04    345s
  290242    2.6330140e+06   0.000000e+00   5.419070e+04    350s
  292546    2.6330149e+06   0.000000e+00   1.174843e+05    355s
  296002    2.6330159e+06   0.000000e+00   5.153508e+04    360s
  299185    2.6330174e+06   0.000000e+00   9.538020e+04    365s
  305231    2.6330199e+06   0.000000e+00   5.409381e+03    370s
  308303    2.6330216e+06   0.000000e+00   2.339263e+03    375s
  311759    2.6330246e+06   0.000000e+00   5.681266e+02    380s
  314063    2.6330256e+06   0.000000e+00   2.111693e+00    385s
  314250    2.6329949e+06   0.000000e+00   0.000000e+00    387s

Extra simplex iterations after uncrush: 48584

Root relaxation: objective 2.632995e+06, 314250 iterations, 376.87 seconds (296.63 work units)

    Nodes    |    Current Node    |     Objective Bounds      |     Work
 Expl Unexpl |  Obj  Depth IntInf | Incumbent    BestBd   Gap | It/Node Time

     0     0 2632994.90    0 5653 1610149.61 2632994.90  63.5%     -  527s
H    0     0                    2089903.5041 2632994.90  26.0%     -  868s
     0     0 2632991.55    0 8459 2089903.50 2632991.55  26.0%     -  987s
     0     0 2632989.41    0 8460 2089903.50 2632989.41  26.0%     - 1086s
     0     0 2632989.41    0 8402 2089903.50 2632989.41  26.0%     - 1102s
     0     0 2632989.40    0 9671 2089903.50 2632989.40  26.0%     - 1234s
     0     0 2632989.30    0 9639 2089903.50 2632989.30  26.0%     - 1283s
     0     0 2632989.30    0 9639 2089903.50 2632989.30  26.0%     - 1286s
     0     0 2632989.22    0 10378 2089903.50 2632989.22  26.0%     - 1437s
     0     0 2632989.22    0 10378 2089903.50 2632989.22  26.0%     - 1445s
H    0     0                    2090116.5657 2632989.22  26.0%     - 1527s
H    0     0                    2091590.1501 2632989.22  25.9%     - 1530s
H    0     0                    2110644.2597 2632989.22  24.7%     - 1727s
     0     0 2632989.20    0 9978 2110644.26 2632989.20  24.7%     - 1767s
     0     0          -    0      2110644.26 2632989.20  24.7%     - 1800s

Cutting planes:
  Gomory: 7
  Cover: 553
  Implied bound: 204
  MIR: 2601
  Flow cover: 5531
  Zero half: 24
  RLT: 22
  Relax-and-lift: 3
  BQP: 161

Explored 1 nodes (467300 simplex iterations) in 1800.15 seconds (1131.65 work units)
Thread count was 1 (of 72 available processors)

Solution count 6: 2.11064e+06 2.11064e+06 2.09159e+06 ... 1.61015e+06

Time limit reached
Best objective 2.110644259661e+06, best bound 2.632989202710e+06, gap 24.7481%
