
Gurobi 13.0.3 (linux64) logging started Sat Oct 10 06:10:22 2026

Set parameter LogFile to value "/home/gep/projects/jaffray-masc-fhops-model/data/output/rerun_v101_calib/pg_40_sub14_lock7.gurobi.log"
Gurobi Optimizer version 13.0.3 build v13.0.3rc0 (linux64 - "Ubuntu 24.04.3 LTS")

CPU model: Intel(R) Xeon(R) Gold 6254 CPU @ 3.10GHz, instruction set [SSE2|AVX|AVX2|AVX512]
Thread count: 36 physical cores, 72 logical processors, using up to 1 threads

Non-default parameters:
TimeLimit  7200
Threads  1

Optimize a model with 77390 rows, 102167 columns and 304025 nonzeros (Max)
Model fingerprint: 0xebad78fd
Model has 1720 linear objective coefficients
Variable types: 58840 continuous, 43327 integer (43327 binary)
Coefficient statistics:
  Matrix range     [1e+00, 1e+05]
  Objective range  [1e+00, 1e+00]
  Bounds range     [1e+00, 1e+00]
  RHS range        [1e+00, 2e+05]

Found heuristic solution: objective -1309443.401
Presolve removed 13142 rows and 14295 columns
Presolve time: 0.94s
Presolved: 64248 rows, 87872 columns, 269604 nonzeros
Variable types: 46953 continuous, 40919 integer (40919 binary)

Root simplex log...

Iteration    Objective       Primal Inf.    Dual Inf.      Time
   14130   -1.0548314e+06   1.289027e+04   0.000000e+00      5s
   14717   -1.0548317e+06   0.000000e+00   0.000000e+00      5s
   14717   -1.0548317e+06   0.000000e+00   0.000000e+00      5s

Use crossover to convert LP symmetric solution to basic solution...

Root crossover log...

    3154 DPushes remaining with DInf 0.0000000e+00                 5s
       0 DPushes remaining with DInf 0.0000000e+00                 5s

    4705 PPushes remaining with PInf 0.0000000e+00                 5s
       0 PPushes remaining with PInf 0.0000000e+00                 6s

  Push phase complete: Pinf 0.0000000e+00, Dinf 3.0336402e-11      6s


Root simplex log...

Iteration    Objective       Primal Inf.    Dual Inf.      Time
   21128   -1.0548317e+06   0.000000e+00   0.000000e+00      6s
Crossover time: 0.14 seconds (0.10 work units)
   21128   -1.0548317e+06   0.000000e+00   0.000000e+00      6s

Root relaxation: objective -1.054832e+06, 21128 iterations, 4.61 seconds (5.12 work units)

    Nodes    |    Current Node    |     Objective Bounds      |     Work
 Expl Unexpl |  Obj  Depth IntInf | Incumbent    BestBd   Gap | It/Node Time

     0     0 -1054831.7    0  583 -1309443.4 -1054831.7  19.4%     -   30s
H    0     0                    -1086572.188 -1054831.7  2.92%     -   31s
H    0     0                    -1085971.262 -1054831.7  2.87%     -   31s
H    0     0                    -1084788.421 -1054831.7  2.76%     -   31s
H    0     0                    -1084670.266 -1054831.7  2.75%     -   31s
H    0     0                    -1084438.769 -1054831.7  2.73%     -   31s
H    0     0                    -1084416.502 -1054831.7  2.73%     -   31s
H    0     0                    -1084362.245 -1054831.7  2.72%     -   31s
H    0     0                    -1082160.772 -1054831.7  2.53%     -   33s
H    0     0                    -1081391.430 -1054831.7  2.46%     -   37s
H    0     0                    -1081108.414 -1054831.7  2.43%     -   37s
H    0     0                    -1080415.795 -1054831.7  2.37%     -   38s
H    0     0                    -1072761.286 -1054831.7  1.67%     -   40s
H    0     0                    -1071947.755 -1054831.7  1.60%     -   40s
H    0     0                    -1070755.840 -1054831.7  1.49%     -   40s
H    0     0                    -1070321.770 -1054831.7  1.45%     -   41s
H    0     0                    -1069747.278 -1054831.7  1.39%     -   41s
H    0     0                    -1069643.989 -1054831.7  1.38%     -   42s
H    0     0                    -1068688.429 -1054831.7  1.30%     -   42s
H    0     0                    -1067912.455 -1054831.7  1.22%     -   43s
H    0     0                    -1067655.599 -1054831.7  1.20%     -   44s
H    0     0                    -1066585.277 -1054831.7  1.10%     -   50s
H    0     0                    -1066557.190 -1054831.7  1.10%     -   51s
H    0     0                    -1066405.655 -1054831.7  1.09%     -   52s
H    0     0                    -1066129.059 -1054831.7  1.06%     -   52s
     0     0 -1054848.0    0  760 -1066129.1 -1054848.0  1.06%     -   76s
H    0     0                    -1065913.260 -1054848.0  1.04%     -   81s
H    0     0                    -1065540.048 -1054848.0  1.00%     -   82s
H    0     0                    -1065442.816 -1054848.0  0.99%     -   86s
H    0     0                    -1065349.717 -1054848.0  0.99%     -   88s
     0     0 -1054848.0    0  728 -1065349.7 -1054848.0  0.99%     -   92s
     0     0 -1054855.6    0  854 -1065349.7 -1054855.6  0.99%     -  114s
     0     0 -1054855.6    0  822 -1065349.7 -1054855.6  0.99%     -  119s
     0     0 -1054855.6    0  932 -1065349.7 -1054855.6  0.99%     -  129s
     0     0 -1054855.6    0  852 -1065349.7 -1054855.6  0.99%     -  135s
     0     0 -1054855.6    0  916 -1065349.7 -1054855.6  0.99%     -  146s
     0     0 -1054855.6    0  562 -1065349.7 -1054855.6  0.99%     -  181s
     0     0 -1054855.6    0  556 -1065349.7 -1054855.6  0.99%     -  187s
     0     0 -1054855.6    0  720 -1065349.7 -1054855.6  0.99%     -  207s
     0     0 -1054855.6    0  528 -1065349.7 -1054855.6  0.99%     -  245s
H    0     0                    -1065232.498 -1054855.6  0.97%     -  266s
H    0     0                    -1065095.927 -1054855.6  0.96%     -  270s
H    0     0                    -1065047.385 -1054855.6  0.96%     -  271s
H    0     0                    -1064855.980 -1054855.6  0.94%     -  272s
H    0     0                    -1064556.834 -1054855.6  0.91%     -  275s
     0     0 -1054855.6    0  549 -1064556.8 -1054855.6  0.91%     -  297s
     0     0 -1054855.6    0  646 -1064556.8 -1054855.6  0.91%     -  307s
     0     0 -1054855.6    0  444 -1064556.8 -1054855.6  0.91%     -  328s
     0     0 -1054855.6    0  467 -1064556.8 -1054855.6  0.91%     -  331s
     0     0 -1054855.6    0  589 -1064556.8 -1054855.6  0.91%     -  341s
     0     0 -1054855.6    0  423 -1064556.8 -1054855.6  0.91%     -  378s
     0     0 -1054855.6    0  476 -1064556.8 -1054855.6  0.91%     -  384s
     0     0 -1054855.6    0  630 -1064556.8 -1054855.6  0.91%     -  395s
     0     0 -1054855.6    0  500 -1064556.8 -1054855.6  0.91%     -  424s
     0     0 -1054855.6    0  500 -1064556.8 -1054855.6  0.91%     -  424s
     0     0 -1054855.6    0  500 -1064556.8 -1054855.6  0.91%     -  425s
     0     0 -1054855.6    0  348 -1064556.8 -1054855.6  0.91%     -  441s
     0     2 -1054855.6    0  348 -1064556.8 -1054855.6  0.91%     -  518s
H    1     1                    -1063597.620 -1054855.6  0.82%   0.0  549s
H    2     2                    -1063513.388 -1054855.6  0.81%  1744  556s
     2     4 -1054855.6    1  473 -1063513.4 -1054855.6  0.81%  3574  560s
     4     6 -1054863.2    2  603 -1063513.4 -1054855.6  0.81%  3550  570s
     5     7 -1054855.6    3  546 -1063513.4 -1054855.6  0.81%  3722  577s
     8    10 -1054855.6    4  503 -1063513.4 -1054855.6  0.81%  2710  582s
H    9     9                    -1063315.551 -1054855.6  0.80%  2408  617s
     9    11 -1054855.6    5  490 -1063315.6 -1054855.6  0.80%  2719  677s
    10    12 -1054855.6    5  549 -1063315.6 -1054855.6  0.80%  3075  731s
    11    13 -1054855.6    6  627 -1063315.6 -1054855.6  0.80%  3747  742s
    13    15 -1054855.6    7  526 -1063315.6 -1054855.6  0.80%  3370  746s
    16    18 -1054855.6    9  508 -1063315.6 -1054855.6  0.80%  2881  750s
    19    21 -1054855.6   10  596 -1063315.6 -1054855.6  0.80%  2696  756s
    23    25 -1054855.6   13  593 -1063315.6 -1054855.6  0.80%  2469  763s
    24    26 -1054855.6   13  503 -1063315.6 -1054855.6  0.80%  2475  766s
    26    28 -1054855.6   14  560 -1063315.6 -1054855.6  0.80%  2554  774s
    27    29 -1054855.6   15  563 -1063315.6 -1054855.6  0.80%  2487  775s
    33    35 -1054855.6   18  629 -1063315.6 -1054855.6  0.80%  2225  783s
    34    36 -1054855.6   19  639 -1063315.6 -1054855.6  0.80%  2345  791s
    39    41 -1054855.6   22  591 -1063315.6 -1054855.6  0.80%  2198  798s
    42    44 -1054855.6   24  610 -1063315.6 -1054855.6  0.80%  2100  801s
    47    49 -1054855.6   27  596 -1063315.6 -1054855.6  0.80%  1964  806s
    49    51 -1054855.6   28  611 -1063315.6 -1054855.6  0.80%  1959  810s
    50    52 -1054855.6   29  673 -1063315.6 -1054855.6  0.80%  1988  815s
    54    56 -1054855.6   31  598 -1063315.6 -1054855.6  0.80%  1937  821s
    56    58 -1054855.6   32  621 -1063315.6 -1054855.6  0.80%  1927  825s
    62    64 -1054855.6   37  602 -1063315.6 -1054855.6  0.80%  1802  830s
    65    67 -1054855.6   39  735 -1063315.6 -1054855.6  0.80%  1960  847s
    68    70 -1054855.6   40  576 -1063315.6 -1054855.6  0.80%  1909  850s
    72    74 -1054855.6   43  619 -1063315.6 -1054855.6  0.80%  1855  855s
    73    75 -1054855.6   43  684 -1063315.6 -1054855.6  0.80%  1909  862s
    75    77 -1054855.6   44  664 -1063315.6 -1054855.6  0.80%  1924  929s
    76    78 -1054855.6   45  631 -1063315.6 -1054855.6  0.80%  1907  930s
    79    81 -1054855.6   47  710 -1063315.6 -1054855.6  0.80%  1943  941s
    84    86 -1054855.6   51  667 -1063315.6 -1054855.6  0.80%  1867  945s
    86    88 -1054855.6   53  691 -1063315.6 -1054855.6  0.80%  1864  950s
    93    95 -1054860.8   58  609 -1063315.6 -1054855.6  0.80%  1771  955s
    98   100 -1054860.8   61  664 -1063315.6 -1054855.6  0.80%  1715  960s
   101   103 -1054860.8   62  659 -1063315.6 -1054855.6  0.80%  1712  965s
   106   108 -1054860.8   65  699 -1063315.6 -1054855.6  0.80%  1709  976s
   107   109 -1054860.8   66  638 -1063315.6 -1054855.6  0.80%  1730  980s
   111   113 -1054860.8   69  625 -1063315.6 -1054855.6  0.80%  1705  985s
   115   117 -1054860.8   71  641 -1063315.6 -1054855.6  0.80%  1685  991s
   118   120 -1054860.8   73  624 -1063315.6 -1054855.6  0.80%  1664  995s
   122   124 -1054860.8   76  629 -1063315.6 -1054855.6  0.80%  1642 1000s
   125   127 -1054860.8   77  699 -1063315.6 -1054855.6  0.80%  1674 1011s
   127   129 -1054860.8   78  655 -1063315.6 -1054855.6  0.80%  1672 1015s
   130   132 -1054860.8   80  683 -1063315.6 -1054855.6  0.80%  1686 1024s
   131   133 -1054860.8   80  653 -1063315.6 -1054855.6  0.80%  1693 1027s
   133   135 -1054860.8   81  724 -1063315.6 -1054855.6  0.80%  1705 1033s
   134   136 -1054860.8   82  667 -1063315.6 -1054855.6  0.80%  1712 1036s
   136   138 -1054860.8   83  687 -1063315.6 -1054855.6  0.80%  1737 1044s
   137   139 -1054860.8   83  659 -1063315.6 -1054855.6  0.80%  1734 1045s
   141   143 -1054860.8   86  684 -1063315.6 -1054855.6  0.80%  1717 1051s
   144   146 -1054860.8   87  633 -1063315.6 -1054855.6  0.80%  1701 1055s
   151   153 -1054860.8   91  654 -1063315.6 -1054855.6  0.80%  1664 1062s
   154   156 -1054860.8   93  632 -1063315.6 -1054855.6  0.80%  1656 1067s
   155   157 -1054860.8   94  681 -1063315.6 -1054855.6  0.80%  1665 1071s
   158   160 -1054860.8   95  690 -1063315.6 -1054855.6  0.80%  1669 1077s
   160   162 -1054860.8   97  626 -1063315.6 -1054855.6  0.80%  1665 1081s
   165   167 -1054860.8  100  684 -1063315.6 -1054855.6  0.80%  1643 1086s
   168   170 -1054860.8  101  647 -1063315.6 -1054855.6  0.80%  1630 1090s
   171   173 -1054860.8  103  703 -1063315.6 -1054855.6  0.80%  1639 1097s
   175   177 -1054860.8  105  664 -1063315.6 -1054855.6  0.80%  1624 1101s
   178   180 -1054860.8  106  666 -1063315.6 -1054855.6  0.80%  1620 1106s
   184   186 -1054860.8  111  659 -1063315.6 -1054855.6  0.80%  1591 1111s
   186   188 -1054860.8  112  654 -1063315.6 -1054855.6  0.80%  1594 1115s
   191   193 -1054860.8  115  636 -1063315.6 -1054855.6  0.80%  1572 1120s
   195   197 -1054860.8  117  668 -1063315.6 -1054855.6  0.80%  1579 1127s
   196   198 -1054860.8  118  689 -1063315.6 -1054855.6  0.80%  1585 1130s
   202   204 -1054860.8  121  640 -1063315.6 -1054855.6  0.80%  1558 1135s
   205   207 -1054860.8  123  646 -1063315.6 -1054855.6  0.80%  1554 1140s
   209   211 -1054860.8  126  673 -1063315.6 -1054855.6  0.80%  1543 1145s
   213   215 -1054865.2  128  637 -1063315.6 -1054855.6  0.80%  1535 1150s
   216   218 -1054861.0  130  666 -1063315.6 -1054855.6  0.80%  1536 1156s
   219   221 -1054861.0  132  702 -1063315.6 -1054855.6  0.80%  1530 1161s
   223   225 -1054861.0  134  659 -1063315.6 -1054855.6  0.80%  1523 1166s
   226   228 -1054861.0  136  707 -1063315.6 -1054855.6  0.80%  1524 1172s
   229   231 -1054861.0  139  694 -1063315.6 -1054855.6  0.80%  1515 1175s
   231   233 -1054861.0  140  647 -1063315.6 -1054855.6  0.80%  1523 1180s
   234   236 -1054861.0  141  631 -1063315.6 -1054855.6  0.80%  1520 1185s
   237   239 -1054861.0  143  702 -1063315.6 -1054855.6  0.80%  1519 1190s
   240   242 -1054861.0  145  682 -1063315.6 -1054855.6  0.80%  1515 1195s
   244   246 -1054861.0  148  690 -1063315.6 -1054855.6  0.80%  1512 1201s
   245   247 -1054861.0  149  671 -1063315.6 -1054855.6  0.80%  1515 1353s
   246   248 -1054861.0  149  655 -1063315.6 -1054855.6  0.80%  1517 1355s
   250   252 -1054861.0  151  686 -1063315.6 -1054855.6  0.80%  1509 1360s
   254   256 -1054861.0  154  658 -1063315.6 -1054855.6  0.80%  1502 1365s
   261   263 -1054861.0  158  628 -1063315.6 -1054855.6  0.80%  1479 1370s
   265   267 -1054861.0  161  655 -1063315.6 -1054855.6  0.80%  1472 1375s
   268   270 -1054861.0  163  647 -1063315.6 -1054855.6  0.80%  1474 1380s
   271   273 -1054861.0  165  678 -1063315.6 -1054855.6  0.80%  1471 1386s
   274   276 -1054880.9  166  678 -1063315.6 -1054855.6  0.80%  1477 1392s
   278   280 -1054861.0  169  649 -1063315.6 -1054855.6  0.80%  1462 1395s
   282   284 -1054861.0  171  676 -1063315.6 -1054855.6  0.80%  1454 1414s
   284   286 -1054861.0  173  687 -1063315.6 -1054855.6  0.80%  1449 1415s
   286   288 -1054861.0  174  739 -1063315.6 -1054855.6  0.80%  1453 1420s
   289   291 -1054861.0  177  640 -1063315.6 -1054855.6  0.80%  1450 1425s
   291   293 -1054861.0  178  647 -1063315.6 -1054855.6  0.80%  1463 1432s
   294   296 -1054861.0  180  631 -1063315.6 -1054855.6  0.80%  1457 1435s
   297   299 -1054928.4  182  663 -1063315.6 -1054855.6  0.80%  1460 1441s
   301   303 -1054869.7  185  682 -1063315.6 -1054855.6  0.80%  1455 1447s
   303   305 -1054869.7  186  634 -1063315.6 -1054855.6  0.80%  1454 1450s
   306   308 -1054869.7  188  706 -1063315.6 -1054855.6  0.80%  1456 1456s
   311   313 -1054869.7  191  654 -1063315.6 -1054855.6  0.80%  1452 1463s
   312   314 -1054869.7  192  642 -1063315.6 -1054855.6  0.80%  1451 1465s
   314   316 -1054869.7  193  639 -1063315.6 -1054855.6  0.80%  1459 1471s
   316   318 -1054869.7  195  690 -1063315.6 -1054855.6  0.80%  1459 1475s
   317   319 -1054869.7  195  652 -1063315.6 -1054855.6  0.80%  1470 1480s
   320   322 -1054869.7  197  684 -1063315.6 -1054855.6  0.80%  1468 1485s
   326   328 -1054869.7  201  662 -1063315.6 -1054855.6  0.80%  1451 1490s
   330   332 -1054869.7  203  668 -1063315.6 -1054855.6  0.80%  1448 1495s
   334   336 -1054869.7  205  665 -1063315.6 -1054855.6  0.80%  1443 1501s
   336   338 -1054886.3  206  641 -1063315.6 -1054855.6  0.80%  1450 1506s
   339   341 -1054869.7  208  668 -1063315.6 -1054855.6  0.80%  1451 1512s
   342   344 -1054869.7  210  618 -1063315.6 -1054855.6  0.80%  1445 1515s
   346   348 -1054869.7  212  640 -1063315.6 -1054855.6  0.80%  1439 1520s
   351   353 -1054869.7  216  655 -1063315.6 -1054855.6  0.80%  1432 1526s
   355   357 -1054869.7  219  620 -1063315.6 -1054855.6  0.80%  1425 1530s
   358   360 -1054869.7  221  665 -1063315.6 -1054855.6  0.80%  1427 1535s
   361   363 -1054869.7  223  647 -1063315.6 -1054855.6  0.80%  1426 1540s
   365   367 -1054869.7  225  715 -1063315.6 -1054855.6  0.80%  1422 1545s
   371   373 -1054869.7  230  663 -1063315.6 -1054855.6  0.80%  1412 1550s
   376   378 -1054869.7  232  684 -1063315.6 -1054855.6  0.80%  1411 1594s
   377   379 -1054869.7  233  639 -1063315.6 -1054855.6  0.80%  1411 1595s
   380   382 -1054869.7  235  652 -1063315.6 -1054855.6  0.80%  1411 1600s
   386   388 -1054869.7  238  621 -1063315.6 -1054855.6  0.80%  1400 1605s
   392   394 -1054869.7  242  618 -1063315.6 -1054855.6  0.80%  1390 1610s
   397   399 -1055346.1  245  637 -1063315.6 -1054855.6  0.80%  1386 1616s
   401   403 -1054869.7  247  640 -1063315.6 -1054855.6  0.80%  1386 1622s
   403   405 -1054869.7  248  708 -1063315.6 -1054855.6  0.80%  1389 1627s
   405   407 -1054869.7  250  642 -1063315.6 -1054855.6  0.80%  1390 1630s
   409   411 -1054869.7  252  666 -1063315.6 -1054855.6  0.80%  1387 1635s
   414   416 -1054869.7  255  660 -1063315.6 -1054855.6  0.80%  1385 1642s
   417   419 -1054869.7  257  649 -1063315.6 -1054855.6  0.80%  1381 1645s
   421   423 -1055346.1  259  662 -1063315.6 -1054855.6  0.80%  1378 1650s
   425   427 -1055304.8  262  642 -1063315.6 -1054855.6  0.80%  1373 1655s
   429   431 -1054869.7  265  634 -1063315.6 -1054855.6  0.80%  1373 1660s
   433   435 -1054869.7  267  673 -1063315.6 -1054855.6  0.80%  1373 1667s
   435   437 -1054869.7  268  668 -1063315.6 -1054855.6  0.80%  1374 1670s
   438   440 -1054869.7  270  644 -1063315.6 -1054855.6  0.80%  1376 1676s
   441   443 -1054869.7  272  643 -1063315.6 -1054855.6  0.80%  1375 1680s
   444   446 -1054869.7  273  654 -1063315.6 -1054855.6  0.80%  1377 1686s
   448   450 -1054869.7  276  686 -1063315.6 -1054855.6  0.80%  1372 1691s
   452   454 -1055246.5  279  651 -1063315.6 -1054855.6  0.80%  1367 1695s
   455   457 -1054869.7  280  642 -1063315.6 -1054855.6  0.80%  1369 1701s
   459   461 -1054869.7  283  636 -1063315.6 -1054855.6  0.80%  1365 1705s
   464   466 -1054869.7  286  652 -1063315.6 -1054855.6  0.80%  1360 1710s
   468   470 -1054869.7  288  650 -1063315.6 -1054855.6  0.80%  1357 1715s
   470   472 -1054869.7  289  627 -1063315.6 -1054855.6  0.80%  1355 1722s
   473   475 -1054869.7  291  604 -1063315.6 -1054855.6  0.80%  1353 1725s
   480   482 -1055139.4  296  589 -1063315.6 -1054855.6  0.80%  1342 1730s
   483   485 -1054921.1  297  692 -1063315.6 -1054855.6  0.80%  1344 1735s
   487   489 -1054914.7  300  618 -1063315.6 -1054855.6  0.80%  1341 1740s
   493   495 -1054914.7  304  697 -1063315.6 -1054855.6  0.80%  1341 1748s
   494   496 -1054914.7  305  631 -1063315.6 -1054855.6  0.80%  1341 1847s
   496   498 -1054914.7  306  646 -1063315.6 -1054855.6  0.80%  1342 1850s
   502   504 -1055391.0  310  582 -1063315.6 -1054855.6  0.80%  1335 1855s
   507   509 -1055391.0  313  601 -1063315.6 -1054855.6  0.80%  1332 1860s
   512   514 -1055391.0  316  643 -1063315.6 -1054855.6  0.80%  1328 1865s
   515   517 -1054914.7  318  665 -1063315.6 -1054855.6  0.80%  1331 1870s
   518   520 -1054916.0  320  674 -1063315.6 -1054855.6  0.80%  1331 1875s
   524   526 -1054916.0  324  675 -1063315.6 -1054855.6  0.80%  1324 1880s
   528   530 -1054916.0  327  654 -1063315.6 -1054855.6  0.80%  1322 1885s
   531   533 -1054916.0  329  615 -1063315.6 -1054855.6  0.80%  1322 1890s
   535   537 -1054916.0  332  637 -1063315.6 -1054855.6  0.80%  1321 1895s
   540   542 -1054916.0  335  650 -1063315.6 -1054855.6  0.80%  1320 1901s
   544   546 -1055140.7  338  613 -1063315.6 -1054855.6  0.80%  1317 1905s
   548   550 -1054916.0  340  638 -1063315.6 -1054855.6  0.80%  1317 1910s
   551   553 -1054916.0  342  635 -1063315.6 -1054855.6  0.80%  1317 1915s
   557   559 -1055351.1  345  639 -1063315.6 -1054855.6  0.80%  1313 1921s
   560   562 -1055292.8  347  632 -1063315.6 -1054855.6  0.80%  1313 1925s
   564   566 -1054916.0  349  656 -1063315.6 -1054855.6  0.80%  1312 1930s
   570   572 -1054916.0  353  616 -1063315.6 -1054855.6  0.80%  1307 1935s
   575   577 -1054916.0  356  609 -1063315.6 -1054855.6  0.80%  1304 1941s
   580   582 -1054916.0  360  639 -1063315.6 -1054855.6  0.80%  1300 1945s
   585   587 -1054916.0  363  658 -1063315.6 -1054855.6  0.80%  1297 1950s
   590   592 -1055140.7  366  647 -1063315.6 -1054855.6  0.80%  1295 1956s
   592   594 -1054916.0  368  618 -1063315.6 -1054855.6  0.80%  1292 2147s
   593   595 -1054916.0  369  618 -1063315.6 -1054855.6  0.80%  1290 2297s
   597   599 -1055441.4  371  601 -1063315.6 -1054855.6  0.80%  1288 2300s
   602   604 -1054916.0  375  670 -1063315.6 -1054855.6  0.80%  1286 2306s
   606   608 -1054916.0  377  637 -1063315.6 -1054855.6  0.80%  1283 2310s
   611   613 -1054916.0  381  634 -1063315.6 -1054855.6  0.80%  1280 2315s
   617   619 -1054916.0  385  628 -1063315.6 -1054855.6  0.80%  1275 2320s
   624   626 -1055104.5  390  654 -1063315.6 -1054855.6  0.80%  1277 2329s
   625   627 -1054916.0  390  617 -1063315.6 -1054855.6  0.80%  1279 2331s
   630   632 -1054916.0  393  609 -1063315.6 -1054855.6  0.80%  1275 2335s
   636   638 -1054916.0  397  631 -1063315.6 -1054855.6  0.80%  1272 2340s
   640   642 -1054916.0  399  635 -1063315.6 -1054855.6  0.80%  1271 2345s
   645   647 -1055441.4  402  637 -1063315.6 -1054855.6  0.80%  1268 2350s
   650   652 -1055399.7  405  679 -1063315.6 -1054855.6  0.80%  1267 2355s
   655   657 -1054970.5  409  642 -1063315.6 -1054855.6  0.80%  1263 2360s
   661   663 -1055402.9  412  656 -1063315.6 -1054855.6  0.80%  1262 2366s
   663   665 -1055060.7  414  694 -1063315.6 -1054855.6  0.80%  1265 2370s
   667   669 -1055092.1  416  645 -1063315.6 -1054855.6  0.80%  1267 2376s
   669   671 -1055201.5  418  701 -1063315.6 -1054855.6  0.80%  1269 2380s
   674   676 -1055559.5  421  617 -1063315.6 -1054855.6  0.80%  1266 2385s
   681   683 -1055823.3  426  672 -1063315.6 -1054855.6  0.80%  1261 2390s
   688   690 -1056400.2  430  661 -1063315.6 -1054855.6  0.80%  1256 2395s
   694   696 -1055964.6  434  632 -1063315.6 -1054855.6  0.80%  1252 2400s
   699   701 -1055964.6  437  682 -1063315.6 -1054855.6  0.80%  1252 2405s
   703   705 -1056152.0  440  641 -1063315.6 -1054855.6  0.80%  1253 2410s
   708   710 -1056152.0  443  616 -1063315.6 -1054855.6  0.80%  1253 2415s
   717   719 -1056381.6  451  631 -1063315.6 -1054855.6  0.80%  1245 2420s
   724   726 -1056162.7  455  645 -1063315.6 -1054855.6  0.80%  1241 2425s
   730   732 -1056198.3  458  664 -1063315.6 -1054855.6  0.80%  1241 2431s
   735   737 -1056218.8  461  625 -1063315.6 -1054855.6  0.80%  1240 2436s
   740   742 -1056218.8  464  644 -1063315.6 -1054855.6  0.80%  1237 2440s
   748   750 -1056333.1  470  627 -1063315.6 -1054855.6  0.80%  1230 2445s
   754   756 -1057236.2  473  568 -1063315.6 -1054855.6  0.80%  1231 2450s
   762   764 -1056788.3  477  595 -1063315.6 -1054855.6  0.80%  1226 2455s
   768   770 -1056924.7  481  629 -1063315.6 -1054855.6  0.80%  1229 2462s
   774   776 -1056980.9  486  565 -1063315.6 -1054855.6  0.80%  1226 2465s
   782   784 -1057034.3  490  614 -1063315.6 -1054855.6  0.80%  1223 2470s
   792   794 -1056970.3  497  572 -1063315.6 -1054855.6  0.80%  1218 2476s
   798   800 -1056979.2  502  609 -1063315.6 -1054855.6  0.80%  1217 2480s
   808   810 -1057435.2  509  507 -1063315.6 -1054855.6  0.80%  1210 2485s
   813   815 -1057432.3  512  567 -1063315.6 -1054855.6  0.80%  1218 2492s
   815   817 -1057857.6  513  567 -1063315.6 -1054855.6  0.80%  1220 2495s
   819   821 -1057432.3  515  571 -1063315.6 -1054855.6  0.80%  1227 2501s
   827   829 -1057432.3  521  500 -1063315.6 -1054855.6  0.80%  1224 2505s
   838   840 -1057523.8  529  503 -1063315.6 -1054855.6  0.80%  1220 2510s
   844   846 -1057432.3  532  548 -1063315.6 -1054855.6  0.80%  1227 2516s
   849   851 -1057432.3  536  520 -1063315.6 -1054855.6  0.80%  1229 2520s
   853   855 -1057432.3  538  565 -1063315.6 -1054855.6  0.80%  1237 2525s
   860   862 -1057432.3  542  532 -1063315.6 -1054855.6  0.80%  1241 2530s
   864   866 -1057432.3  545  577 -1063315.6 -1054855.6  0.80%  1247 2535s
   873   875 -1057889.9  552  474 -1063315.6 -1054855.6  0.80%  1244 2540s
   879   881 -1057477.4  555  571 -1063315.6 -1054855.6  0.80%  1252 2545s
   885   887 -1057507.6  559  569 -1063315.6 -1054855.6  0.80%  1257 2551s
   890   892 -1057507.6  561  562 -1063315.6 -1054855.6  0.80%  1261 2555s
   896   898 -1057568.5  565  521 -1063315.6 -1054855.6  0.80%  1266 2560s
   903   905 -1057568.5  569  516 -1063315.6 -1054855.6  0.80%  1269 2565s
   915   917 -1057568.5  577  560 -1063315.6 -1054855.6  0.80%  1267 2570s
   924   926 -1058120.7  583  577 -1063315.6 -1054855.6  0.80%  1264 2575s
   932   934 -1058165.3  588  598 -1063315.6 -1054855.6  0.80%  1267 2580s
   939   941 -1058165.3  592  581 -1063315.6 -1054855.6  0.80%  1270 2585s
   944   946 -1058165.3  595  527 -1063315.6 -1054855.6  0.80%  1276 2590s
   950   952 -1058165.3  599  483 -1063315.6 -1054855.6  0.80%  1281 2595s
   958   960 -1058165.3  604  493 -1063315.6 -1054855.6  0.80%  1288 2600s
   967   969 -1058165.3  610  486 -1063315.6 -1054855.6  0.80%  1289 2605s
   977   979 -1058165.3  617  467 -1063315.6 -1054855.6  0.80%  1288 2610s
   986   988 -1058165.3  624  474 -1063315.6 -1054855.6  0.80%  1289 2615s
   992   994 -1058248.8  627  511 -1063315.6 -1054855.6  0.80%  1297 2620s
  1003  1005 -1058484.9  633  563 -1063315.6 -1054855.6  0.80%  1292 2625s
  1023  1025 -1058547.3  648  473 -1063315.6 -1054855.6  0.80%  1273 2630s
  1045  1047 -1058520.9  664  459 -1063315.6 -1054855.6  0.80%  1252 2635s
  1061  1063 -1058520.9  673  483 -1063315.6 -1054855.6  0.80%  1242 2640s
  1081  1083 -1058650.7  685  447 -1063315.6 -1054855.6  0.80%  1226 2645s
  1100  1102 -1058790.6  696  460 -1063315.6 -1054855.6  0.80%  1212 2650s
  1115  1117 -1059076.4  707  473 -1063315.6 -1054855.6  0.80%  1206 2655s
  1136  1138 -1059272.5  722  418 -1063315.6 -1054855.6  0.80%  1189 2660s
  1158  1160 -1060350.0  737  374 -1063315.6 -1054855.6  0.80%  1176 2665s
  1184  1186 -1060576.8  756  320 -1063315.6 -1054855.6  0.80%  1160 2670s
  1199  1201 -1060576.8  766  344 -1063315.6 -1054855.6  0.80%  1159 2675s
  1222  1224 -1060576.8  781  306 -1063315.6 -1054855.6  0.80%  1144 2680s
  1247  1249 -1060900.2  798  329 -1063315.6 -1054855.6  0.80%  1130 2685s
  1269  1271 -1061593.7  814  379 -1063315.6 -1054855.6  0.80%  1124 2690s
  1291  1293 -1061593.7  832  333 -1063315.6 -1054855.6  0.80%  1113 2695s
  1312  1314 -1062815.9  848  272 -1063315.6 -1054855.6  0.80%  1107 2700s
  1330  1332 -1061593.7  861  360 -1063315.6 -1054855.6  0.80%  1104 2705s
  1359  1351 -1054855.6    2  488 -1063315.6 -1054855.6  0.80%  1091 2712s
  1361  1352 -1054861.0  163  348 -1063315.6 -1054855.6  0.80%  1089 2802s
  1363  1353 -1058520.9  651  612 -1063315.6 -1054855.6  0.80%  1087 2874s
  1364  1354 -1054931.7  340  494 -1063315.6 -1054931.7  0.79%  1087 3056s
  1365  1355 -1054952.3  193  568 -1063315.6 -1054952.3  0.79%  1086 3066s
  1366  1355 -1055549.6  419  547 -1063315.6 -1054952.7  0.79%  1085 3070s
  1368  1357 -1057857.6  514  467 -1063315.6 -1054957.9  0.79%  1083 3150s
  1369  1357 -1054960.7  133  528 -1063315.6 -1054960.7  0.79%  1083 3158s
  1370  1358 -1054960.7   74  564 -1063315.6 -1054960.7  0.79%  1082 3167s
  1371  1359 -1062043.6  762  412 -1063315.6 -1054960.7  0.79%  1081 3232s
  1372  1359 -1055250.1  280  521 -1063315.6 -1054960.7  0.79%  1080 3244s
  1373  1360 -1057432.3  549  443 -1063315.6 -1054960.7  0.79%  1080 3304s
  1374  1361 -1056157.5  449  501 -1063315.6 -1054963.7  0.79%  1079 3314s
  1375  1361 -1054963.7  132  540 -1063315.6 -1054963.7  0.79%  1078 3323s
  1376  1362 -1054963.7  242  471 -1063315.6 -1054963.7  0.79%  1077 3387s
  1377  1363 -1057432.3  519  597 -1063315.6 -1054963.7  0.79%  1076 3400s
  1378  1363 -1054963.7  295  465 -1063315.6 -1054963.7  0.79%  1076 3641s
  1379  1364 -1055351.1  349  532 -1063315.6 -1054963.7  0.79%  1075 3655s
  1380  1365 -1058520.9  657  442 -1063315.6 -1054963.7  0.79%  1074 3727s
  1381  1365 -1058650.7  693  549 -1063315.6 -1054963.7  0.79%  1073 3743s
  1382  1366 -1055346.1  260  447 -1063315.6 -1054963.7  0.79%  1072 3795s
  1383  1367 -1054963.7  388  575 -1063315.6 -1054963.7  0.79%  1072 3812s
  1384  1367 -1054963.7   94  429 -1063315.6 -1054963.7  0.79%  1071 3858s
  1385  1368 -1055964.6  433  538 -1063315.6 -1054963.7  0.79%  1070 3873s
  1386  1369 -1054963.7   44  473 -1063315.6 -1054963.7  0.79%  1069 3916s
  1391  1373 -1054963.7  196  613 -1063315.6 -1054963.7  0.79%  1776 4001s
  1392  1374 -1054963.7  141  587 -1063315.6 -1054963.7  0.79%  1775 4159s
  1393  1375 -1056930.3  487  627 -1063315.6 -1054963.8  0.79%  1774 4167s
  1394  1375 -1054963.8  209  609 -1063315.6 -1054963.8  0.79%  1772 4175s
  1395  1376 -1058520.9  684  461 -1063315.6 -1054966.2  0.79%  1771 4255s
  1396  1377 -1055441.4  372  539 -1063315.6 -1054966.4  0.79%  1770 4262s
  1397  1377 -1054966.4  113  537 -1063315.6 -1054966.4  0.79%  1769 4269s
  1398  1378 -1054966.4  226  488 -1063315.6 -1054966.4  0.79%  1767 4350s
  1399  1379 -1054966.4  217  554 -1063315.6 -1054966.4  0.79%  1766 4362s
  1400  1379 -1054966.4  298  431 -1063315.6 -1054966.4  0.79%  1765 4407s
  1401  1380 -1056197.4  454  517 -1063315.6 -1054966.4  0.79%  1764 4418s
  1402  1381 -1054966.4  209  428 -1063315.6 -1054966.4  0.79%  1762 4471s
  1403  1381 -1061593.7  859  496 -1063315.6 -1054966.4  0.79%  1761 4482s
  1404  1382 -1054966.4  308  413 -1063315.6 -1054966.4  0.79%  1760 4529s
  1405  1383 -1058520.9  669  528 -1063315.6 -1054966.4  0.79%  1759 4541s
  1406  1383 -1055292.8  399  532 -1063315.6 -1054966.4  0.79%  1757 4586s
  1407  1384 -1054966.4  151  509 -1063315.6 -1054966.4  0.79%  1756 4596s
  1408  1385 -1054966.4  270  404 -1063315.6 -1054966.4  0.79%  1755 4789s
  1409  1385 -1054966.4  106  511 -1063315.6 -1054966.4  0.79%  1754 4801s
  1410  1386 -1054966.4  383  487 -1063315.6 -1054966.4  0.79%  1752 4912s
  1411  1387 -1058027.5  549  573 -1063315.6 -1054966.4  0.79%  1751 4925s
  1412  1387 -1060350.0  739  449 -1063315.6 -1054966.4  0.79%  1750 4979s
  1413  1388 -1056248.9  463  342 -1063315.6 -1054966.4  0.79%  1749 5029s
  1414  1389 -1055140.7  356  342 -1063315.6 -1054966.4  0.79%  1747 5149s
  1415  1391 -1054966.4   27  334 -1063315.6 -1054966.4  0.79%  2482 5275s
  1416  1392 -1054966.5   27  507 -1063315.6 -1054966.4  0.79%  2484 5282s
  1417  1393 -1054966.8   28  596 -1063315.6 -1054966.4  0.79%  2488 5293s
  1418  1393 -1054966.4   28  405 -1063315.6 -1054966.4  0.79%  2488 5298s
  1419  1394 -1054966.4   29  454 -1063315.6 -1054966.4  0.79%  2488 5303s
  1420  1395 -1055016.5   29  551 -1063315.6 -1054966.4  0.79%  2489 5310s
  1421  1395 -1054966.7   30  648 -1063315.6 -1054966.5  0.79%  2493 5320s
  1422  1396 -1054971.8   30  541 -1063315.6 -1054966.5  0.79%  2494 5325s
  1424  1397 -1054972.5   31  596 -1063315.6 -1054966.5  0.79%  2492 5331s
  1425  1398 -1054979.6   32  705 -1063315.6 -1054966.5  0.79%  2498 5343s
  1426  1399 -1054966.7   32  667 -1063315.6 -1054966.5  0.79%  2499 5350s
  1428  1400 -1054991.8   33  716 -1063315.6 -1054966.5  0.79%  2499 5358s
  1430  1401 -1054980.2   34  677 -1063315.6 -1054966.5  0.79%  2499 5368s
  1431  1402 -1054969.0   35  612 -1063315.6 -1054966.5  0.79%  2499 5373s
  1432  1403 -1054982.8   35  778 -1063315.6 -1054966.5  0.79%  2504 5384s
  1433  1403 -1054969.0   36  620 -1063315.6 -1054966.5  0.79%  2502 5385s
  1434  1404 -1054984.0   36  668 -1063315.6 -1054966.5  0.79%  2503 5391s
  1436  1405 -1054999.5   37  671 -1063315.6 -1054966.5  0.79%  2503 5399s
  1437  1406 -1054969.3   38  621 -1063315.6 -1054966.5  0.79%  2501 5400s
  1438  1407 -1055090.1   38  674 -1063315.6 -1054966.5  0.79%  2502 5406s
  1440  1408 -1054987.9   39  716 -1063315.6 -1054966.5  0.79%  2505 5418s
  1441  1409 -1055108.7   40  599 -1063315.6 -1054966.5  0.79%  2505 5422s
  1444  1411 -1054981.4   41  639 -1063315.6 -1054966.5  0.79%  2503 5431s
  1446  1412 -1054981.4   42  669 -1063315.6 -1054966.5  0.79%  2503 5438s
  1447  1413 -1054969.5   43  580 -1063315.6 -1054966.5  0.79%  2502 5440s
  1448  1413 -1054981.4   43  780 -1063315.6 -1054966.5  0.79%  2507 5455s
  1450  1415 -1055047.0   44  667 -1063315.6 -1054966.5  0.79%  2509 5465s
  1452  1416 -1054986.0   45  643 -1063315.6 -1054966.5  0.79%  2509 5474s
  1453  1417 -1054970.2   46  580 -1063315.6 -1054966.5  0.79%  2507 5475s
  1454  1417 -1054982.0   46  612 -1063315.6 -1054966.5  0.79%  2508 5480s
  1456  1419 -1054982.0   47  656 -1063315.6 -1054966.5  0.79%  2508 5488s
  1457  1419 -1054982.1   48  633 -1063315.6 -1054966.5  0.79%  2509 5492s
  1459  1421 -1054974.7   49  621 -1063315.6 -1054966.5  0.79%  2507 5498s
  1460  1421 -1054976.5   49  599 -1063315.6 -1054966.5  0.79%  2506 5500s
  1462  1423 -1055023.5   50  635 -1063315.6 -1054966.5  0.79%  2505 5506s
  1464  1424 -1055023.5   51  708 -1063315.6 -1054966.5  0.79%  2509 5519s
  1465  1425 -1054978.8   52  606 -1063315.6 -1054966.5  0.79%  2508 5521s
  1466  1425 -1055023.5   52  652 -1063315.6 -1054966.5  0.79%  2509 5526s
  1468  1427 -1055023.5   53  682 -1063315.6 -1054966.5  0.79%  2509 5535s
  1470  1428 -1055023.5   54  656 -1063315.6 -1054966.5  0.79%  2510 5544s
  1471  1429 -1054981.4   55  635 -1063315.6 -1054966.5  0.79%  2508 5545s
  1472  1429 -1055023.5   55  659 -1063315.6 -1054966.5  0.79%  2512 5556s
  1474  1431 -1055023.5   56  670 -1063315.6 -1054966.5  0.79%  2511 5561s
  1476  1432 -1055035.9   57  663 -1063315.6 -1054966.5  0.79%  2510 5567s
  1477  1433 -1054998.9   58  649 -1063315.6 -1054966.5  0.79%  2511 5572s
  1478  1433 -1055023.5   58  648 -1063315.6 -1054966.5  0.79%  2512 5577s
  1480  1435 -1055023.9   59  628 -1063315.6 -1054966.5  0.79%  2511 5582s
  1482  1436 -1055025.2   60  681 -1063315.6 -1054966.5  0.79%  2510 5656s
  1484  1437 -1055044.1   61  629 -1063315.6 -1054966.5  0.79%  2509 5663s
  1485  1438 -1055034.6   62  656 -1063315.6 -1054966.5  0.79%  2510 5667s
  1486  1439 -1055054.2   62  699 -1063315.6 -1054966.5  0.79%  2511 5674s
  1487  1439 -1055044.8   63  606 -1063315.6 -1054966.5  0.79%  2510 5675s
  1488  1440 -1055064.2   63  723 -1063315.6 -1054966.5  0.79%  2510 5680s
  1491  1442 -1055051.2   65  587 -1063315.6 -1054966.5  0.79%  2507 5685s
  1492  1443 -1055089.5   65  707 -1063315.6 -1054966.5  0.79%  2508 5691s
  1493  1443 -1055058.3   66  663 -1063315.6 -1054966.5  0.79%  2510 5697s
  1494  1444 -1055098.3   66  698 -1063315.6 -1054966.5  0.79%  2511 5702s
  1495  1445 -1055058.3   67  644 -1063315.6 -1054966.5  0.79%  2510 5705s
  1497  1446 -1055058.3   68  653 -1063315.6 -1054966.5  0.79%  2509 5712s
  1499  1447 -1055058.3   69  639 -1063315.6 -1054966.5  0.79%  2507 5715s
  1502  1449 -1055069.6   70  660 -1063315.6 -1054966.5  0.79%  2503 5720s
  1506  1452 -1055060.6   72  623 -1063315.6 -1054966.5  0.79%  2498 5726s
  1509  1454 -1055718.2   74  618 -1063315.6 -1054966.5  0.79%  2494 5730s
  1513  1457 -1055219.8   76  603 -1063315.6 -1054966.5  0.79%  2489 5735s
  1516  1459 -1055231.1   77  630 -1063315.6 -1054966.5  0.79%  2486 5742s
  1518  1460 -1055231.1   78  668 -1063315.6 -1054966.5  0.79%  2484 5748s
  1519  1461 -1055219.8   79  602 -1063315.6 -1054966.5  0.79%  2482 5750s
  1521  1462 -1055219.8   80  620 -1063315.6 -1054966.5  0.79%  2481 5756s
  1522  1463 -1055231.1   80  630 -1063315.6 -1054966.5  0.79%  2480 5760s
  1524  1464 -1055231.1   81  615 -1063315.6 -1054966.5  0.79%  2478 5766s
  1526  1465 -1055231.1   82  660 -1063315.6 -1054966.5  0.79%  2477 5774s
  1527  1466 -1055219.8   83  633 -1063315.6 -1054966.5  0.79%  2476 5775s
  1530  1468 -1055231.1   84  616 -1063315.6 -1054966.5  0.79%  2473 5780s
  1533  1470 -1055219.8   86  660 -1063315.6 -1054966.5  0.79%  2470 5785s
  1536  1472 -1055231.1   87  685 -1063315.6 -1054966.5  0.79%  2468 5793s
  1538  1473 -1055232.7   88  656 -1063315.6 -1054966.5  0.79%  2466 5795s
  1542  1476 -1055231.1   90  653 -1063315.6 -1054966.5  0.79%  2462 5801s
  1545  1478 -1055219.9   92  641 -1063315.6 -1054966.5  0.79%  2458 5805s
  1548  1480 -1055231.1   93  651 -1063315.6 -1054966.5  0.79%  2455 5811s
  1551  1482 -1055229.5   95  638 -1063315.6 -1054966.5  0.79%  2452 5815s
  1554  1484 -1055302.0   96  658 -1063315.6 -1054966.5  0.79%  2449 5820s
  1556  1485 -1055254.2   97  626 -1063315.6 -1054966.5  0.79%  2448 5825s
  1560  1488 -1055264.1   99  681 -1063315.6 -1054966.5  0.79%  2444 5830s
  1564  1491 -1055279.7  101  694 -1063315.6 -1054966.5  0.79%  2440 5837s
  1566  1492 -1055331.1  102  685 -1063315.6 -1054966.5  0.79%  2440 5843s
  1568  1493 -1055278.5  103  657 -1063315.6 -1054966.5  0.79%  2438 5848s
  1570  1495 -1055392.6  104  633 -1063315.6 -1054966.5  0.79%  2436 5851s
  1572  1496 -1055377.1  105  740 -1063315.6 -1054966.5  0.79%  2436 5858s
  1574  1497 -1055517.5  106  737 -1063315.6 -1054966.5  0.79%  2438 5869s
  1575  1498 -1056025.5  107  608 -1063315.6 -1054966.5  0.79%  2437 5871s
  1578  1500 -1055441.9  108  706 -1063315.6 -1054966.5  0.79%  2435 5879s
  1579  1501 -1055293.8  109  649 -1063315.6 -1054966.5  0.79%  2434 5880s
  1582  1503 -1055473.8  110  698 -1063315.6 -1054966.5  0.79%  2434 5890s
  1584  1504 -1055493.5  111  686 -1063315.6 -1054966.5  0.79%  2433 5895s
  1587  1506 -1055422.5  113  641 -1063315.6 -1054966.5  0.79%  2431 5901s
  1590  1508 -1055379.0  114  628 -1063315.6 -1054966.5  0.79%  2427 5905s
  1592  1509 -1055446.4  115  673 -1063315.6 -1054966.5  0.79%  2427 5911s
  1594  1511 -1055590.9  116  671 -1063315.6 -1054966.5  0.79%  2426 5917s
  1596  1512 -1055418.3  117  641 -1063315.6 -1054966.5  0.79%  2424 5920s
  1598  1513 -1055833.1  118  653 -1063315.6 -1054966.5  0.79%  2424 5926s
  1600  1515 -1055437.3  119  642 -1063315.6 -1054966.5  0.79%  2422 5930s
  1602  1516 -1055447.0  120  644 -1063315.6 -1054966.5  0.79%  2421 5935s
  1604  1517 -1055486.7  121  688 -1063315.6 -1054966.5  0.79%  2420 5940s
  1606  1519 -1055446.4  122  659 -1063315.6 -1054966.5  0.79%  2420 5946s
  1608  1520 -1055437.3  123  653 -1063315.6 -1054966.5  0.79%  2419 5951s
  1611  1522 -1055442.1  125  628 -1063315.6 -1054966.5  0.79%  2415 5955s
  1614  1524 -1055613.0  126  674 -1063315.6 -1054966.5  0.79%  2413 5961s
  1617  1526 -1055710.7  128  627 -1063315.6 -1054966.5  0.79%  2410 5967s
  1619  1527 -1055710.7  129  651 -1063315.6 -1054966.5  0.79%  2408 5970s
  1620  1528 -1055710.7  129  597 -1063315.6 -1054966.5  0.79%  2407 6032s
  1622  1529 -1055710.7  130  652 -1063315.6 -1054966.5  0.79%  2406 6037s
  1623  1530 -1055710.7  131  646 -1063315.6 -1054966.5  0.79%  2406 6041s
  1625  1531 -1055710.7  132  633 -1063315.6 -1054966.5  0.79%  2404 6045s
  1629  1534 -1055710.7  134  613 -1063315.6 -1054966.5  0.79%  2400 6050s
  1631  1535 -1055710.7  135  637 -1063315.6 -1054966.5  0.79%  2400 6057s
  1633  1537 -1055710.7  136  653 -1063315.6 -1054966.5  0.79%  2398 6061s
  1636  1539 -1055710.7  137  619 -1063315.6 -1054966.5  0.79%  2395 6066s
  1638  1540 -1055886.5  138  638 -1063315.6 -1054966.5  0.79%  2394 6070s
  1641  1542 -1055710.7  140  620 -1063315.6 -1054966.5  0.79%  2392 6075s
  1643  1543 -1056336.4  141  629 -1063315.6 -1054966.5  0.79%  2392 6081s
  1646  1545 -1055710.8  142  640 -1063315.6 -1054966.5  0.79%  2389 6086s
  1648  1547 -1055710.8  143  657 -1063315.6 -1054966.5  0.79%  2389 6092s
  1650  1548 -1055710.8  144  624 -1063315.6 -1054966.5  0.79%  2386 6095s
  1652  1549 -1055710.8  145  621 -1063315.6 -1054966.5  0.79%  2385 6100s
  1655  1551 -1055710.8  147  651 -1063315.6 -1054966.5  0.79%  2383 6106s
  1656  1552 -1055710.8  147  667 -1063315.6 -1054966.5  0.79%  2383 6110s
  1658  1553 -1055710.8  148  666 -1063315.6 -1054966.5  0.79%  2383 6116s
  1660  1555 -1055710.8  149  662 -1063315.6 -1054966.5  0.79%  2383 6123s
  1661  1555 -1055710.8  150  646 -1063315.6 -1054966.5  0.79%  2384 6128s
  1662  1556 -1055710.8  150  661 -1063315.6 -1054966.5  0.79%  2384 6131s
  1664  1557 -1055710.8  151  643 -1063315.6 -1054966.5  0.79%  2383 6137s
  1666  1559 -1055710.8  152  648 -1063315.6 -1054966.5  0.79%  2381 6140s
  1668  1560 -1055710.8  153  657 -1063315.6 -1054966.5  0.79%  2380 6145s
  1672  1563 -1055710.8  155  648 -1063315.6 -1054966.5  0.79%  2377 6151s
  1675  1565 -1055710.8  157  635 -1063315.6 -1054966.5  0.79%  2375 6157s
  1677  1566 -1055710.8  158  634 -1063315.6 -1054966.5  0.79%  2374 6162s
  1680  1568 -1055710.8  159  596 -1063315.6 -1054966.5  0.79%  2370 6165s
  1683  1570 -1055710.8  161  651 -1063315.6 -1054966.5  0.79%  2368 6172s
  1685  1571 -1055710.8  162  662 -1063315.6 -1054966.5  0.79%  2367 6176s
  1688  1573 -1055710.8  163  651 -1063315.6 -1054966.5  0.79%  2364 6180s
  1690  1575 -1055710.8  164  654 -1063315.6 -1054966.5  0.79%  2363 6186s
  1692  1576 -1055710.8  165  637 -1063315.6 -1054966.5  0.79%  2362 6190s
  1695  1578 -1055710.8  167  612 -1063315.6 -1054966.5  0.79%  2359 6195s
  1697  1579 -1055710.8  168  624 -1063315.6 -1054966.5  0.79%  2358 6200s
  1699  1581 -1055710.8  169  596 -1063315.6 -1054966.5  0.79%  2358 6205s
  1700  1581 -1055710.8  169  686 -1063315.6 -1054966.5  0.79%  2359 6210s
  1702  1583 -1055710.8  170  659 -1063315.6 -1054966.5  0.79%  2358 6215s
  1705  1585 -1055710.8  172  636 -1063315.6 -1054966.5  0.79%  2356 6221s
  1708  1587 -1055710.8  173  611 -1063315.6 -1054966.5  0.79%  2353 6226s
  1710  1588 -1055710.8  174  605 -1063315.6 -1054966.5  0.79%  2352 6230s
  1713  1590 -1055710.8  176  621 -1063315.6 -1054966.5  0.79%  2349 6235s
  1716  1592 -1055710.8  177  630 -1063315.6 -1054966.5  0.79%  2346 6240s
  1720  1595 -1055710.8  179  623 -1063315.6 -1054966.5  0.79%  2343 6246s
  1723  1597 -1055710.8  181  615 -1063315.6 -1054966.5  0.79%  2340 6250s
  1726  1599 -1055710.8  182  605 -1063315.6 -1054966.5  0.79%  2338 6255s
  1729  1601 -1055710.8  184  604 -1063315.6 -1054966.5  0.79%  2336 6261s
  1730  1601 -1055710.8  184  665 -1063315.6 -1054966.5  0.79%  2336 6265s
  1734  1604 -1055710.8  186  655 -1063315.6 -1054966.5  0.79%  2334 6272s
  1736  1605 -1055710.8  187  599 -1063315.6 -1054966.5  0.79%  2333 6276s
  1738  1607 -1055710.8  188  654 -1063315.6 -1054966.5  0.79%  2332 6282s
  1740  1608 -1055710.8  189  637 -1063315.6 -1054966.5  0.79%  2331 6287s
  1742  1609 -1055710.8  190  666 -1063315.6 -1054966.5  0.79%  2330 6292s
  1744  1611 -1055710.8  191  662 -1063315.6 -1054966.5  0.79%  2330 6298s
  1746  1612 -1055710.8  192  673 -1063315.6 -1054966.5  0.79%  2329 6302s
  1748  1613 -1055710.8  193  650 -1063315.6 -1054966.5  0.79%  2329 6307s
  1750  1615 -1055710.8  194  637 -1063315.6 -1054966.5  0.79%  2329 6387s
  1751  1615 -1055710.8  195  605 -1063315.6 -1054966.5  0.79%  2328 6484s
  1752  1616 -1055710.8  195  615 -1063315.6 -1054966.5  0.79%  2327 6485s
  1755  1618 -1055710.8  197  638 -1063315.6 -1054966.5  0.79%  2325 6490s
  1758  1620 -1056108.2  198  618 -1063315.6 -1054966.5  0.79%  2322 6495s
  1761  1622 -1055710.8  200  602 -1063315.6 -1054966.5  0.79%  2320 6500s
  1764  1624 -1055710.8  201  686 -1063315.6 -1054966.5  0.79%  2320 6508s
  1765  1625 -1055710.8  202  603 -1063315.6 -1054966.5  0.79%  2319 6510s
  1768  1627 -1055710.8  203  633 -1063315.6 -1054966.5  0.79%  2317 6516s
  1770  1628 -1055710.8  204  652 -1063315.6 -1054966.5  0.79%  2316 6521s
  1772  1629 -1055710.8  205  699 -1063315.6 -1054966.5  0.79%  2316 6525s
  1775  1631 -1055710.8  207  613 -1063315.6 -1054966.5  0.79%  2313 6530s
  1778  1633 -1055710.8  208  607 -1063315.6 -1054966.5  0.79%  2311 6536s
  1782  1636 -1055710.8  210  625 -1063315.6 -1054966.5  0.79%  2308 6541s
  1785  1638 -1055710.8  212  617 -1063315.6 -1054966.5  0.79%  2306 6545s
  1788  1640 -1055710.8  213  697 -1063315.6 -1054966.5  0.79%  2305 6552s
  1790  1641 -1055710.8  214  650 -1063315.6 -1054966.5  0.79%  2304 6556s
  1793  1643 -1055710.8  216  611 -1063315.6 -1054966.5  0.79%  2301 6560s
  1795  1645 -1055710.8  217  609 -1063315.6 -1054966.5  0.79%  2300 6565s
  1797  1646 -1055710.8  218  640 -1063315.6 -1054966.5  0.79%  2300 6570s
  1800  1648 -1056048.1  219  627 -1063315.6 -1054966.5  0.79%  2299 6577s
  1802  1649 -1055711.2  220  617 -1063315.6 -1054966.5  0.79%  2298 6580s
  1806  1652 -1055711.2  222  653 -1063315.6 -1054966.5  0.79%  2295 6587s
  1808  1653 -1055711.2  223  618 -1063315.6 -1054966.5  0.79%  2293 6590s
  1812  1656 -1055711.2  225  624 -1063315.6 -1054966.5  0.79%  2290 6595s
  1814  1657 -1055711.2  226  635 -1063315.6 -1054966.5  0.79%  2290 6601s
  1816  1659 -1055711.2  227  664 -1063315.6 -1054966.5  0.79%  2290 6606s
  1819  1661 -1055711.2  229  618 -1063315.6 -1054966.5  0.79%  2289 6612s
  1821  1662 -1055711.2  230  636 -1063315.6 -1054966.5  0.79%  2287 6615s
  1825  1665 -1055711.2  232  617 -1063315.6 -1054966.5  0.79%  2283 6620s
  1826  1665 -1055711.2  232  696 -1063315.6 -1054966.5  0.79%  2284 6625s
  1830  1668 -1055711.2  234  612 -1063315.6 -1054966.5  0.79%  2281 6631s
  1832  1669 -1055711.2  235  626 -1063315.6 -1054966.5  0.79%  2281 6636s
  1835  1671 -1055711.2  237  598 -1063315.6 -1054966.5  0.79%  2279 6641s
  1836  1672 -1055711.2  237  665 -1063315.6 -1054966.5  0.79%  2280 6647s
  1838  1673 -1055711.2  238  604 -1063315.6 -1054966.5  0.79%  2278 6650s
  1841  1675 -1055711.2  240  604 -1063315.6 -1054966.5  0.79%  2276 6655s
  1845  1678 -1055711.2  242  608 -1063315.6 -1054966.5  0.79%  2273 6661s
  1848  1680 -1055711.2  243  634 -1063315.6 -1054966.5  0.79%  2272 6667s
  1850  1681 -1055711.2  244  628 -1063315.6 -1054966.5  0.79%  2270 6671s
  1852  1683 -1055711.2  245  608 -1063315.6 -1054966.5  0.79%  2269 6676s
  1854  1684 -1055711.2  246  609 -1063315.6 -1054966.5  0.79%  2269 6680s
  1856  1685 -1055711.2  247  595 -1063315.6 -1054966.5  0.79%  2268 6685s
  1860  1688 -1055711.2  249  650 -1063315.6 -1054966.5  0.79%  2266 6693s
  1862  1689 -1055711.2  250  659 -1063315.6 -1054966.5  0.79%  2265 6697s
  1864  1691 -1055711.2  251  628 -1063315.6 -1054966.5  0.79%  2263 6701s
  1867  1693 -1055711.2  253  592 -1063315.6 -1054966.5  0.79%  2261 6706s
  1870  1695 -1055711.2  254  654 -1063315.6 -1054966.5  0.79%  2260 6712s
  1872  1696 -1055711.2  255  588 -1063315.6 -1054966.5  0.79%  2259 6716s
  1875  1698 -1055711.2  257  650 -1063315.6 -1054966.5  0.79%  2257 6722s
  1878  1700 -1055711.2  258  587 -1063315.6 -1054966.5  0.79%  2254 6725s
  1881  1702 -1055711.2  260  605 -1063315.6 -1054966.5  0.79%  2253 6731s
  1884  1704 -1055711.2  261  648 -1063315.6 -1054966.5  0.79%  2251 6735s
  1888  1707 -1055711.2  263  620 -1063315.6 -1054966.5  0.79%  2248 6741s
  1890  1708 -1056062.7  264  630 -1063315.6 -1054966.5  0.79%  2247 6745s
  1891  1709 -1056034.8  265  627 -1063315.6 -1054966.5  0.79%  2247 6827s
  1894  1711 -1056474.8  266  616 -1063315.6 -1054966.5  0.79%  2244 6831s
  1898  1713 -1056872.0  268  626 -1063315.6 -1054966.5  0.79%  2241 6836s
  1901  1715 -1056043.7  270  621 -1063315.6 -1054966.5  0.79%  2239 6840s
  1906  1719 -1056043.7  272  608 -1063315.6 -1054966.5  0.79%  2234 6845s
  1910  1721 -1056048.0  274  585 -1063315.6 -1054966.5  0.79%  2231 6850s
  1914  1724 -1056043.7  276  638 -1063315.6 -1054966.5  0.79%  2230 6857s
  1916  1725 -1056520.6  277  574 -1063315.6 -1054966.5  0.79%  2229 6861s
  1920  1728 -1056048.0  279  569 -1063315.6 -1054966.5  0.79%  2226 6866s
  1923  1730 -1056043.7  281  595 -1063315.6 -1054966.5  0.79%  2224 6870s
  1925  1731 -1056043.7  282  592 -1063315.6 -1054966.5  0.79%  2223 6875s
  1929  1734 -1056043.7  284  569 -1063315.6 -1054966.5  0.79%  2219 6880s
  1932  1736 -1056043.7  285  574 -1063315.6 -1054966.5  0.79%  2218 6886s
  1935  1738 -1056043.7  287  623 -1063315.6 -1054966.5  0.79%  2216 6890s
  1938  1740 -1056043.7  288  609 -1063315.6 -1054966.5  0.79%  2214 6896s
  1940  1741 -1056043.7  289  641 -1063315.6 -1054966.5  0.79%  2214 6902s
  1942  1743 -1056043.7  290  610 -1063315.6 -1054966.5  0.79%  2213 6906s
  1945  1745 -1056043.7  292  579 -1063315.6 -1054966.5  0.79%  2211 6910s
  1948  1747 -1056043.7  293  614 -1063315.6 -1054966.5  0.79%  2209 6915s
  1952  1749 -1056520.6  295  599 -1063315.6 -1054966.5  0.79%  2206 6920s
  1956  1752 -1056043.7  297  577 -1063315.6 -1054966.5  0.79%  2203 6925s
  1959  1754 -1056043.7  299  573 -1063315.6 -1054966.5  0.79%  2202 6930s
  1962  1756 -1056043.7  300  606 -1063315.6 -1054966.5  0.79%  2200 6935s
  1965  1758 -1056043.7  302  584 -1063315.6 -1054966.5  0.79%  2198 6940s
  1968  1760 -1056048.9  303  612 -1063315.6 -1054966.5  0.79%  2196 6945s
  1972  1763 -1056043.7  305  605 -1063315.6 -1054966.5  0.79%  2194 6952s
  1974  1764 -1056043.7  306  603 -1063315.6 -1054966.5  0.79%  2193 6956s
  1976  1765 -1056043.7  307  587 -1063315.6 -1054966.5  0.79%  2192 6960s
  1979  1767 -1056043.7  309  582 -1063315.6 -1054966.5  0.79%  2190 6965s
  1982  1769 -1056043.7  310  606 -1063315.6 -1054966.5  0.79%  2189 6973s
  1984  1771 -1056043.7  311  620 -1063315.6 -1054966.5  0.79%  2189 6977s
  1986  1772 -1056048.0  312  579 -1063315.6 -1054966.5  0.79%  2187 6980s
  1990  1775 -1056813.6  314  624 -1063315.6 -1054966.5  0.79%  2185 6986s
  1994  1777 -1056043.7  316  615 -1063315.6 -1054966.5  0.79%  2182 6991s
  1997  1779 -1056044.0  318  545 -1063315.6 -1054966.5  0.79%  2180 6995s
  2000  1781 -1056048.0  319  573 -1063315.6 -1054966.5  0.79%  2178 7000s
  2004  1784 -1056043.7  321  579 -1063315.6 -1054966.5  0.79%  2176 7005s
  2009  1787 -1056071.6  324  517 -1063315.6 -1054966.5  0.79%  2171 7010s
  2013  1790 -1056080.0  326  568 -1063315.6 -1054966.5  0.79%  2169 7016s
  2017  1793 -1056932.1  328  575 -1063315.6 -1054966.5  0.79%  2166 7020s
  2020  1795 -1056946.2  329  603 -1063315.6 -1054966.5  0.79%  2165 7026s
  2024  1797 -1056877.2  331  524 -1063315.6 -1054966.5  0.79%  2162 7031s
  2027  1799 -1056515.6  333  550 -1063315.6 -1054966.5  0.79%  2161 7036s
  2029  1801 -1056515.6  334  577 -1063315.6 -1054966.5  0.79%  2160 7040s
  2033  1803 -1056515.6  336  543 -1063315.6 -1054966.5  0.79%  2158 7046s
  2036  1805 -1056528.8  337  541 -1063315.6 -1054966.5  0.79%  2156 7050s
  2040  1808 -1056528.8  339  526 -1063315.6 -1054966.5  0.79%  2153 7055s
  2043  1810 -1057006.8  341  534 -1063315.6 -1054966.5  0.79%  2151 7060s
  2048  1813 -1057006.8  343  522 -1063315.6 -1054966.5  0.79%  2148 7065s
  2053  1817 -1056528.8  346  571 -1063315.6 -1054966.5  0.79%  2145 7070s
  2057  1819 -1056528.8  348  538 -1063315.6 -1054966.5  0.79%  2143 7075s
  2062  1823 -1057006.8  350  554 -1063315.6 -1054966.5  0.79%  2139 7080s
  2065  1825 -1056528.8  352  525 -1063315.6 -1054966.5  0.79%  2138 7085s
  2069  1827 -1056528.8  354  536 -1063315.6 -1054966.5  0.79%  2136 7090s
  2074  1831 -1057006.8  356  526 -1063315.6 -1054966.5  0.79%  2134 7096s
  2077  1833 -1056528.8  358  578 -1063315.6 -1054966.5  0.79%  2132 7100s
  2082  1836 -1056534.2  360  564 -1063315.6 -1054966.5  0.79%  2129 7106s
  2085  1838 -1056528.8  362  558 -1063315.6 -1054966.5  0.79%  2128 7110s
  2090  1841 -1057006.8  364  575 -1063315.6 -1054966.5  0.79%  2125 7116s
  2093  1843 -1056528.8  366  571 -1063315.6 -1054966.5  0.79%  2123 7120s
  2097  1846 -1056528.8  368  563 -1063315.6 -1054966.5  0.79%  2121 7125s
  2101  1849 -1056576.0  370  562 -1063315.6 -1054966.5  0.79%  2118 7130s
  2106  1852 -1057178.0  372  533 -1063315.6 -1054966.5  0.79%  2115 7135s
  2109  1854 -1057007.1  374  566 -1063315.6 -1054966.5  0.79%  2113 7140s
  2114  1857 -1057007.1  376  547 -1063315.6 -1054966.5  0.79%  2110 7145s
  2118  1860 -1057007.1  378  540 -1063315.6 -1054966.5  0.79%  2107 7151s
  2121  1862 -1057007.1  380  558 -1063315.6 -1054966.5  0.79%  2105 7155s
  2125  1865 -1057007.1  382  536 -1063315.6 -1054966.5  0.79%  2103 7160s
  2129  1867 -1057007.1  384  561 -1063315.6 -1054966.5  0.79%  2101 7165s
  2135  1871 -1057007.1  387  541 -1063315.6 -1054966.5  0.79%  2096 7170s
  2138  1873 -1057007.1  388  571 -1063315.6 -1054966.5  0.79%  2095 7175s
  2141  1875 -1057007.1  390  548 -1063315.6 -1054966.5  0.79%  2094 7200s

Cutting planes:
  Gomory: 19
  Lift-and-project: 8
  Cover: 52
  Implied bound: 48
  MIR: 88
  Flow cover: 142
  RLT: 1

Explored 2142 nodes (5036057 simplex iterations) in 7200.05 seconds (8135.40 work units)
Thread count was 1 (of 72 available processors)

Solution count 10: -1.06332e+06 -1.06332e+06 -1.06351e+06 ... -1.06535e+06

Time limit reached
Best objective -1.063315551077e+06, best bound -1.054966466344e+06, gap 0.7852%

Gurobi 13.0.3 (linux64) logging started Sat Oct 10 08:10:25 2026

Set parameter LogFile to value "/home/gep/projects/jaffray-masc-fhops-model/data/output/rerun_v101_calib/pg_40_sub14_lock7.gurobi.log"
Gurobi Optimizer version 13.0.3 build v13.0.3rc0 (linux64 - "Ubuntu 24.04.3 LTS")

CPU model: Intel(R) Xeon(R) Gold 6254 CPU @ 3.10GHz, instruction set [SSE2|AVX|AVX2|AVX512]
Thread count: 36 physical cores, 72 logical processors, using up to 1 threads

Non-default parameters:
TimeLimit  1800
Threads  1

Optimize a model with 77391 rows, 102167 columns and 305745 nonzeros (Max)
Model fingerprint: 0x8daf0443
Model has 40320 linear objective coefficients
Variable types: 58840 continuous, 43327 integer (43327 binary)
Coefficient statistics:
  Matrix range     [1e+00, 1e+05]
  Objective range  [2e-02, 1e+00]
  Bounds range     [1e+00, 1e+00]
  RHS range        [1e+00, 1e+06]

Loaded user MIP start with objective 266581

Presolve removed 12169 rows and 12740 columns
Presolve time: 0.84s
Presolved: 65222 rows, 89427 columns, 274061 nonzeros
Variable types: 47788 continuous, 41639 integer (41639 binary)

Root simplex log...

Iteration    Objective       Primal Inf.    Dual Inf.      Time
   19419    3.9225141e+05   1.210816e+06   0.000000e+00      5s
   26819    3.9092000e+05   0.000000e+00   0.000000e+00      7s
   26819    3.9092000e+05   0.000000e+00   0.000000e+00      7s

Use crossover to convert LP symmetric solution to basic solution...

Root crossover log...

    4738 DPushes remaining with DInf 0.0000000e+00                 7s
       0 DPushes remaining with DInf 0.0000000e+00                 8s

    7091 PPushes remaining with PInf 0.0000000e+00                 8s
       0 PPushes remaining with PInf 0.0000000e+00                 8s

  Push phase complete: Pinf 0.0000000e+00, Dinf 4.8843050e-12      8s


Root simplex log...

Iteration    Objective       Primal Inf.    Dual Inf.      Time
   38347    3.9092000e+05   0.000000e+00   0.000000e+00      8s
Crossover time: 0.31 seconds (0.29 work units)
   38673    3.9092000e+05   0.000000e+00   0.000000e+00      8s

Extra simplex iterations after uncrush: 326

Root relaxation: objective 3.909200e+05, 38673 iterations, 7.03 seconds (6.06 work units)

    Nodes    |    Current Node    |     Objective Bounds      |     Work
 Expl Unexpl |  Obj  Depth IntInf | Incumbent    BestBd   Gap | It/Node Time

     0     0 390920.004    0 1695 266581.333 390920.004  46.6%     -   14s
     0     0 390913.065    0 2093 266581.333 390913.065  46.6%     -   39s
     0     0 390913.051    0 2090 266581.333 390913.051  46.6%     -   50s
     0     0 390882.014    0 2234 266581.333 390882.014  46.6%     -   61s
     0     0 390882.014    0 2236 266581.333 390882.014  46.6%     -   62s
     0     0 390880.911    0 2368 266581.333 390880.911  46.6%     -   67s
     0     0 390880.911    0 2345 266581.333 390880.911  46.6%     -   68s
     0     0 390880.911    0 2447 266581.333 390880.911  46.6%     -   71s
     0     0 390880.911    0 2402 266581.333 390880.911  46.6%     -   72s
     0     0 390880.908    0 2460 266581.333 390880.908  46.6%     -   75s
     0     0 390880.908    0 1827 266581.333 390880.908  46.6%     -   84s
     0     0 390880.908    0 1949 266581.333 390880.908  46.6%     -   85s
     0     0 390880.908    0 2278 266581.333 390880.908  46.6%     -   88s
     0     0 390880.908    0 2279 266581.333 390880.908  46.6%     -   89s
     0     0 390880.866    0 2376 266581.333 390880.866  46.6%     -   92s
     0     0 390880.866    0 1821 266581.333 390880.866  46.6%     -   99s
     0     0 390880.866    0 1926 266581.333 390880.866  46.6%     -  121s
     0     0 390880.866    0 2228 266581.333 390880.866  46.6%     -  124s
     0     0 390880.866    0 2228 266581.333 390880.866  46.6%     -  124s
     0     0 390880.866    0 1748 266581.333 390880.866  46.6%     -  132s
     0     2 390880.866    0 1687 266581.333 390880.866  46.6%     -  173s
     2     4 390850.392    1 1800 266581.333 390880.008  46.6%  1726  176s
     6     8 390876.798    4 1754 266581.333 390879.981  46.6%  1250  180s
     8    10 390864.859    5 1806 266581.333 390879.981  46.6%  1449  185s
    15    17 390856.691    9 1755 266581.333 390879.981  46.6%  1123  190s
    18    20 390860.663   11 1764 266581.333 390879.981  46.6%   989  354s
H   19    19                    295104.60033 390879.981  32.5%   937  355s
H   21    21                    295857.08682 390879.981  32.1%   962  358s
H   21    21                    296113.46402 390879.981  32.0%   962  358s
    24    26 390842.250   15 1801 296113.464 390879.981  32.0%   943  360s
    25    27 390854.164   15 1824 296113.464 390879.981  32.0%   916  370s
    28    30 389126.771   17 2019 296113.464 390879.981  32.0%  1582  391s
    31    33 390595.637   18 1802 296113.464 390879.981  32.0%  1498  558s
    34    36 387657.080   21 1913 296113.464 390879.981  32.0%  1743  572s
    38    40 390817.990   23 1787 296113.464 390879.981  32.0%  1632  575s
    45    47 390804.701   27 1723 296113.464 390879.981  32.0%  1498  580s
    49    51 390769.980   29 1805 296113.464 390879.981  32.0%  1505  587s
    55    57 390799.883   33 1730 296113.464 390879.981  32.0%  1381  590s
    59    61 390760.084   35 1732 296113.464 390879.981  32.0%  1377  595s
    67    69 390778.098   40 1708 296113.464 390879.981  32.0%  1268  600s
    74    76 390756.729   44 1739 296113.464 390879.981  32.0%  1222  606s
    78    80 390723.934   46 1752 296113.464 390879.981  32.0%  1213  611s
    85    87 390721.932   49 1716 296113.464 390879.981  32.0%  1147  615s
    90    92 390683.308   52 1712 296113.464 390879.981  32.0%  1131  620s
    95    97 390667.059   54 1738 296113.464 390879.981  32.0%  1108  625s
    98   100 390373.758   56 1790 296113.464 390879.981  32.0%  1141  632s
   104   106 390640.520   59 1728 296113.464 390879.981  32.0%  1102  635s
   116   118 390596.891   66 1734 296113.464 390879.981  32.0%  1033  640s
   124   126 390586.359   71 1675 296113.464 390879.981  32.0%   998  645s
   132   134 390579.964   75 1662 296113.464 390879.981  32.0%   964  650s
   139   141 390554.363   80 1641 296113.464 390879.981  32.0%   951  656s
   144   146 390545.965   83 1681 296113.464 390879.981  32.0%   948  661s
   148   150 390553.531   85 1664 296113.464 390879.981  32.0%   951  665s
   153   155 390426.746   87 1639 296113.464 390879.981  32.0%   954  670s
   163   165 390426.917   92 1628 296113.464 390879.981  32.0%   922  675s
   172   174 390341.433   97 1634 296113.464 390879.981  32.0%   901  681s
   174   176 389625.173   99 1716 296113.464 390879.981  32.0%   920  686s
   179   181 390120.945  101 1657 296113.464 390879.981  32.0%   926  692s
   185   187 390236.087  106 1612 296113.464 390879.981  32.0%   911  695s
   190   192 390183.635  109 1641 296113.464 390879.981  32.0%   920  700s
   194   196 390163.209  111 1653 296113.464 390879.981  32.0%   933  706s
   201   203 390181.566  114 1628 296113.464 390879.981  32.0%   920  710s
   208   210 390158.847  118 1629 296113.464 390879.981  32.0%   914  715s
   217   219 390054.074  123 1654 296113.464 390879.981  32.0%   900  720s
   221   223 390030.984  125 1602 296113.464 390879.981  32.0%   913  725s
   233   235 389973.871  133 1582 296113.464 390879.981  32.0%   887  730s
   240   242 389590.194  136 1633 296113.464 390879.981  32.0%   889  736s
   250   252 389893.859  142 1592 296113.464 390879.981  32.0%   865  740s
   261   263 389886.078  147 1634 296113.464 390879.981  32.0%   851  746s
   268   270 389857.237  151 1568 296113.464 390879.981  32.0%   846  750s
   280   282 389818.445  158 1590 296113.464 390879.981  32.0%   827  755s
   282   284 389791.860  159 1602 296113.464 390879.981  32.0%   833  761s
   291   293 389814.332  163 1553 296113.464 390879.981  32.0%   818  765s
   307   309 389665.333  174 1599 296113.464 390879.981  32.0%   795  770s
   319   321 389617.328  181 1625 296113.464 390879.981  32.0%   784  775s
   331   333 389379.179  188 1576 296113.464 390879.981  32.0%   770  780s
   346   348 389441.460  196 1597 296113.464 390879.981  32.0%   750  785s
   360   362 389365.916  206 1598 296113.464 390879.981  32.0%   732  790s
   375   377 389350.410  216 1593 296113.464 390879.981  32.0%   714  795s
   394   396 389303.422  227 1574 296113.464 390879.981  32.0%   692  800s
   413   415 389232.243  237 1515 296113.464 390879.981  32.0%   674  805s
   428   430 389151.499  246 1506 296113.464 390879.981  32.0%   666  810s
   444   446 389032.567  255 1473 296113.464 390879.981  32.0%   655  815s
   459   461 389012.092  264 1457 296113.464 390879.981  32.0%   643  820s
   476   478 388940.211  274 1378 296113.464 390879.981  32.0%   627  825s
   489   491 388791.012  281 1403 296113.464 390879.981  32.0%   621  830s
   494   496 388890.666  284 1376 296113.464 390879.981  32.0%   618  875s
   518   520 388771.297  297 1386 296113.464 390879.981  32.0%   598  880s
   544   546 388504.115  314 1396 296113.464 390879.981  32.0%   579  885s
   566   568 388588.934  326 1393 296113.464 390879.981  32.0%   563  890s
   582   584 387780.530  336 1390 296113.464 390879.981  32.0%   559  896s
   589   591 387609.203  340 1448 296113.464 390879.981  32.0%   559  900s
   606   608 387565.878  349 1476 296113.464 390879.981  32.0%   552  905s
   625   627 387509.649  359 1422 296113.464 390879.981  32.0%   543  910s
   649   651 387479.024  373 1371 296113.464 390879.981  32.0%   530  915s
   661   663 387431.544  380 1345 296113.464 390879.981  32.0%   527  920s
   671   673 385801.138  385 1442 296113.464 390879.981  32.0%   532  927s
   676   678 387230.478  388 1369 296113.464 390879.981  32.0%   531  930s
   695   697 387207.639  399 1356 296113.464 390879.981  32.0%   523  935s
   706   708 387161.283  405 1320 296113.464 390879.981  32.0%   522  940s
   716   718 387026.287  410 1301 296113.464 390879.981  32.0%   523  945s
   728   730 386947.909  416 1313 296113.464 390879.981  32.0%   522  950s
   733   735 385144.014  419 1445 296113.464 390879.981  32.0%   534  958s
   734   736 384898.877  419 1470 296113.464 390879.981  32.0%   545  963s
   745   747 384747.450  425 1415 296113.464 390879.981  32.0%   540  965s
   754   756 385033.638  430 1405 296113.464 390879.981  32.0%   541  970s
   765   767 384981.471  436 1409 296113.464 390879.981  32.0%   541  975s
   781   783 384822.830  444 1327 296113.464 390879.981  32.0%   537  980s
   801   803 384854.972  454 1304 296113.464 390879.981  32.0%   530  985s
   816   818 384274.934  462 1326 296113.464 390879.981  32.0%   529  990s
   827   829 384341.559  468 1316 296113.464 390879.981  32.0%   528  995s
   844   846 384311.540  479 1275 296113.464 390879.981  32.0%   524 1000s
   864   866 384103.063  490 1275 296113.464 390879.981  32.0%   518 1005s
   870   872 382009.764  493 1351 296113.464 390879.981  32.0%   529 1011s
   887   889 384003.414  502 1222 296113.464 390879.981  32.0%   522 1015s
   918   920 383662.907  522 1212 296113.464 390879.981  32.0%   510 1020s
   945   947 382542.094  537 1280 296113.464 390879.981  32.0%   504 1026s
   958   960 383029.822  544 1192 296113.464 390879.981  32.0%   502 1030s
   986   988 383433.434  560 1166 296113.464 390879.981  32.0%   493 1035s
  1016  1018 383156.550  576 1108 296113.464 390879.981  32.0%   484 1040s
H 1021  1021                    313740.78817 390879.981  24.6%   485 1043s
  1024  1026 382123.910  580 1141 313740.788 390879.981  24.6%   487 1045s
  1039  1041 383106.479  588 1106 313740.788 390879.981  24.6%   487 1050s
  1053  1055 383032.297  595 1091 313740.788 390879.981  24.6%   488 1055s
  1072  1074 382541.904  605 1108 313740.788 390879.981  24.6%   487 1060s
  1101  1103 382830.482  622 1125 313740.788 390879.981  24.6%   479 1065s
  1117  1119 381613.844  631 1059 313740.788 390879.981  24.6%   478 1070s
  1126  1128 382692.148  635 1099 313740.788 390879.981  24.6%   481 1075s
  1134  1136 382620.625  640 1091 313740.788 390879.981  24.6%   486 1080s
  1153  1155 381191.665  650 1040 313740.788 390879.981  24.6%   486 1086s
  1170  1172 382492.263  660 1078 313740.788 390879.981  24.6%   482 1090s
  1184  1186 382390.851  669 1091 313740.788 390879.981  24.6%   483 1095s
  1200  1202 381199.710  677 1054 313740.788 390879.981  24.6%   484 1101s
  1207  1209 381114.282  681 1024 313740.788 390879.981  24.6%   487 1106s
  1214  1214 infeasible  685      313740.788 390879.981  24.6%   493 1110s
  1224  1222 380748.537  690 1013 313740.788 390879.981  24.6%   496 1115s
  1243  1239 380693.110  701 1005 313740.788 390879.981  24.6%   495 1120s
  1258  1248 380164.035  708 1015 313740.788 390879.981  24.6%   496 1125s
  1270  1254 390867.380    3 1867 313740.788 390876.798  24.6%   499 1131s
H 1271  1254                    316323.99157 390876.798  23.6%   498 1132s
H 1271  1254                    325209.73663 390876.798  20.2%   498 1139s
H 1271  1254                    325448.66799 390876.798  20.1%   498 1139s
H 1271  1254                    325507.25782 390876.798  20.1%   498 1139s
H 1271  1254                    332901.72349 390876.798  17.4%   498 1158s
H 1271  1254                    337991.54620 390876.798  15.6%   498 1166s
H 1271  1254                    340114.19318 390876.798  14.9%   498 1173s
H 1271  1254                    340754.25716 390876.798  14.7%   498 1182s
H 1271  1254                    342936.02040 390876.798  14.0%   498 1189s
  1272  1255 387031.858  412 1748 342936.020 390876.798  14.0%   498 1253s
H 1273  1193                    342957.27421 390876.798  14.0%   497 1308s
H 1273  1133                    342959.65950 390876.798  14.0%   497 1308s
H 1273  1076                    342978.11760 390876.798  14.0%   497 1309s
H 1273  1023                    343074.43487 390876.798  13.9%   497 1309s
H 1273   971                    343212.74157 390876.798  13.9%   497 1310s
H 1273   923                    343216.03389 390876.798  13.9%   497 1315s
H 1273   877                    343228.11877 390876.798  13.9%   497 1319s
  1274   877 383430.461  559 1806 343228.119 390876.798  13.9%   497 1331s
  1275   878 383653.675  535 1787 343228.119 390852.889  13.9%   497 1350s
  1276   879 389213.163  241 2102 343228.119 390776.911  13.9%   496 1357s
  1277   879 382960.144  615 2115 343228.119 390772.742  13.9%   496 1362s
  1280   881 382997.782  605 2114 343228.119 390771.979  13.9%   495 1367s
  1281   882 390385.452   61 1900 343228.119 390762.837  13.8%   494 1384s
  1282   883 389607.334  182 2122 343228.119 390760.571  13.8%   494 1387s
  1284   884 390590.429   69 2149 343228.119 390760.425  13.8%   493 1391s
H 1284   839                    343238.07137 390759.706  13.8%   493 1413s
H 1284   797                    343276.86771 390759.706  13.8%   493 1417s
H 1284   757                    343481.69079 390759.706  13.8%   493 1418s
H 1284   719                    343710.05339 390759.706  13.7%   493 1419s
H 1284   683                    343731.66052 390759.706  13.7%   493 1425s
H 1284   648                    343733.08910 390759.706  13.7%   493 1435s
H 1284   616                    344000.86975 390759.706  13.6%   493 1444s
  1285   617 389301.938  225 1947 344000.870 390759.706  13.6%   493 1480s
  1287   618 382973.208  609 1939 344000.870 390759.036  13.6%   492 1497s
  1288   619 388834.099  296 2223 344000.870 390759.009  13.6%   492 1501s
  1289   619 390512.262   85 1973 344000.870 390759.009  13.6%   491 1514s
  1290   620 390758.859   36 2285 344000.870 390758.859  13.6%   491 1516s
  1291   621 387074.668  409 2351 344000.870 390758.859  13.6%   491 1520s
  1292   621 379940.499  713 1921 344000.870 390758.859  13.6%   490 1532s
  1293   622 389040.575  244 2287 344000.870 390758.859  13.6%   490 1536s
  1294   623 389450.720  195 1967 344000.870 390758.859  13.6%   489 1549s
  1295   623 388627.014  314 2352 344000.870 390758.859  13.6%   489 1553s
H 1295   591                    344091.50516 390758.859  13.6%   489 1568s
H 1295   561                    344131.67071 390758.859  13.5%   489 1569s
H 1295   533                    344133.72923 390758.859  13.5%   489 1569s
H 1295   506                    344967.89371 390758.859  13.3%   489 1569s
H 1295   480                    345053.71177 390758.859  13.2%   489 1569s
H 1295   455                    345215.22636 390758.859  13.2%   489 1571s
H 1295   432                    345584.73792 390758.859  13.1%   489 1571s
H 1295   410                    345631.08450 390758.859  13.1%   489 1573s
H 1295   389                    345817.67000 390758.859  13.0%   489 1574s
H 1295   369                    346044.58591 390758.859  12.9%   489 1574s
H 1295   351                    346257.83114 390758.859  12.9%   489 1577s
  1296   352 385140.518  423 2045 346257.831 390758.859  12.9%   489 1580s
  1297   353 387497.563  368 2433 346257.831 390758.839  12.9%   488 1585s
  1298   353 390174.616  105 1938 346257.831 390758.809  12.9%   488 1598s
  1299   354 382749.733  618 2437 346257.831 390758.809  12.9%   488 1603s
  1300   355 383638.486  524 1961 346257.831 390758.809  12.9%   487 1615s
H 1304   341                    346434.28780 390758.809  12.8%   753 1691s
  1305   341 387207.565  399 1771 346434.288 390758.809  12.8%   753 1699s
  1306   342 383625.404  523 1845 346434.288 390758.809  12.8%   752 1722s
  1307   343 387642.327  337 2188 346434.288 390757.964  12.8%   751 1733s
  1308   343 389472.454  196 2249 346434.288 390756.123  12.8%   751 1736s
  1310   345 384392.344  465 2228 346434.288 390755.623  12.8%   750 1741s
  1311   345 383481.532  539 1938 346434.288 390751.844  12.8%   749 1761s
  1314   347 382480.713  660 2158 346434.288 390751.303  12.8%   747 1767s
H 1314   329                    346443.97270 390751.142  12.8%   747 1790s
H 1314   312                    346447.76956 390751.142  12.8%   747 1793s
H 1314   296                    346487.00005 390751.142  12.8%   747 1798s

Cutting planes:
  Gomory: 34
  Cover: 45
  Implied bound: 11
  MIR: 135
  Mixing: 1
  Flow cover: 352
  RLT: 1

Explored 1314 nodes (1338073 simplex iterations) in 1800.03 seconds (1963.31 work units)
Thread count was 1 (of 72 available processors)

Solution count 10: 346487 346487 346448 ... 345585

Time limit reached
Best objective 3.464870000456e+05, best bound 3.907511423946e+05, gap 12.7751%
