WARNING: Loading a SolverResults object with an 'aborted' status, but
containing a solution
WARNING: Loading a SolverResults object with an 'aborted' status, but
containing a solution
{"fhops_version": "1.0.1", "context": "ka", "size": "40", "sub_days": 14, "lock_days": 7, "solver": "gurobi", "threads": 1, "time_limit_s": 1800, "earliness_time_limit_s": 300, "wall_time_s": 2109.0296592712402}
	Command being timed: "/tmp/opencode/venv-fhops101-grb/bin/python scripts/probe_mip_window_v101.py ka 40 --sub 14 --lock 7 --solver gurobi --out data/output/rerun_v101_probe/gurobi/ka_40_sub14_lock7.json"
	User time (seconds): 2099.65
	System time (seconds): 4.88
	Percent of CPU this job got: 99%
	Elapsed (wall clock) time (h:mm:ss or m:ss): 35:10.47
	Average shared text size (kbytes): 0
	Average unshared data size (kbytes): 0
	Average stack size (kbytes): 0
	Average total size (kbytes): 0
	Maximum resident set size (kbytes): 704256
	Average resident set size (kbytes): 0
	Major (requiring I/O) page faults: 6
	Minor (reclaiming a frame) page faults: 4055061
	Voluntary context switches: 22238
	Involuntary context switches: 89362
	Swaps: 0
	File system inputs: 0
	File system outputs: 34394
	Socket messages sent: 0
	Socket messages received: 0
	Signals delivered: 0
	Page size (bytes): 4096
	Exit status: 0
