WARNING: Loading a SolverResults object with an 'aborted' status, but
containing a solution
WARNING: Loading a SolverResults object with an 'aborted' status, but
containing a solution
{"fhops_version": "1.0.1", "context": "ni", "size": "18", "sub_days": 14, "lock_days": 7, "solver": "gurobi", "threads": 1, "time_limit_s": 1800, "earliness_time_limit_s": 300, "wall_time_s": 2102.5714635849}
	Command being timed: "/tmp/opencode/venv-fhops101-grb/bin/python scripts/probe_mip_window_v101.py ni 18 --sub 14 --lock 7 --solver gurobi --out data/output/rerun_v101_probe/gurobi/ni_18_sub14_lock7.json"
	User time (seconds): 2095.38
	System time (seconds): 2.79
	Percent of CPU this job got: 99%
	Elapsed (wall clock) time (h:mm:ss or m:ss): 35:03.85
	Average shared text size (kbytes): 0
	Average unshared data size (kbytes): 0
	Average stack size (kbytes): 0
	Average total size (kbytes): 0
	Maximum resident set size (kbytes): 394556
	Average resident set size (kbytes): 0
	Major (requiring I/O) page faults: 30
	Minor (reclaiming a frame) page faults: 1837890
	Voluntary context switches: 22069
	Involuntary context switches: 88866
	Swaps: 0
	File system inputs: 0
	File system outputs: 9313
	Socket messages sent: 0
	Socket messages received: 0
	Signals delivered: 0
	Page size (bytes): 4096
	Exit status: 0
