WARNING: Loading a SolverResults object with an 'aborted' status, but
containing a solution
WARNING: Loading a SolverResults object with an 'aborted' status, but
containing a solution
{"fhops_version": "1.0.1", "context": "pg", "size": "40", "sub_days": 14, "lock_days": 7, "solver": "gurobi", "threads": 1, "time_limit_s": 1800, "earliness_time_limit_s": 300, "wall_time_s": 2109.0355200767517}
	Command being timed: "/tmp/opencode/venv-fhops101-grb/bin/python scripts/probe_mip_window_v101.py pg 40 --sub 14 --lock 7 --solver gurobi --out data/output/rerun_v101_probe/gurobi/pg_40_sub14_lock7.json"
	User time (seconds): 2095.87
	System time (seconds): 5.59
	Percent of CPU this job got: 99%
	Elapsed (wall clock) time (h:mm:ss or m:ss): 35:10.49
	Average shared text size (kbytes): 0
	Average unshared data size (kbytes): 0
	Average stack size (kbytes): 0
	Average total size (kbytes): 0
	Maximum resident set size (kbytes): 695648
	Average resident set size (kbytes): 0
	Major (requiring I/O) page faults: 0
	Minor (reclaiming a frame) page faults: 4894112
	Voluntary context switches: 22203
	Involuntary context switches: 133472
	Swaps: 0
	File system inputs: 0
	File system outputs: 34260
	Socket messages sent: 0
	Socket messages received: 0
	Signals delivered: 0
	Page size (bytes): 4096
	Exit status: 0
