FHOPS 1.0.1 @ None (/tmp/opencode/venv-fhops101/lib/python3.12/site-packages/fhops)
10 specs, 10 pending, workers=16
pools: large-MIP 0 specs x 6 workers; other 10 x 16
[1/10] ka_6_baseline_sa: ok
[2/10] ka_6_sub14_lock14_sa: ok
[3/10] ka_6_sub28_lock14_sa: ok
[4/10] ka_6_sub14_lock7_sa: ok
[5/10] ka_6_sub28_lock7_sa: ok
[6/10] ka_6_baseline_mip: ok
[7/10] ka_6_sub14_lock14_mip: ok
[8/10] ka_6_sub28_lock14_mip: ok
[9/10] ka_6_sub14_lock7_mip: ok
[10/10] ka_6_sub28_lock7_mip: ok
Wrote /home/gep/projects/jaffray-masc-fhops-model/data/output/rerun_v101_smoke/summary.csv (10 runs)
	Command being timed: "/tmp/opencode/venv-fhops101/bin/python scripts/rolling_rerun_v101.py --smoke --workers 16"
	User time (seconds): 590.04
	System time (seconds): 4.17
	Percent of CPU this job got: 294%
	Elapsed (wall clock) time (h:mm:ss or m:ss): 3:21.60
	Average shared text size (kbytes): 0
	Average unshared data size (kbytes): 0
	Average stack size (kbytes): 0
	Average total size (kbytes): 0
	Maximum resident set size (kbytes): 252288
	Average resident set size (kbytes): 0
	Major (requiring I/O) page faults: 1469
	Minor (reclaiming a frame) page faults: 1881865
	Voluntary context switches: 11615
	Involuntary context switches: 45015
	Swaps: 0
	File system inputs: 0
	File system outputs: 215
	Socket messages sent: 0
	Socket messages received: 0
	Signals delivered: 0
	Page size (bytes): 4096
	Exit status: 0
